16:33:23.214 detox[28790] B node_modules/.bin/detox test --config-path ./tests/e2e/mobile/detox.config.cjs --configuration android.emu.release tests/e2e/mobile/specs/password-reset.e2e.js --record-logs failing
  data: {
    "id": "1f58de0a-4aa5-b33d-0f55-23678b7c5476",
    "detoxConfig": {
      "configurationName": "android.emu.release",
      "apps": {
        "default": {
          "type": "android.apk",
          "binaryPath": "apps/mobile/android/app/build/outputs/apk/release/app-release.apk",
          "testBinaryPath": "apps/mobile/android/app/build/outputs/apk/androidTest/release/app-release-androidTest.apk",
          "build": "cd apps/mobile/android && ./gradlew assembleRelease assembleAndroidTest -DtestBuildType=release"
        }
      },
      "artifacts": {
        "rootDir": "artifacts/android.emu.release.2026-03-08 23-33-23Z",
        "plugins": {
          "log": {
            "enabled": true,
            "keepOnlyFailedTestsArtifacts": true
          },
          "screenshot": {
            "enabled": true,
            "shouldTakeAutomaticSnapshots": false,
            "keepOnlyFailedTestsArtifacts": false
          },
          "video": {
            "enabled": false,
            "keepOnlyFailedTestsArtifacts": false
          },
          "instruments": {
            "enabled": false,
            "keepOnlyFailedTestsArtifacts": false
          },
          "uiHierarchy": {
            "enabled": false,
            "keepOnlyFailedTestsArtifacts": false
          }
        }
      },
      "behavior": {
        "init": {
          "keepLockFile": false,
          "reinstallApp": true,
          "exposeGlobals": true
        },
        "cleanup": {
          "shutdownDevice": false
        },
        "launchApp": "auto"
      },
      "cli": {
        "recordLogs": "failing",
        "configPath": "./tests/e2e/mobile/detox.config.cjs",
        "configuration": "android.emu.release",
        "start": true
      },
      "commands": [
        {
          "appName": "default",
          "build": "cd apps/mobile/android && ./gradlew assembleRelease assembleAndroidTest -DtestBuildType=release"
        }
      ],
      "device": {
        "type": "android.emulator",
        "device": {
          "avdName": "Pixel_9"
        }
      },
      "logger": {
        "level": "info",
        "overrideConsole": true,
        "options": {
          "showLoggerName": true,
          "showPid": true,
          "showLevel": false,
          "showMetadata": false,
          "basepath": "/Users/coding/Projects/notes_brain/node_modules/detox/src",
          "prefixers": {},
          "stringifiers": {}
        }
      },
      "testRunner": {
        "retries": 0,
        "forwardEnv": false,
        "detached": false,
        "bail": false,
        "noRetryArgs": [
          "shard"
        ],
        "jest": {
          "setupTimeout": 180000,
          "teardownTimeout": 30000,
          "retryAfterCircusRetries": false,
          "reportWorkerAssign": true
        },
        "args": {
          "$0": "jest",
          "_": [
            "tests/e2e/mobile/specs/password-reset.e2e.js"
          ],
          "config": "tests/e2e/mobile/jest.config.cjs",
          "--": []
        }
      },
      "session": {
        "autoStart": true,
        "debugSynchronization": 10000
      }
    },
    "detoxIPCServer": "primary-28790",
    "testResults": [],
    "testSessionIndex": 0,
    "workersCount": 0
  }
16:33:23.220 detox[28790] i Server path not specified, so defaulting to ipc.config.socketRoot + ipc.config.appspace + ipc.config.id /tmp/detox.primary-28790
16:33:23.220 detox[28790] i starting server on  /tmp/detox.primary-28790 
16:33:23.220 detox[28790] i starting TLS server false
16:33:23.220 detox[28790] i starting server as Unix || Windows Socket
16:33:23.222 detox[28790] i Detox server listening on localhost:56844...
16:33:23.225 detox[28790] i Serialized the session state at: /private/var/folders/4z/mqqhpdps32j1l_chr_9wt8rw0000gp/T/1f58de0a-4aa5-b33d-0f55-23678b7c5476.detox.json
16:33:23.226 detox[28790] B DETOX_AVD_NAME="Pixel_9" jest --config tests/e2e/mobile/jest.config.cjs tests/e2e/mobile/specs/password-reset.e2e.js
16:33:23.227 detox[28790] i (node:28790) [DEP0190] DeprecationWarning: Passing args to a child process with shell option true can lead to security vulnerabilities, as the arguments are not escaped, only concatenated.
(Use `node --trace-deprecation ...` to show where the warning was created)
16:33:23.879 detox[28791] i Service path not specified, so defaulting to ipc.config.socketRoot + ipc.config.appspace + id 
16:33:23.880 detox[28791] i requested connection to  primary-28790 /tmp/detox.primary-28790
16:33:23.880 detox[28791] i Connecting client on Unix Socket : /tmp/detox.primary-28790
16:33:23.881 detox[28790] i ## socket connection to server detected ##
16:33:23.881 detox[28791] i retrying reset
16:33:23.881 detox[28791] i dispatching event to  primary-28790 /tmp/detox.primary-28790  :  registerContext , { id: 'secondary-28791' }
16:33:23.882 detox[28790] i received event of :  registerContext { id: 'secondary-28791' }
16:33:23.882 detox[28790] i dispatching event to socket  :  registerContextDone {
  testResults: [],
  testSessionIndex: 0,
  unsafe_earlyTeardown: undefined
}
16:33:23.882 detox[28791] i ## received events ##
16:33:23.882 detox[28791] i detected event registerContextDone { testResults: [], testSessionIndex: 0 }
16:33:23.963 detox[28791] B tests/e2e/mobile/specs/password-reset.e2e.js
16:33:23.978 detox[28791] B set up environment
16:33:23.979 detox[28791] i dispatching event to  primary-28790 /tmp/detox.primary-28790  :  registerWorker , { workerId: 'w1' }
16:33:23.980 detox[28790] i received event of :  registerWorker { workerId: 'w1' }
16:33:23.980 detox[28790] i dispatching event to socket  :  registerWorkerDone { workersCount: 1 }
16:33:23.980 detox[28790] i broadcasting event to all known sockets listening to  /tmp/detox.primary-28790  :   sessionStateUpdate { workersCount: 1 }
16:33:23.980 detox[28791] i ## received events ##
16:33:23.980 detox[28791] i detected event registerWorkerDone { workersCount: 1 }
16:33:24.130 detox[28791] i ## received events ##
16:33:24.131 detox[28791] i detected event sessionStateUpdate { workersCount: 1 }
16:33:24.133 detox[28790] B connection :56844<->:56845
16:33:24.134 detox[28791] i opened web socket to: ws://localhost:56844
16:33:24.135 detox[28791] i send message
  data: {"type":"login","params":{"sessionId":"bc2a7266-2b2e-6876-c8d6-436f054ff2b8","role":"tester"},"messageId":0}
16:33:24.136 detox[28790] i get
  data: {"type":"login","params":{"sessionId":"bc2a7266-2b2e-6876-c8d6-436f054ff2b8","role":"tester"},"messageId":0}
16:33:24.136 detox[28790] i created session bc2a7266-2b2e-6876-c8d6-436f054ff2b8
16:33:24.136 detox[28790] i send
  data: {
    "type": "loginSuccess",
    "params": {
      "testerConnected": true,
      "appConnected": false
    },
    "messageId": 0
  }
16:33:24.136 detox[28790] i tester joined session bc2a7266-2b2e-6876-c8d6-436f054ff2b8
16:33:24.137 detox[28791] i get message
  data: {"type":"loginSuccess","params":{"testerConnected":true,"appConnected":false},"messageId":0}
   
16:33:24.163 detox[28790] i received event of :  allocateDevice {
  deviceConfig: { type: 'android.emulator', device: { avdName: 'Pixel_9' } }
}
16:33:24.163 detox[28791] i dispatching event to  primary-28790 /tmp/detox.primary-28790  :  allocateDevice , {
  deviceConfig: { type: 'android.emulator', device: { avdName: 'Pixel_9' } }
}
16:33:24.178 detox[28790] B init
  args: ()
16:33:24.180 detox[28790] E init
16:33:24.180 detox[28790] B allocate
  data: {
    "type": "android.emulator",
    "device": {
      "avdName": "Pixel_9"
    }
  }
16:33:24.374 detox[28790] i Detected emulator binary version { major: 36, minor: 3, patch: 10, toString: [Function: toString] }
16:33:24.375 detox[28790] i "/Users/coding/Library/Android/sdk/platform-tools/adb"  devices
16:33:24.390 detox[28790] i List of devices attached
emulator-18696	device
emulator-5554	device


16:33:24.391 detox[28790] i port: 18696, host: localhost
16:33:24.400 detox[28790] i Found a matching & free device emulator-18696
16:33:24.400 detox[28790] i settled on emulator-18696 (Pixel_9)
  data: {
    "id": "emulator-18696",
    "adbName": "emulator-18696",
    "name": "emulator-18696 (Pixel_9)"
  }
16:33:24.400 detox[28790] E allocate
16:33:24.400 detox[28790] B post-allocate: emulator-18696
  data: {
    "id": "emulator-18696",
    "adbName": "emulator-18696",
    "name": "emulator-18696 (Pixel_9)"
  }
16:33:24.400 detox[28790] i "/Users/coding/Library/Android/sdk/platform-tools/adb" -s emulator-18696 shell "getprop dev.bootcomplete"
16:33:24.430 detox[28790] i 1

16:33:24.430 detox[28790] i "/Users/coding/Library/Android/sdk/platform-tools/adb" -s emulator-18696 shell "getprop ro.build.version.sdk"
16:33:24.455 detox[28790] i 36

16:33:24.455 detox[28790] i "/Users/coding/Library/Android/sdk/platform-tools/adb" -s emulator-18696 shell "settings put global animator_duration_scale 0"
16:33:24.488 detox[28790] i 
16:33:24.488 detox[28790] i "/Users/coding/Library/Android/sdk/platform-tools/adb" -s emulator-18696 shell "settings put global window_animation_scale 0"
16:33:24.515 detox[28790] i 
16:33:24.516 detox[28790] i "/Users/coding/Library/Android/sdk/platform-tools/adb" -s emulator-18696 shell "settings put global transition_animation_scale 0"
16:33:24.544 detox[28790] i 
16:33:24.544 detox[28790] i "/Users/coding/Library/Android/sdk/platform-tools/adb" -s emulator-18696 shell "dumpsys power | grep \"^[ ]*m[UW].*=\""
16:33:24.584 detox[28790] i   mWakefulness=Awake
  mWakefulnessChanging=false
  mUseAutoSuspend=true
  mWakeLockSummary=0x0
  mWakeUpWhenPluggedOrUnpluggedConfig=false
  mWakeUpWhenPluggedOrUnpluggedInTheaterModeConfig=false
  mUserActivityTimeoutOverrideFromWindowManager=-1
  mUserInactiveOverrideFromWindowManager=false
  mUseNormalBrightnessForDoze=false
  mUserId=0
  mWakeLockSummary=0x0
  mUserInteractionBackoffMillis=60000

16:33:24.584 detox[28790] E post-allocate: emulator-18696
16:33:24.584 detox[28790] i dispatching event to socket  :  allocateDeviceDone {
  deviceCookie: {
    id: 'emulator-18696',
    adbName: 'emulator-18696',
    name: 'emulator-18696 (Pixel_9)'
  }
}
16:33:24.584 detox[28791] i ## received events ##
16:33:24.584 detox[28791] i detected event allocateDeviceDone {
  deviceCookie: {
    id: 'emulator-18696',
    adbName: 'emulator-18696',
    name: 'emulator-18696 (Pixel_9)'
  }
}
16:33:24.604 detox[28791] B onBootDevice
  args: ({"deviceId":"emulator-18696"})
16:33:24.605 detox[28791] E onBootDevice
16:33:24.605 detox[28791] B installUtilBinaries
  args: ()
16:33:24.605 detox[28791] E installUtilBinaries
16:33:24.605 detox[28791] B selectApp
  args: ("default")
16:33:24.606 detox[28791] i "/Users/coding/Library/Android/sdk/build-tools/36.1.0/aapt" dump badging "/Users/coding/Projects/notes_brain/apps/mobile/android/app/build/outputs/apk/release/app-release.apk"
16:33:24.636 detox[28791] i package: name='com.notesbrain.echo' versionCode='1' versionName='1.0.0' platformBuildVersionName='16' platformBuildVersionCode='36' compileSdkVersion='36' compileSdkVersionCodename='16'
sdkVersion:'24'
targetSdkVersion:'36'
uses-permission: name='android.permission.INTERNET'
uses-permission: name='android.permission.MODIFY_AUDIO_SETTINGS'
uses-permission: name='android.permission.READ_EXTERNAL_STORAGE'
uses-permission: name='android.permission.RECORD_AUDIO'
uses-permission: name='android.permission.SYSTEM_ALERT_WINDOW'
uses-permission: name='android.permission.VIBRATE'
uses-permission: name='android.permission.WRITE_EXTERNAL_STORAGE'
uses-permission: name='android.permission.ACCESS_NETWORK_STATE'
uses-permission: name='android.permission.ACCESS_WIFI_STATE'
uses-permission: name='android.permission.FOREGROUND_SERVICE'
uses-permission: name='android.permission.FOREGROUND_SERVICE_MEDIA_PLAYBACK'
uses-permission: name='android.permission.RECEIVE_BOOT_COMPLETED'
uses-permission: name='android.permission.POST_NOTIFICATIONS'
uses-permission: name='android.permission.WAKE_LOCK'
uses-permission: name='com.google.android.c2dm.permission.RECEIVE'
uses-permission: name='android.permission.USE_BIOMETRIC'
uses-permission: name='android.permission.USE_FINGERPRINT'
uses-permission: name='com.notesbrain.echo.DYNAMIC_RECEIVER_NOT_EXPORTED_PERMISSION'
uses-permission: name='com.google.android.finsky.permission.BIND_GET_INSTALL_REFERRER_SERVICE'
uses-permission: name='com.sec.android.provider.badge.permission.READ'
uses-permission: name='com.sec.android.provider.badge.permission.WRITE'
uses-permission: name='com.htc.launcher.permission.READ_SETTINGS'
uses-permission: name='com.htc.launcher.permission.UPDATE_SHORTCUT'
uses-permission: name='com.sonyericsson.home.permission.BROADCAST_BADGE'
uses-permission: name='com.sonymobile.home.permission.PROVIDER_INSERT_BADGE'
uses-permission: name='com.anddoes.launcher.permission.UPDATE_COUNT'
uses-permission: name='com.majeur.launcher.permission.UPDATE_BADGE'
uses-permission: name='com.huawei.android.launcher.permission.CHANGE_BADGE'
uses-permission: name='com.huawei.android.launcher.permission.READ_SETTINGS'
uses-permission: name='com.huawei.android.launcher.permission.WRITE_SETTINGS'
uses-permission: name='android.permission.READ_APP_BADGE'
uses-permission: name='com.oppo.launcher.permission.READ_SETTINGS'
uses-permission: name='com.oppo.launcher.permission.WRITE_SETTINGS'
uses-permission: name='me.everything.badger.permission.BADGE_COUNT_READ'
uses-permission: name='me.everything.badger.permission.BADGE_COUNT_WRITE'
application-label:'Echo'
application-label-af:'Echo'
application-label-am:'Echo'
application-label-ar:'Echo'
application-label-as:'Echo'
application-label-az:'Echo'
application-label-be:'Echo'
application-label-bg:'Echo'
application-label-bn:'Echo'
application-label-bs:'Echo'
application-label-ca:'Echo'
application-label-cs:'Echo'
application-label-da:'Echo'
application-label-de:'Echo'
application-label-el:'Echo'
application-label-en-AU:'Echo'
application-label-en-CA:'Echo'
application-label-en-GB:'Echo'
application-label-en-IN:'Echo'
application-label-en-XC:'Echo'
application-label-es:'Echo'
application-label-es-419:'Echo'
application-label-es-ES:'Echo'
application-label-es-US:'Echo'
application-label-et:'Echo'
application-label-eu:'Echo'
application-label-fa:'Echo'
application-label-fi:'Echo'
application-label-fr:'Echo'
application-label-fr-CA:'Echo'
application-label-gl:'Echo'
application-label-gu:'Echo'
application-label-hi:'Echo'
application-label-hr:'Echo'
application-label-hu:'Echo'
application-label-hy:'Echo'
application-label-in:'Echo'
application-label-is:'Echo'
application-label-it:'Echo'
application-label-iw:'Echo'
application-label-ja:'Echo'
application-label-ka:'Echo'
application-label-kk:'Echo'
application-label-km:'Echo'
application-label-kn:'Echo'
application-label-ko:'Echo'
application-label-ky:'Echo'
application-label-lo:'Echo'
application-label-lt:'Echo'
application-label-lv:'Echo'
application-label-mk:'Echo'
application-label-ml:'Echo'
application-label-mn:'Echo'
application-label-mr:'Echo'
application-label-ms:'Echo'
application-label-my:'Echo'
application-label-nb:'Echo'
application-label-ne:'Echo'
application-label-nl:'Echo'
application-label-or:'Echo'
application-label-pa:'Echo'
application-label-pl:'Echo'
application-label-pt:'Echo'
application-label-pt-BR:'Echo'
application-label-pt-PT:'Echo'
application-label-ro:'Echo'
application-label-ru:'Echo'
application-label-si:'Echo'
application-label-sk:'Echo'
application-label-sl:'Echo'
application-label-sq:'Echo'
application-label-sr:'Echo'
application-label-sr-Latn:'Echo'
application-label-sv:'Echo'
application-label-sw:'Echo'
application-label-ta:'Echo'
application-label-te:'Echo'
application-label-th:'Echo'
application-label-tl:'Echo'
application-label-tr:'Echo'
application-label-uk:'Echo'
application-label-ur:'Echo'
application-label-uz:'Echo'
application-label-vi:'Echo'
application-label-zh-CN:'Echo'
application-label-zh-HK:'Echo'
application-label-zh-TW:'Echo'
application-label-zu:'Echo'
application-icon-120:'res/BW.xml'
application-icon-160:'res/BW.xml'
application-icon-240:'res/BW.xml'
application-icon-320:'res/BW.xml'
application-icon-480:'res/BW.xml'
application-icon-640:'res/BW.xml'
application-icon-65534:'res/BW.xml'
application: label='Echo' icon='res/BW.xml'
launchable-activity: name='com.notesbrain.echo.MainActivity'  label='' icon=''
feature-group: label=''
  uses-feature: name='android.hardware.faketouch'
  uses-implied-feature: name='android.hardware.faketouch' reason='default feature for all apps'
  uses-feature: name='android.hardware.microphone'
  uses-implied-feature: name='android.hardware.microphone' reason='requested android.permission.RECORD_AUDIO permission'
  uses-feature: name='android.hardware.screen.portrait'
  uses-implied-feature: name='android.hardware.screen.portrait' reason='one or more activities have specified a portrait orientation'
  uses-feature: name='android.hardware.wifi'
  uses-implied-feature: name='android.hardware.wifi' reason='requested android.permission.ACCESS_WIFI_STATE permission'
main
other-activities
other-receivers
other-services
supports-screens: 'small' 'normal' 'large' 'xlarge'
supports-any-density: 'true'
locales: '--_--' 'af' 'am' 'ar' 'as' 'az' 'be' 'bg' 'bn' 'bs' 'ca' 'cs' 'da' 'de' 'el' 'en-AU' 'en-CA' 'en-GB' 'en-IN' 'en-XC' 'es' 'es-419' 'es-ES' 'es-US' 'et' 'eu' 'fa' 'fi' 'fr' 'fr-CA' 'gl' 'gu' 'hi' 'hr' 'hu' 'hy' 'in' 'is' 'it' 'iw' 'ja' 'ka' 'kk' 'km' 'kn' 'ko' 'ky' 'lo' 'lt' 'lv' 'mk' 'ml' 'mn' 'mr' 'ms' 'my' 'nb' 'ne' 'nl' 'or' 'pa' 'pl' 'pt' 'pt-BR' 'pt-PT' 'ro' 'ru' 'si' 'sk' 'sl' 'sq' 'sr' 'sr-Latn' 'sv' 'sw' 'ta' 'te' 'th' 'tl' 'tr' 'uk' 'ur' 'uz' 'vi' 'zh-CN' 'zh-HK' 'zh-TW' 'zu'
densities: '120' '160' '240' '320' '480' '640' '65534'
native-code: 'arm64-v8a' 'armeabi-v7a' 'x86' 'x86_64'

16:33:24.637 detox[28791] E selectApp
16:33:24.637 detox[28791] B uninstallApp
  args: ()
16:33:24.637 detox[28791] B onBeforeUninstallApp
  args: ({"deviceId":"emulator-18696","bundleId":"com.notesbrain.echo"})
16:33:24.637 detox[28791] E onBeforeUninstallApp
16:33:24.637 detox[28791] i "/Users/coding/Library/Android/sdk/platform-tools/adb" -s emulator-18696 shell "pm list packages com.notesbrain.echo"
16:33:24.668 detox[28791] i package:com.notesbrain.echo.test
package:com.notesbrain.echo

16:33:24.668 detox[28791] i "/Users/coding/Library/Android/sdk/platform-tools/adb" -s emulator-18696 uninstall com.notesbrain.echo
16:33:24.742 detox[28791] i Success

16:33:24.742 detox[28791] i "/Users/coding/Library/Android/sdk/platform-tools/adb" -s emulator-18696 shell "pm list packages com.notesbrain.echo.test"
16:33:24.816 detox[28791] i package:com.notesbrain.echo.test

16:33:24.816 detox[28791] i "/Users/coding/Library/Android/sdk/platform-tools/adb" -s emulator-18696 uninstall com.notesbrain.echo.test
16:33:24.937 detox[28791] i Success

16:33:24.937 detox[28791] E uninstallApp
16:33:24.937 detox[28791] B selectApp
  args: ("default")
16:33:24.937 detox[28791] B terminateApp
  args: ()
16:33:24.937 detox[28791] B onBeforeTerminateApp
  args: ({"deviceId":"emulator-18696","bundleId":"com.notesbrain.echo"})
16:33:24.938 detox[28791] E onBeforeTerminateApp
16:33:24.938 detox[28791] i "/Users/coding/Library/Android/sdk/platform-tools/adb" -s emulator-18696 shell "am force-stop com.notesbrain.echo"
16:33:25.089 detox[28791] i 
16:33:25.089 detox[28791] B onTerminateApp
  args: ({"deviceId":"emulator-18696","bundleId":"com.notesbrain.echo"})
16:33:25.089 detox[28791] E onTerminateApp
16:33:25.089 detox[28791] E terminateApp
16:33:25.089 detox[28791] E selectApp
16:33:25.089 detox[28791] B installApp
  args: ()
16:33:25.090 detox[28791] i "/Users/coding/Library/Android/sdk/build-tools/36.1.0/aapt" dump xmlstrings "/Users/coding/Projects/notes_brain/apps/mobile/android/app/build/outputs/apk/release/app-release.apk" AndroidManifest.xml
16:33:25.105 detox[28791] i String pool of 190 unique UTF-16 non-sorted strings, 190 entries and 0 styles using 14400 bytes:
String #0: theme
String #1: label
String #2: icon
String #3: name
String #4: permission
String #5: protectionLevel
String #6: enabled
String #7: exported
String #8: taskAffinity
String #9: excludeFromRecents
String #10: authorities
String #11: initOrder
String #12: grantUriPermissions
String #13: priority
String #14: launchMode
String #15: screenOrientation
String #16: configChanges
String #17: value
String #18: resource
String #19: mimeType
String #20: scheme
String #21: minSdkVersion
String #22: versionCode
String #23: versionName
String #24: windowSoftInputMode
String #25: noHistory
String #26: targetSdkVersion
String #27: allowBackup
String #28: supportsRtl
String #29: extractNativeLibs
String #30: fullBackupContent
String #31: usesCleartextTraffic
String #32: directBootAware
String #33: roundIcon
String #34: compileSdkVersion
String #35: compileSdkVersionCodename
String #36: appComponentFactory
String #37: foregroundServiceType
String #38: dataExtractionRules
String #39: enableOnBackInvokedCallback
String #40: 
String #41: 1.0.0
String #42: 16
String #43: ALWAYS
String #44: action
String #45: activity
String #46: android
String #47: android.intent.action.BOOT_COMPLETED
String #48: android.intent.action.MAIN
String #49: android.intent.action.MY_PACKAGE_REPLACED
String #50: android.intent.action.OPEN_DOCUMENT_TREE
String #51: android.intent.action.QUICKBOOT_POWERON
String #52: android.intent.action.REBOOT
String #53: android.intent.action.SEND
String #54: android.intent.action.SEND_MULTIPLE
String #55: android.intent.action.VIEW
String #56: android.intent.category.BROWSABLE
String #57: android.intent.category.DEFAULT
String #58: android.intent.category.LAUNCHER
String #59: android.permission.ACCESS_NETWORK_STATE
String #60: android.permission.ACCESS_WIFI_STATE
String #61: android.permission.BIND_JOB_SERVICE
String #62: android.permission.DUMP
String #63: android.permission.FOREGROUND_SERVICE
String #64: android.permission.FOREGROUND_SERVICE_MEDIA_PLAYBACK
String #65: android.permission.INTERNET
String #66: android.permission.MODIFY_AUDIO_SETTINGS
String #67: android.permission.POST_NOTIFICATIONS
String #68: android.permission.READ_APP_BADGE
String #69: android.permission.READ_EXTERNAL_STORAGE
String #70: android.permission.RECEIVE_BOOT_COMPLETED
String #71: android.permission.RECORD_AUDIO
String #72: android.permission.SYSTEM_ALERT_WINDOW
String #73: android.permission.USE_BIOMETRIC
String #74: android.permission.USE_FINGERPRINT
String #75: android.permission.VIBRATE
String #76: android.permission.WAKE_LOCK
String #77: android.permission.WRITE_EXTERNAL_STORAGE
String #78: android.support.FILE_PROVIDER_PATHS
String #79: androidx.compose.ui.tooling.PreviewActivity
String #80: androidx.core.app.CoreComponentFactory
String #81: androidx.emoji2.text.EmojiCompatInitializer
String #82: androidx.lifecycle.ProcessLifecycleInitializer
String #83: androidx.media3.session.MediaSessionService
String #84: androidx.profileinstaller.ProfileInstallReceiver
String #85: androidx.profileinstaller.ProfileInstallerInitializer
String #86: androidx.profileinstaller.action.BENCHMARK_OPERATION
String #87: androidx.profileinstaller.action.INSTALL_PROFILE
String #88: androidx.profileinstaller.action.SAVE_PROFILE
String #89: androidx.profileinstaller.action.SKIP_FILE
String #90: androidx.startup
String #91: androidx.startup.InitializationProvider
String #92: application
String #93: application/pdf
String #94: backend:com.google.android.datatransport.cct.CctBackendFactory
String #95: barcode_ui
String #96: category
String #97: cct
String #98: com.anddoes.launcher.permission.UPDATE_COUNT
String #99: com.facebook.soloader.enabled
String #100: com.google.android.c2dm.intent.RECEIVE
String #101: com.google.android.c2dm.permission.RECEIVE
String #102: com.google.android.c2dm.permission.SEND
String #103: com.google.android.datatransport.runtime.backends.TransportBackendDiscovery
String #104: com.google.android.datatransport.runtime.scheduling.jobscheduling.AlarmManagerSchedulerBroadcastReceiver
String #105: com.google.android.datatransport.runtime.scheduling.jobscheduling.JobInfoSchedulerService
String #106: com.google.android.finsky.permission.BIND_GET_INSTALL_REFERRER_SERVICE
String #107: com.google.android.gms.cloudmessaging.FINISHED_AFTER_HANDLED
String #108: com.google.android.gms.common.api.GoogleApiActivity
String #109: com.google.android.gms.version
String #110: com.google.firebase.MESSAGING_EVENT
String #111: com.google.firebase.components.ComponentDiscoveryService
String #112: com.google.firebase.components.ComponentRegistrar
String #113: com.google.firebase.components:com.google.firebase.FirebaseCommonKtxRegistrar
String #114: com.google.firebase.components:com.google.firebase.datatransport.TransportRegistrar
String #115: com.google.firebase.components:com.google.firebase.installations.FirebaseInstallationsKtxRegistrar
String #116: com.google.firebase.components:com.google.firebase.installations.FirebaseInstallationsRegistrar
String #117: com.google.firebase.components:com.google.firebase.ktx.FirebaseCommonLegacyRegistrar
String #118: com.google.firebase.components:com.google.firebase.messaging.FirebaseMessagingKtxRegistrar
String #119: com.google.firebase.components:com.google.firebase.messaging.FirebaseMessagingRegistrar
String #120: com.google.firebase.components:com.google.mlkit.common.internal.CommonComponentRegistrar
String #121: com.google.firebase.components:com.google.mlkit.vision.barcode.internal.BarcodeRegistrar
String #122: com.google.firebase.components:com.google.mlkit.vision.common.internal.VisionCommonRegistrar
String #123: com.google.firebase.iid.FirebaseInstanceIdReceiver
String #124: com.google.firebase.messaging.FirebaseMessagingService
String #125: com.google.firebase.messaging.default_notification_color
String #126: com.google.firebase.messaging.default_notification_icon
String #127: com.google.firebase.provider.FirebaseInitProvider
String #128: com.google.mlkit.common.internal.MlKitComponentDiscoveryService
String #129: com.google.mlkit.common.internal.MlKitInitProvider
String #130: com.google.mlkit.vision.DEPENDENCIES
String #131: com.google.mlkit.vision.codescanner.internal.GmsBarcodeScanningDelegateActivity
String #132: com.htc.intent.action.QUICKBOOT_POWERON
String #133: com.htc.launcher.permission.READ_SETTINGS
String #134: com.htc.launcher.permission.UPDATE_SHORTCUT
String #135: com.huawei.android.launcher.permission.CHANGE_BADGE
String #136: com.huawei.android.launcher.permission.READ_SETTINGS
String #137: com.huawei.android.launcher.permission.WRITE_SETTINGS
String #138: com.majeur.launcher.permission.UPDATE_BADGE
String #139: com.notesbrain.echo
String #140: com.notesbrain.echo.DYNAMIC_RECEIVER_NOT_EXPORTED_PERMISSION
String #141: com.notesbrain.echo.FileSystemFileProvider
String #142: com.notesbrain.echo.MainActivity
String #143: com.notesbrain.echo.MainApplication
String #144: com.notesbrain.echo.androidx-startup
String #145: com.notesbrain.echo.firebaseinitprovider
String #146: com.notesbrain.echo.mlkitinitprovider
String #147: com.oppo.launcher.permission.READ_SETTINGS
String #148: com.oppo.launcher.permission.WRITE_SETTINGS
String #149: com.sec.android.provider.badge.permission.READ
String #150: com.sec.android.provider.badge.permission.WRITE
String #151: com.sonyericsson.home.permission.BROADCAST_BADGE
String #152: com.sonymobile.home.permission.PROVIDER_INSERT_BADGE
String #153: data
String #154: echo
String #155: exp+echo
String #156: expo.modules.adapters.react.apploader.RNHeadlessAppLoader
String #157: expo.modules.audio.service.AudioControlsService
String #158: expo.modules.audio.service.AudioRecordingService
String #159: expo.modules.filesystem.FileSystemFileProvider
String #160: expo.modules.notifications.NOTIFICATION_EVENT
String #161: expo.modules.notifications.default_notification_color
String #162: expo.modules.notifications.default_notification_icon
String #163: expo.modules.notifications.service.ExpoFirebaseMessagingService
String #164: expo.modules.notifications.service.NotificationForwarderActivity
String #165: expo.modules.notifications.service.NotificationsService
String #166: expo.modules.updates.ENABLED
String #167: expo.modules.updates.EXPO_UPDATES_CHECK_ON_LAUNCH
String #168: expo.modules.updates.EXPO_UPDATES_LAUNCH_WAIT_MS
String #169: http://schemas.android.com/apk/res/android
String #170: https
String #171: image/*
String #172: intent
String #173: intent-filter
String #174: manifest
String #175: me.everything.badger.permission.BADGE_COUNT_READ
String #176: me.everything.badger.permission.BADGE_COUNT_WRITE
String #177: meta-data
String #178: org.unimodules.core.AppLoader#react-native-headless
String #179: package
String #180: permission
String #181: platformBuildVersionCode
String #182: platformBuildVersionName
String #183: provider
String #184: queries
String #185: receiver
String #186: service
String #187: text/*
String #188: uses-permission
String #189: uses-sdk

16:33:25.105 detox[28791] i "/Users/coding/Library/Android/sdk/build-tools/36.1.0/aapt" dump xmlstrings "/Users/coding/Projects/notes_brain/apps/mobile/android/app/build/outputs/apk/androidTest/release/app-release-androidTest.apk" AndroidManifest.xml
16:33:25.122 detox[28791] i String pool of 42 unique UTF-16 non-sorted strings, 42 entries and 0 styles using 2112 bytes:
String #0: theme
String #1: label
String #2: name
String #3: exported
String #4: priority
String #5: targetPackage
String #6: handleProfiling
String #7: functionalTest
String #8: minSdkVersion
String #9: targetSdkVersion
String #10: extractNativeLibs
String #11: compileSdkVersion
String #12: compileSdkVersionCodename
String #13: 16
String #14: Tests for com.notesbrain.echo
String #15: activity
String #16: android
String #17: android.intent.category.LAUNCHER
String #18: android.permission.REORDER_TASKS
String #19: android.test.runner
String #20: androidx.test.core.app.InstrumentationActivityInvoker$BootstrapActivity
String #21: androidx.test.core.app.InstrumentationActivityInvoker$EmptyActivity
String #22: androidx.test.core.app.InstrumentationActivityInvoker$EmptyFloatingActivity
String #23: androidx.test.orchestrator
String #24: androidx.test.runner.AndroidJUnitRunner
String #25: androidx.test.services
String #26: application
String #27: category
String #28: com.google.android.apps.common.testing.services
String #29: com.notesbrain.echo
String #30: com.notesbrain.echo.test
String #31: http://schemas.android.com/apk/res/android
String #32: instrumentation
String #33: intent-filter
String #34: manifest
String #35: package
String #36: platformBuildVersionCode
String #37: platformBuildVersionName
String #38: queries
String #39: uses-library
String #40: uses-permission
String #41: uses-sdk

16:33:25.123 detox[28791] i "/Users/coding/Library/Android/sdk/platform-tools/adb" -s emulator-18696 shell "rm -fr /data/local/tmp/detox"
16:33:25.167 detox[28791] i 
16:33:25.167 detox[28791] i "/Users/coding/Library/Android/sdk/platform-tools/adb" -s emulator-18696 shell "mkdir -p /data/local/tmp/detox"
16:33:25.208 detox[28791] i 
16:33:25.208 detox[28791] i "/Users/coding/Library/Android/sdk/platform-tools/adb" -s emulator-18696 push "/Users/coding/Projects/notes_brain/apps/mobile/android/app/build/outputs/apk/release/app-release.apk" "/data/local/tmp/detox/Application.apk"
16:33:25.588 detox[28791] i /Users/coding/Projects/notes_brain/apps/mobile/android/app/build/outputs/apk/release/app-release.apk: 1 file pushed, 0 skipped. 326.9 MB/s (102273261 bytes in 0.298s)

16:33:25.588 detox[28791] i "/Users/coding/Library/Android/sdk/platform-tools/adb" -s emulator-18696 shell "getprop ro.build.version.sdk"
16:33:25.630 detox[28791] i 36

16:33:25.631 detox[28791] i /Users/coding/Library/Android/sdk/platform-tools/adb -s emulator-18696 shell pm install -r -g -t /data/local/tmp/detox/Application.apk
16:33:26.819 detox[28791] i Success

16:33:26.822 detox[28791] i /Users/coding/Library/Android/sdk/platform-tools/adb -s emulator-18696 shell pm install -r -g -t /data/local/tmp/detox/Application.apk exited with code #0
16:33:26.822 detox[28791] i "/Users/coding/Library/Android/sdk/platform-tools/adb" -s emulator-18696 push "/Users/coding/Projects/notes_brain/apps/mobile/android/app/build/outputs/apk/androidTest/release/app-release-androidTest.apk" "/data/local/tmp/detox/Test.apk"
16:33:26.877 detox[28791] i /Users/coding/Projects/notes_brain/apps/mobile/android/app/build/outputs/apk/androidTest/release/app-release-androidTest.apk: 1 file pushed, 0 skipped. 194.1 MB/s (3215302 bytes in 0.016s)

16:33:26.877 detox[28791] i /Users/coding/Library/Android/sdk/platform-tools/adb -s emulator-18696 shell pm install -r -g -t /data/local/tmp/detox/Test.apk
16:33:27.235 detox[28791] i Success

16:33:27.238 detox[28791] i /Users/coding/Library/Android/sdk/platform-tools/adb -s emulator-18696 shell pm install -r -g -t /data/local/tmp/detox/Test.apk exited with code #0
16:33:27.238 detox[28791] E installApp
16:33:27.239 detox[28791] B selectApp
  args: ("default")
16:33:27.239 detox[28791] B terminateApp
  args: ()
16:33:27.239 detox[28791] B onBeforeTerminateApp
  args: ({"deviceId":"emulator-18696","bundleId":"com.notesbrain.echo"})
16:33:27.239 detox[28791] E onBeforeTerminateApp
16:33:27.239 detox[28791] i "/Users/coding/Library/Android/sdk/platform-tools/adb" -s emulator-18696 shell "am force-stop com.notesbrain.echo"
16:33:27.315 detox[28791] i 
16:33:27.315 detox[28791] B onTerminateApp
  args: ({"deviceId":"emulator-18696","bundleId":"com.notesbrain.echo"})
16:33:27.315 detox[28791] E onTerminateApp
16:33:27.315 detox[28791] E terminateApp
16:33:27.315 detox[28791] E selectApp
16:33:27.315 detox[28791] E set up environment
16:33:27.423 detox[28791] i password-reset.e2e.js is assigned to emulator-18696 (Pixel_9)
16:33:27.423 detox[28791] B run the tests
16:33:27.424 detox[28791] B onRunDescribeStart
  args: ({"name":"ROOT_DESCRIBE_BLOCK"})
16:33:27.424 detox[28791] E onRunDescribeStart
16:33:27.424 detox[28791] B mobile e2e: password reset
16:33:27.424 detox[28791] B onRunDescribeStart
  args: ({"name":"mobile e2e: password reset"})
16:33:27.424 detox[28791] E onRunDescribeStart
16:33:27.425 detox[28791] B requests a password reset email from the login screen
16:33:27.425 detox[28791] i mobile e2e: password reset: requests a password reset email from the login screen
16:33:27.425 detox[28791] B onTestStart
  args: ({"title":"requests a password reset email from the login screen","fullName":"mobile e2e: password reset requests a password reset email from the login screen","status":"running","invocations":1})
16:33:27.426 detox[28791] i starting ADBLogcatRecording
16:33:27.427 detox[28791] i /Users/coding/Library/Android/sdk/platform-tools/adb -s emulator-18696 shell "logcat -f /sdcard/163324159_0.log"
16:33:27.427 detox[28791] E onTestStart
16:33:27.427 detox[28791] B beforeEach
16:33:27.427 detox[28791] E beforeEach
16:33:27.427 detox[28791] B beforeEach
16:33:27.429 detox[28791] B launchApp
  args: ({"newInstance":true,"delete":true})
16:33:27.430 detox[28791] B terminateApp
  args: ("com.notesbrain.echo")
16:33:27.430 detox[28791] B onBeforeTerminateApp
  args: ({"deviceId":"emulator-18696","bundleId":"com.notesbrain.echo"})
16:33:27.430 detox[28791] E onBeforeTerminateApp
16:33:27.430 detox[28791] i "/Users/coding/Library/Android/sdk/platform-tools/adb" -s emulator-18696 shell "am force-stop com.notesbrain.echo"
16:33:27.471 detox[28791] i 
16:33:27.472 detox[28791] B onTerminateApp
  args: ({"deviceId":"emulator-18696","bundleId":"com.notesbrain.echo"})
16:33:27.472 detox[28791] E onTerminateApp
16:33:27.472 detox[28791] E terminateApp
16:33:27.472 detox[28791] B uninstallApp
  args: ()
16:33:27.472 detox[28791] B onBeforeUninstallApp
  args: ({"deviceId":"emulator-18696","bundleId":"com.notesbrain.echo"})
16:33:27.472 detox[28791] E onBeforeUninstallApp
16:33:27.472 detox[28791] i "/Users/coding/Library/Android/sdk/platform-tools/adb" -s emulator-18696 shell "pm list packages com.notesbrain.echo"
16:33:27.510 detox[28791] i package:com.notesbrain.echo.test
package:com.notesbrain.echo

16:33:27.510 detox[28791] i "/Users/coding/Library/Android/sdk/platform-tools/adb" -s emulator-18696 uninstall com.notesbrain.echo
16:33:27.568 detox[28791] i Success

16:33:27.568 detox[28791] i "/Users/coding/Library/Android/sdk/platform-tools/adb" -s emulator-18696 shell "pm list packages com.notesbrain.echo.test"
16:33:27.613 detox[28791] i package:com.notesbrain.echo.test

16:33:27.614 detox[28791] i "/Users/coding/Library/Android/sdk/platform-tools/adb" -s emulator-18696 uninstall com.notesbrain.echo.test
16:33:27.711 detox[28791] i Success

16:33:27.711 detox[28791] E uninstallApp
16:33:27.712 detox[28791] B installApp
  args: ()
16:33:27.712 detox[28791] i "/Users/coding/Library/Android/sdk/build-tools/36.1.0/aapt" dump xmlstrings "/Users/coding/Projects/notes_brain/apps/mobile/android/app/build/outputs/apk/release/app-release.apk" AndroidManifest.xml
16:33:27.725 detox[28791] i String pool of 190 unique UTF-16 non-sorted strings, 190 entries and 0 styles using 14400 bytes:
String #0: theme
String #1: label
String #2: icon
String #3: name
String #4: permission
String #5: protectionLevel
String #6: enabled
String #7: exported
String #8: taskAffinity
String #9: excludeFromRecents
String #10: authorities
String #11: initOrder
String #12: grantUriPermissions
String #13: priority
String #14: launchMode
String #15: screenOrientation
String #16: configChanges
String #17: value
String #18: resource
String #19: mimeType
String #20: scheme
String #21: minSdkVersion
String #22: versionCode
String #23: versionName
String #24: windowSoftInputMode
String #25: noHistory
String #26: targetSdkVersion
String #27: allowBackup
String #28: supportsRtl
String #29: extractNativeLibs
String #30: fullBackupContent
String #31: usesCleartextTraffic
String #32: directBootAware
String #33: roundIcon
String #34: compileSdkVersion
String #35: compileSdkVersionCodename
String #36: appComponentFactory
String #37: foregroundServiceType
String #38: dataExtractionRules
String #39: enableOnBackInvokedCallback
String #40: 
String #41: 1.0.0
String #42: 16
String #43: ALWAYS
String #44: action
String #45: activity
String #46: android
String #47: android.intent.action.BOOT_COMPLETED
String #48: android.intent.action.MAIN
String #49: android.intent.action.MY_PACKAGE_REPLACED
String #50: android.intent.action.OPEN_DOCUMENT_TREE
String #51: android.intent.action.QUICKBOOT_POWERON
String #52: android.intent.action.REBOOT
String #53: android.intent.action.SEND
String #54: android.intent.action.SEND_MULTIPLE
String #55: android.intent.action.VIEW
String #56: android.intent.category.BROWSABLE
String #57: android.intent.category.DEFAULT
String #58: android.intent.category.LAUNCHER
String #59: android.permission.ACCESS_NETWORK_STATE
String #60: android.permission.ACCESS_WIFI_STATE
String #61: android.permission.BIND_JOB_SERVICE
String #62: android.permission.DUMP
String #63: android.permission.FOREGROUND_SERVICE
String #64: android.permission.FOREGROUND_SERVICE_MEDIA_PLAYBACK
String #65: android.permission.INTERNET
String #66: android.permission.MODIFY_AUDIO_SETTINGS
String #67: android.permission.POST_NOTIFICATIONS
String #68: android.permission.READ_APP_BADGE
String #69: android.permission.READ_EXTERNAL_STORAGE
String #70: android.permission.RECEIVE_BOOT_COMPLETED
String #71: android.permission.RECORD_AUDIO
String #72: android.permission.SYSTEM_ALERT_WINDOW
String #73: android.permission.USE_BIOMETRIC
String #74: android.permission.USE_FINGERPRINT
String #75: android.permission.VIBRATE
String #76: android.permission.WAKE_LOCK
String #77: android.permission.WRITE_EXTERNAL_STORAGE
String #78: android.support.FILE_PROVIDER_PATHS
String #79: androidx.compose.ui.tooling.PreviewActivity
String #80: androidx.core.app.CoreComponentFactory
String #81: androidx.emoji2.text.EmojiCompatInitializer
String #82: androidx.lifecycle.ProcessLifecycleInitializer
String #83: androidx.media3.session.MediaSessionService
String #84: androidx.profileinstaller.ProfileInstallReceiver
String #85: androidx.profileinstaller.ProfileInstallerInitializer
String #86: androidx.profileinstaller.action.BENCHMARK_OPERATION
String #87: androidx.profileinstaller.action.INSTALL_PROFILE
String #88: androidx.profileinstaller.action.SAVE_PROFILE
String #89: androidx.profileinstaller.action.SKIP_FILE
String #90: androidx.startup
String #91: androidx.startup.InitializationProvider
String #92: application
String #93: application/pdf
String #94: backend:com.google.android.datatransport.cct.CctBackendFactory
String #95: barcode_ui
String #96: category
String #97: cct
String #98: com.anddoes.launcher.permission.UPDATE_COUNT
String #99: com.facebook.soloader.enabled
String #100: com.google.android.c2dm.intent.RECEIVE
String #101: com.google.android.c2dm.permission.RECEIVE
String #102: com.google.android.c2dm.permission.SEND
String #103: com.google.android.datatransport.runtime.backends.TransportBackendDiscovery
String #104: com.google.android.datatransport.runtime.scheduling.jobscheduling.AlarmManagerSchedulerBroadcastReceiver
String #105: com.google.android.datatransport.runtime.scheduling.jobscheduling.JobInfoSchedulerService
String #106: com.google.android.finsky.permission.BIND_GET_INSTALL_REFERRER_SERVICE
String #107: com.google.android.gms.cloudmessaging.FINISHED_AFTER_HANDLED
String #108: com.google.android.gms.common.api.GoogleApiActivity
String #109: com.google.android.gms.version
String #110: com.google.firebase.MESSAGING_EVENT
String #111: com.google.firebase.components.ComponentDiscoveryService
String #112: com.google.firebase.components.ComponentRegistrar
String #113: com.google.firebase.components:com.google.firebase.FirebaseCommonKtxRegistrar
String #114: com.google.firebase.components:com.google.firebase.datatransport.TransportRegistrar
String #115: com.google.firebase.components:com.google.firebase.installations.FirebaseInstallationsKtxRegistrar
String #116: com.google.firebase.components:com.google.firebase.installations.FirebaseInstallationsRegistrar
String #117: com.google.firebase.components:com.google.firebase.ktx.FirebaseCommonLegacyRegistrar
String #118: com.google.firebase.components:com.google.firebase.messaging.FirebaseMessagingKtxRegistrar
String #119: com.google.firebase.components:com.google.firebase.messaging.FirebaseMessagingRegistrar
String #120: com.google.firebase.components:com.google.mlkit.common.internal.CommonComponentRegistrar
String #121: com.google.firebase.components:com.google.mlkit.vision.barcode.internal.BarcodeRegistrar
String #122: com.google.firebase.components:com.google.mlkit.vision.common.internal.VisionCommonRegistrar
String #123: com.google.firebase.iid.FirebaseInstanceIdReceiver
String #124: com.google.firebase.messaging.FirebaseMessagingService
String #125: com.google.firebase.messaging.default_notification_color
String #126: com.google.firebase.messaging.default_notification_icon
String #127: com.google.firebase.provider.FirebaseInitProvider
String #128: com.google.mlkit.common.internal.MlKitComponentDiscoveryService
String #129: com.google.mlkit.common.internal.MlKitInitProvider
String #130: com.google.mlkit.vision.DEPENDENCIES
String #131: com.google.mlkit.vision.codescanner.internal.GmsBarcodeScanningDelegateActivity
String #132: com.htc.intent.action.QUICKBOOT_POWERON
String #133: com.htc.launcher.permission.READ_SETTINGS
String #134: com.htc.launcher.permission.UPDATE_SHORTCUT
String #135: com.huawei.android.launcher.permission.CHANGE_BADGE
String #136: com.huawei.android.launcher.permission.READ_SETTINGS
String #137: com.huawei.android.launcher.permission.WRITE_SETTINGS
String #138: com.majeur.launcher.permission.UPDATE_BADGE
String #139: com.notesbrain.echo
String #140: com.notesbrain.echo.DYNAMIC_RECEIVER_NOT_EXPORTED_PERMISSION
String #141: com.notesbrain.echo.FileSystemFileProvider
String #142: com.notesbrain.echo.MainActivity
String #143: com.notesbrain.echo.MainApplication
String #144: com.notesbrain.echo.androidx-startup
String #145: com.notesbrain.echo.firebaseinitprovider
String #146: com.notesbrain.echo.mlkitinitprovider
String #147: com.oppo.launcher.permission.READ_SETTINGS
String #148: com.oppo.launcher.permission.WRITE_SETTINGS
String #149: com.sec.android.provider.badge.permission.READ
String #150: com.sec.android.provider.badge.permission.WRITE
String #151: com.sonyericsson.home.permission.BROADCAST_BADGE
String #152: com.sonymobile.home.permission.PROVIDER_INSERT_BADGE
String #153: data
String #154: echo
String #155: exp+echo
String #156: expo.modules.adapters.react.apploader.RNHeadlessAppLoader
String #157: expo.modules.audio.service.AudioControlsService
String #158: expo.modules.audio.service.AudioRecordingService
String #159: expo.modules.filesystem.FileSystemFileProvider
String #160: expo.modules.notifications.NOTIFICATION_EVENT
String #161: expo.modules.notifications.default_notification_color
String #162: expo.modules.notifications.default_notification_icon
String #163: expo.modules.notifications.service.ExpoFirebaseMessagingService
String #164: expo.modules.notifications.service.NotificationForwarderActivity
String #165: expo.modules.notifications.service.NotificationsService
String #166: expo.modules.updates.ENABLED
String #167: expo.modules.updates.EXPO_UPDATES_CHECK_ON_LAUNCH
String #168: expo.modules.updates.EXPO_UPDATES_LAUNCH_WAIT_MS
String #169: http://schemas.android.com/apk/res/android
String #170: https
String #171: image/*
String #172: intent
String #173: intent-filter
String #174: manifest
String #175: me.everything.badger.permission.BADGE_COUNT_READ
String #176: me.everything.badger.permission.BADGE_COUNT_WRITE
String #177: meta-data
String #178: org.unimodules.core.AppLoader#react-native-headless
String #179: package
String #180: permission
String #181: platformBuildVersionCode
String #182: platformBuildVersionName
String #183: provider
String #184: queries
String #185: receiver
String #186: service
String #187: text/*
String #188: uses-permission
String #189: uses-sdk

16:33:27.726 detox[28791] i "/Users/coding/Library/Android/sdk/build-tools/36.1.0/aapt" dump xmlstrings "/Users/coding/Projects/notes_brain/apps/mobile/android/app/build/outputs/apk/androidTest/release/app-release-androidTest.apk" AndroidManifest.xml
16:33:27.726 detox[28791] i "/Users/coding/Library/Android/sdk/platform-tools/adb" -s emulator-18696 shell du /sdcard/163324159_0.log
16:33:27.739 detox[28791] i String pool of 42 unique UTF-16 non-sorted strings, 42 entries and 0 styles using 2112 bytes:
String #0: theme
String #1: label
String #2: name
String #3: exported
String #4: priority
String #5: targetPackage
String #6: handleProfiling
String #7: functionalTest
String #8: minSdkVersion
String #9: targetSdkVersion
String #10: extractNativeLibs
String #11: compileSdkVersion
String #12: compileSdkVersionCodename
String #13: 16
String #14: Tests for com.notesbrain.echo
String #15: activity
String #16: android
String #17: android.intent.category.LAUNCHER
String #18: android.permission.REORDER_TASKS
String #19: android.test.runner
String #20: androidx.test.core.app.InstrumentationActivityInvoker$BootstrapActivity
String #21: androidx.test.core.app.InstrumentationActivityInvoker$EmptyActivity
String #22: androidx.test.core.app.InstrumentationActivityInvoker$EmptyFloatingActivity
String #23: androidx.test.orchestrator
String #24: androidx.test.runner.AndroidJUnitRunner
String #25: androidx.test.services
String #26: application
String #27: category
String #28: com.google.android.apps.common.testing.services
String #29: com.notesbrain.echo
String #30: com.notesbrain.echo.test
String #31: http://schemas.android.com/apk/res/android
String #32: instrumentation
String #33: intent-filter
String #34: manifest
String #35: package
String #36: platformBuildVersionCode
String #37: platformBuildVersionName
String #38: queries
String #39: uses-library
String #40: uses-permission
String #41: uses-sdk

16:33:27.739 detox[28791] i "/Users/coding/Library/Android/sdk/platform-tools/adb" -s emulator-18696 shell "rm -fr /data/local/tmp/detox"
16:33:27.756 detox[28791] i 4	/sdcard/163324159_0.log

16:33:27.777 detox[28791] i 
16:33:27.777 detox[28791] i "/Users/coding/Library/Android/sdk/platform-tools/adb" -s emulator-18696 shell "mkdir -p /data/local/tmp/detox"
16:33:27.808 detox[28791] i 
16:33:27.808 detox[28791] i "/Users/coding/Library/Android/sdk/platform-tools/adb" -s emulator-18696 push "/Users/coding/Projects/notes_brain/apps/mobile/android/app/build/outputs/apk/release/app-release.apk" "/data/local/tmp/detox/Application.apk"
16:33:28.141 detox[28791] i /Users/coding/Projects/notes_brain/apps/mobile/android/app/build/outputs/apk/release/app-release.apk: 1 file pushed, 0 skipped. 402.8 MB/s (102273261 bytes in 0.242s)

16:33:28.142 detox[28791] i /Users/coding/Library/Android/sdk/platform-tools/adb -s emulator-18696 shell pm install -r -g -t /data/local/tmp/detox/Application.apk
16:33:29.440 detox[28791] i Success

16:33:29.442 detox[28791] i /Users/coding/Library/Android/sdk/platform-tools/adb -s emulator-18696 shell pm install -r -g -t /data/local/tmp/detox/Application.apk exited with code #0
16:33:29.442 detox[28791] i "/Users/coding/Library/Android/sdk/platform-tools/adb" -s emulator-18696 push "/Users/coding/Projects/notes_brain/apps/mobile/android/app/build/outputs/apk/androidTest/release/app-release-androidTest.apk" "/data/local/tmp/detox/Test.apk"
16:33:29.477 detox[28791] i /Users/coding/Projects/notes_brain/apps/mobile/android/app/build/outputs/apk/androidTest/release/app-release-androidTest.apk: 1 file pushed, 0 skipped. 428.3 MB/s (3215302 bytes in 0.007s)

16:33:29.478 detox[28791] i /Users/coding/Library/Android/sdk/platform-tools/adb -s emulator-18696 shell pm install -r -g -t /data/local/tmp/detox/Test.apk
16:33:29.816 detox[28791] i Success

16:33:29.818 detox[28791] i /Users/coding/Library/Android/sdk/platform-tools/adb -s emulator-18696 shell pm install -r -g -t /data/local/tmp/detox/Test.apk exited with code #0
16:33:29.818 detox[28791] E installApp
16:33:29.819 detox[28791] B onBeforeLaunchApp
  args: ({"deviceId":"emulator-18696","bundleId":"com.notesbrain.echo","launchArgs":{"detoxServer":"ws://localhost:56844","detoxSessionId":"bc2a7266-2b2e-6876-c8d6-436f054ff2b8"}})
16:33:29.819 detox[28791] i "/Users/coding/Library/Android/sdk/platform-tools/adb" -s emulator-18696 shell "date +\"%m-%d %T.000\""
16:33:29.854 detox[28791] i 03-08 16:33:27.000

16:33:29.855 detox[28791] E onBeforeLaunchApp
16:33:29.855 detox[28791] i "/Users/coding/Library/Android/sdk/platform-tools/adb" -s emulator-18696 reverse tcp:56844 tcp:56844
16:33:29.873 detox[28791] i 56844

16:33:29.874 detox[28791] i "/Users/coding/Library/Android/sdk/platform-tools/adb" -s emulator-18696 shell "pm list instrumentation"
16:33:29.923 detox[28791] i instrumentation:com.notesbrain.echo.test/androidx.test.runner.AndroidJUnitRunner (target=com.notesbrain.echo)

16:33:29.924 detox[28791] i /Users/coding/Library/Android/sdk/platform-tools/adb -s emulator-18696 shell am instrument -w -r -e detoxServer ws://localhost:56844 -e detoxSessionId bc2a7266-2b2e-6876-c8d6-436f054ff2b8 -e debug false com.notesbrain.echo.test/androidx.test.runner.AndroidJUnitRunner
16:33:30.425 detox[28791] i "/Users/coding/Library/Android/sdk/platform-tools/adb" -s emulator-18696 shell "ps | grep \"com\.notesbrain\.echo$\""
16:33:30.470 detox[28791] i u0_a232      19770   452   16935648 114532 0                   0 S com.notesbrain.echo

16:33:30.470 detox[28791] B onLaunchApp
  args: ({"deviceId":"emulator-18696","bundleId":"com.notesbrain.echo","launchArgs":{"detoxServer":"ws://localhost:56844","detoxSessionId":"bc2a7266-2b2e-6876-c8d6-436f054ff2b8"},"pid":19770})
16:33:30.470 detox[28791] i starting ADBLogcatRecording
16:33:30.470 detox[28791] i stopping ADBLogcatRecording
16:33:30.470 detox[28791] i "/Users/coding/Library/Android/sdk/platform-tools/adb" -s emulator-18696 shell "date +\"%m-%d %T.000\""
16:33:30.502 detox[28791] i 03-08 16:33:27.000

16:33:30.504 detox[28791] i sending SIGINT to: /Users/coding/Library/Android/sdk/platform-tools/adb -s emulator-18696 shell logcat -f /sdcard/163324159_0.log
16:33:30.505 detox[28791] i /Users/coding/Library/Android/sdk/platform-tools/adb -s emulator-18696 shell "logcat -f /sdcard/163324159_0.log" terminated with SIGINT
16:33:30.505 detox[28791] i /Users/coding/Library/Android/sdk/platform-tools/adb -s emulator-18696 shell "logcat -T \"03-08 16:33:27.000\" --pid=19770 -f /sdcard/163324159_0.log"
16:33:30.505 detox[28791] E onLaunchApp
16:33:30.522 detox[28791] i INSTRUMENTATION_STATUS: class=com.notesbrain.echo.DetoxTest
INSTRUMENTATION_STATUS: current=1
INSTRUMENTATION_STATUS: id=AndroidJUnitRunner
INSTRUMENTATION_STATUS: numtests=1
INSTRUMENTATION_STATUS: stream=
com.notesbrain.echo.DetoxTest:
INSTRUMENTATION_STATUS: test=runDetoxTests
INSTRUMENTATION_STATUS_CODE: 1

16:33:30.533 detox[28790] B connection :56844<->:56981
16:33:30.534 detox[28790] i get
  data: {"messageId":0,"type":"login","params":{"role":"app","sessionId":"bc2a7266-2b2e-6876-c8d6-436f054ff2b8"}}
16:33:30.535 detox[28790] i send
  data: {
    "messageId": 0,
    "type": "loginSuccess",
    "params": {
      "testerConnected": true,
      "appConnected": true
    }
  }
16:33:30.535 detox[28790] i app joined session bc2a7266-2b2e-6876-c8d6-436f054ff2b8
16:33:30.535 detox[28790] i send
  data: {
    "type": "appConnected"
  }
16:33:30.535 detox[28791] i get message
  data: {"type":"appConnected"}
   
16:33:30.536 detox[28790] i get
  data: {"type":"isReady","params":{},"messageId":-1000}
16:33:30.536 detox[28790] i send
  data: {
    "type": "isReady",
    "params": {},
    "messageId": -1000
  }
16:33:30.536 detox[28791] i send message
  data: {"type":"isReady","params":{},"messageId":-1000}
16:33:30.806 detox[28791] i "/Users/coding/Library/Android/sdk/platform-tools/adb" -s emulator-18696 shell du /sdcard/163324159_0.log
16:33:30.830 detox[28791] i 22964	/sdcard/163324159_0.log

16:33:35.842 detox[28790] i get
  data: {"messageId":-1000,"type":"ready","params":{}}
16:33:35.843 detox[28790] i send
  data: {
    "messageId": -1000,
    "type": "ready",
    "params": {}
  }
16:33:35.843 detox[28791] i get message
  data: {"messageId":-1000,"type":"ready","params":{}}
   
16:33:35.843 detox[28791] B onAppReady
  args: ({"deviceId":"emulator-18696","bundleId":"com.notesbrain.echo","pid":19770})
16:33:35.843 detox[28791] E onAppReady
16:33:35.843 detox[28791] E launchApp
16:33:35.843 detox[28791] E beforeEach
16:33:35.844 detox[28791] B test_fn
16:33:35.846 detox[28791] i send message
  data: {"type":"invoke","params":{"target":{"type":"Class","value":"com.wix.detox.espresso.DetoxAssertion"},"method":"waitForAssertMatcher","args":[{"type":"Invocation","value":{"target":{"type":"Class","value":"androidx.test.espresso.Espresso"},"method":"onView","args":[{"type":"Invocation","value":{"target":{"type":"Class","value":"com.wix.detox.espresso.DetoxMatcher"},"method":"matcherForTestId","args":["login-email-input",{"type":"boolean","value":false}]}}]}},{"type":"Invocation","value":{"target":{"type":"Class","value":"com.wix.detox.espresso.DetoxMatcher"},"method":"matcherForSufficientlyVisible","args":[{"type":"Integer","value":75}]}},{"type":"Double","value":15}]},"messageId":1}
16:33:35.847 detox[28790] i get
  data: {"type":"invoke","params":{"target":{"type":"Class","value":"com.wix.detox.espresso.DetoxAssertion"},"method":"waitForAssertMatcher","args":[{"type":"Invocation","value":{"target":{"type":"Class","value":"androidx.test.espresso.Espresso"},"method":"onView","args":[{"type":"Invocation","value":{"target":{"type":"Class","value":"com.wix.detox.espresso.DetoxMatcher"},"method":"matcherForTestId","args":["login-email-input",{"type":"boolean","value":false}]}}]}},{"type":"Invocation","value":{"target":{"type":"Class","value":"com.wix.detox.espresso.DetoxMatcher"},"method":"matcherForSufficientlyVisible","args":[{"type":"Integer","value":75}]}},{"type":"Double","value":15}]},"messageId":1}
16:33:35.847 detox[28790] i send
  data: {
    "type": "invoke",
    "params": {
      "target": {
        "type": "Class",
        "value": "com.wix.detox.espresso.DetoxAssertion"
      },
      "method": "waitForAssertMatcher",
      "args": [
        {
          "type": "Invocation",
          "value": {
            "target": {
              "type": "Class",
              "value": "androidx.test.espresso.Espresso"
            },
            "method": "onView",
            "args": [
              {
                "type": "Invocation",
                "value": {
                  "target": {
                    "type": "Class",
                    "value": "com.wix.detox.espresso.DetoxMatcher"
                  },
                  "method": "matcherForTestId",
                  "args": [
                    "login-email-input",
                    {
                      "type": "boolean",
                      "value": false
                    }
                  ]
                }
              }
            ]
          }
        },
        {
          "type": "Invocation",
          "value": {
            "target": {
              "type": "Class",
              "value": "com.wix.detox.espresso.DetoxMatcher"
            },
            "method": "matcherForSufficientlyVisible",
            "args": [
              {
                "type": "Integer",
                "value": 75
              }
            ]
          }
        },
        {
          "type": "Double",
          "value": 15
        }
      ]
    },
    "messageId": 1
  }
16:33:35.847 detox[28791] B undefined with timeout (15000 ms)
  data: {
    "target": {
      "type": "Class",
      "value": "com.wix.detox.espresso.DetoxAssertion"
    },
    "method": "waitForAssertMatcher",
    "args": [
      {
        "type": "Invocation",
        "value": {
          "target": {
            "type": "Class",
            "value": "androidx.test.espresso.Espresso"
          },
          "method": "onView",
          "args": [
            {
              "type": "Invocation",
              "value": {
                "target": {
                  "type": "Class",
                  "value": "com.wix.detox.espresso.DetoxMatcher"
                },
                "method": "matcherForTestId",
                "args": [
                  "login-email-input",
                  {
                    "type": "boolean",
                    "value": false
                  }
                ]
              }
            }
          ]
        }
      },
      {
        "type": "Invocation",
        "value": {
          "target": {
            "type": "Class",
            "value": "com.wix.detox.espresso.DetoxMatcher"
          },
          "method": "matcherForSufficientlyVisible",
          "args": [
            {
              "type": "Integer",
              "value": 75
            }
          ]
        }
      },
      {
        "type": "Double",
        "value": 15
      }
    ]
  }
16:33:45.847 detox[28790] i get
  data: {"type":"currentStatus","params":{},"messageId":2}
16:33:45.847 detox[28790] i send
  data: {
    "type": "currentStatus",
    "params": {},
    "messageId": 2
  }
16:33:45.847 detox[28791] i send message
  data: {"type":"currentStatus","params":{},"messageId":2}
16:33:45.851 detox[28790] i get
  data: {"messageId":2,"type":"currentStatusResult","params":{"status":{"app_status":"idle"}}}
16:33:45.851 detox[28790] i send
  data: {
    "messageId": 2,
    "type": "currentStatusResult",
    "params": {
      "status": {
        "app_status": "idle"
      }
    }
  }
16:33:45.852 detox[28791] i get message
  data: {"messageId":2,"type":"currentStatusResult","params":{"status":{"app_status":"idle"}}}
   
16:33:45.854 detox[28791] i The app seems to be idle
16:33:46.522 detox[28790] i get
  data: {"messageId":1,"type":"testFailed","params":{"details":"Waited for the root of the view hierarchy to have window focus and not request layout for 10 seconds. If you specified a non default root matcher, it may be picking a root that never takes focus. Root:\nRoot{application-window-token=android.view.ViewRootImpl$W@2a61d26, window-token=android.view.ViewRootImpl$W@2a61d26, has-window-focus=false, layout-params-type=1, layout-params-string={(0,0)(fillxfill) sim={adjust=resize forwardNavigation} layoutInDisplayCutoutMode=always ty=BASE_APPLICATION wanim=0x103030e\n  fl=LAYOUT_IN_SCREEN LAYOUT_INSET_DECOR SPLIT_TOUCH HARDWARE_ACCELERATED DRAWS_SYSTEM_BAR_BACKGROUNDS\n  pfl=NO_MOVE_ANIMATION EDGE_TO_EDGE_ENFORCED FORCE_DRAW_STATUS_BAR_BACKGROUND FIT_INSETS_CONTROLLED\n  bhv=DEFAULT\n  fitSides=\n  frameRateBoostOnTouch=true\n  dvrrWindowFrameRateHint=true}, decor-view-string=DecorView{id=-1, visibility=VISIBLE, width=1080, height=2424, has-focus=true, has-focusable=true, has-window-focus=false, is-clickable=false, is-enabled=true, is-focused=false, is-focusable=false, is-layout-requested=false, is-selected=false, layout-params={(0,0)(fillxfill) sim={adjust=resize forwardNavigation} layoutInDisplayCutoutMode=always ty=BASE_APPLICATION wanim=0x103030e\n  fl=LAYOUT_IN_SCREEN LAYOUT_INSET_DECOR SPLIT_TOUCH HARDWARE_ACCELERATED DRAWS_SYSTEM_BAR_BACKGROUNDS\n  pfl=NO_MOVE_ANIMATION EDGE_TO_EDGE_ENFORCED FORCE_DRAW_STATUS_BAR_BACKGROUND FIT_INSETS_CONTROLLED\n  bhv=DEFAULT\n  fitSides=\n  frameRateBoostOnTouch=true\n  dvrrWindowFrameRateHint=true}, tag=null, root-is-layout-requested=false, has-input-connection=false, x=0.0, y=0.0, child-count=1}}\n","viewHierarchy":null}}
16:33:46.522 detox[28790] i send
  data: {
    "messageId": 1,
    "type": "testFailed",
    "params": {
      "details": "Waited for the root of the view hierarchy to have window focus and not request layout for 10 seconds. If you specified a non default root matcher, it may be picking a root that never takes focus. Root:\nRoot{application-window-token=android.view.ViewRootImpl$W@2a61d26, window-token=android.view.ViewRootImpl$W@2a61d26, has-window-focus=false, layout-params-type=1, layout-params-string={(0,0)(fillxfill) sim={adjust=resize forwardNavigation} layoutInDisplayCutoutMode=always ty=BASE_APPLICATION wanim=0x103030e\n  fl=LAYOUT_IN_SCREEN LAYOUT_INSET_DECOR SPLIT_TOUCH HARDWARE_ACCELERATED DRAWS_SYSTEM_BAR_BACKGROUNDS\n  pfl=NO_MOVE_ANIMATION EDGE_TO_EDGE_ENFORCED FORCE_DRAW_STATUS_BAR_BACKGROUND FIT_INSETS_CONTROLLED\n  bhv=DEFAULT\n  fitSides=\n  frameRateBoostOnTouch=true\n  dvrrWindowFrameRateHint=true}, decor-view-string=DecorView{id=-1, visibility=VISIBLE, width=1080, height=2424, has-focus=true, has-focusable=true, has-window-focus=false, is-clickable=false, is-enabled=true, is-focused=false, is-focusable=false, is-layout-requested=false, is-selected=false, layout-params={(0,0)(fillxfill) sim={adjust=resize forwardNavigation} layoutInDisplayCutoutMode=always ty=BASE_APPLICATION wanim=0x103030e\n  fl=LAYOUT_IN_SCREEN LAYOUT_INSET_DECOR SPLIT_TOUCH HARDWARE_ACCELERATED DRAWS_SYSTEM_BAR_BACKGROUNDS\n  pfl=NO_MOVE_ANIMATION EDGE_TO_EDGE_ENFORCED FORCE_DRAW_STATUS_BAR_BACKGROUND FIT_INSETS_CONTROLLED\n  bhv=DEFAULT\n  fitSides=\n  frameRateBoostOnTouch=true\n  dvrrWindowFrameRateHint=true}, tag=null, root-is-layout-requested=false, has-input-connection=false, x=0.0, y=0.0, child-count=1}}\n",
      "viewHierarchy": null
    }
  }
16:33:46.524 detox[28791] i get message
  data: {"messageId":1,"type":"testFailed","params":{"details":"Waited for the root of the view hierarchy to have window focus and not request layout for 10 seconds. If you specified a non default root matcher, it may be picking a root that never takes focus. Root:\nRoot{application-window-token=android.view.ViewRootImpl$W@2a61d26, window-token=android.view.ViewRootImpl$W@2a61d26, has-window-focus=false, layout-params-type=1, layout-params-string={(0,0)(fillxfill) sim={adjust=resize forwardNavigation} layoutInDisplayCutoutMode=always ty=BASE_APPLICATION wanim=0x103030e\n  fl=LAYOUT_IN_SCREEN LAYOUT_INSET_DECOR SPLIT_TOUCH HARDWARE_ACCELERATED DRAWS_SYSTEM_BAR_BACKGROUNDS\n  pfl=NO_MOVE_ANIMATION EDGE_TO_EDGE_ENFORCED FORCE_DRAW_STATUS_BAR_BACKGROUND FIT_INSETS_CONTROLLED\n  bhv=DEFAULT\n  fitSides=\n  frameRateBoostOnTouch=true\n  dvrrWindowFrameRateHint=true}, decor-view-string=DecorView{id=-1, visibility=VISIBLE, width=1080, height=2424, has-focus=true, has-focusable=true, has-window-focus=false, is-clickable=false, is-enabled=true, is-focused=false, is-focusable=false, is-layout-requested=false, is-selected=false, layout-params={(0,0)(fillxfill) sim={adjust=resize forwardNavigation} layoutInDisplayCutoutMode=always ty=BASE_APPLICATION wanim=0x103030e\n  fl=LAYOUT_IN_SCREEN LAYOUT_INSET_DECOR SPLIT_TOUCH HARDWARE_ACCELERATED DRAWS_SYSTEM_BAR_BACKGROUNDS\n  pfl=NO_MOVE_ANIMATION EDGE_TO_EDGE_ENFORCED FORCE_DRAW_STATUS_BAR_BACKGROUND FIT_INSETS_CONTROLLED\n  bhv=DEFAULT\n  fitSides=\n  frameRateBoostOnTouch=true\n  dvrrWindowFrameRateHint=true}, tag=null, root-is-layout-requested=false, has-input-connection=false, x=0.0, y=0.0, child-count=1}}\n","viewHierarchy":null}}
   
16:33:46.524 detox[28791] E undefined with timeout (15000 ms)
  error: Test Failed: Waited for the root of the view hierarchy to have window focus and not request layout for 10 seconds. If you specified a non default root matcher, it may be picking a root that never takes focus. Root:
  Root{application-window-token=android.view.ViewRootImpl$W@2a61d26, window-token=android.view.ViewRootImpl$W@2a61d26, has-window-focus=false, layout-params-type=1, layout-params-string={(0,0)(fillxfill) sim={adjust=resize forwardNavigation} layoutInDisplayCutoutMode=always ty=BASE_APPLICATION wanim=0x103030e
    fl=LAYOUT_IN_SCREEN LAYOUT_INSET_DECOR SPLIT_TOUCH HARDWARE_ACCELERATED DRAWS_SYSTEM_BAR_BACKGROUNDS
    pfl=NO_MOVE_ANIMATION EDGE_TO_EDGE_ENFORCED FORCE_DRAW_STATUS_BAR_BACKGROUND FIT_INSETS_CONTROLLED
    bhv=DEFAULT
    fitSides=
    frameRateBoostOnTouch=true
    dvrrWindowFrameRateHint=true}, decor-view-string=DecorView{id=-1, visibility=VISIBLE, width=1080, height=2424, has-focus=true, has-focusable=true, has-window-focus=false, is-clickable=false, is-enabled=true, is-focused=false, is-focusable=false, is-layout-requested=false, is-selected=false, layout-params={(0,0)(fillxfill) sim={adjust=resize forwardNavigation} layoutInDisplayCutoutMode=always ty=BASE_APPLICATION wanim=0x103030e
    fl=LAYOUT_IN_SCREEN LAYOUT_INSET_DECOR SPLIT_TOUCH HARDWARE_ACCELERATED DRAWS_SYSTEM_BAR_BACKGROUNDS
    pfl=NO_MOVE_ANIMATION EDGE_TO_EDGE_ENFORCED FORCE_DRAW_STATUS_BAR_BACKGROUND FIT_INSETS_CONTROLLED
    bhv=DEFAULT
    fitSides=
    frameRateBoostOnTouch=true
    dvrrWindowFrameRateHint=true}, tag=null, root-is-layout-requested=false, has-input-connection=false, x=0.0, y=0.0, child-count=1}}
  
16:33:46.525 detox[28791] B onTestFnFailure
  args: ({"error":{"name":"DetoxRuntimeError"}})
16:33:46.525 detox[28791] E onTestFnFailure
16:33:46.525 detox[28791] E test_fn
  error: Test Failed: Waited for the root of the view hierarchy to have window focus and not request layout for 10 seconds. If you specified a non default root matcher, it may be picking a root that never takes focus. Root:
  Root{application-window-token=android.view.ViewRootImpl$W@2a61d26, window-token=android.view.ViewRootImpl$W@2a61d26, has-window-focus=false, layout-params-type=1, layout-params-string={(0,0)(fillxfill) sim={adjust=resize forwardNavigation} layoutInDisplayCutoutMode=always ty=BASE_APPLICATION wanim=0x103030e
    fl=LAYOUT_IN_SCREEN LAYOUT_INSET_DECOR SPLIT_TOUCH HARDWARE_ACCELERATED DRAWS_SYSTEM_BAR_BACKGROUNDS
    pfl=NO_MOVE_ANIMATION EDGE_TO_EDGE_ENFORCED FORCE_DRAW_STATUS_BAR_BACKGROUND FIT_INSETS_CONTROLLED
    bhv=DEFAULT
    fitSides=
    frameRateBoostOnTouch=true
    dvrrWindowFrameRateHint=true}, decor-view-string=DecorView{id=-1, visibility=VISIBLE, width=1080, height=2424, has-focus=true, has-focusable=true, has-window-focus=false, is-clickable=false, is-enabled=true, is-focused=false, is-focusable=false, is-layout-requested=false, is-selected=false, layout-params={(0,0)(fillxfill) sim={adjust=resize forwardNavigation} layoutInDisplayCutoutMode=always ty=BASE_APPLICATION wanim=0x103030e
    fl=LAYOUT_IN_SCREEN LAYOUT_INSET_DECOR SPLIT_TOUCH HARDWARE_ACCELERATED DRAWS_SYSTEM_BAR_BACKGROUNDS
    pfl=NO_MOVE_ANIMATION EDGE_TO_EDGE_ENFORCED FORCE_DRAW_STATUS_BAR_BACKGROUND FIT_INSETS_CONTROLLED
    bhv=DEFAULT
    fitSides=
    frameRateBoostOnTouch=true
    dvrrWindowFrameRateHint=true}, tag=null, root-is-layout-requested=false, has-input-connection=false, x=0.0, y=0.0, child-count=1}}
  
16:33:46.526 detox[28791] B onTestDone
  args: ({"title":"requests a password reset email from the login screen","fullName":"mobile e2e: password reset requests a password reset email from the login screen","status":"failed","invocations":1,"timedOut":false})
16:33:46.526 detox[28791] i stopping ADBLogcatRecording
16:33:46.526 detox[28791] i "/Users/coding/Library/Android/sdk/platform-tools/adb" -s emulator-18696 shell "date +\"%m-%d %T.000\""
16:33:46.559 detox[28791] i 03-08 16:33:43.000

16:33:46.560 detox[28791] i sending SIGINT to: /Users/coding/Library/Android/sdk/platform-tools/adb -s emulator-18696 shell logcat -T "03-08 16:33:27.000" --pid=19770 -f /sdcard/163324159_0.log
16:33:46.561 detox[28791] i /Users/coding/Library/Android/sdk/platform-tools/adb -s emulator-18696 shell "logcat -T \"03-08 16:33:27.000\" --pid=19770 -f /sdcard/163324159_0.log" terminated with SIGINT
16:33:46.562 detox[28791] E onTestDone
16:33:46.562 detox[28791] E requests a password reset email from the login screen
16:33:46.562 detox[28791] i mobile e2e: password reset: requests a password reset email from the login screen [FAIL]
16:33:46.563 detox[28791] B onRunDescribeFinish
  args: ({"name":"mobile e2e: password reset"})
16:33:46.563 detox[28791] E onRunDescribeFinish
16:33:46.563 detox[28791] E mobile e2e: password reset
16:33:46.563 detox[28791] B onRunDescribeFinish
  args: ({"name":"ROOT_DESCRIBE_BLOCK"})
16:33:46.563 detox[28791] E onRunDescribeFinish
16:33:46.563 detox[28791] E run the tests
16:33:46.575 detox[28791] B tear down environment
16:33:46.575 detox[28791] B onBeforeCleanup
  args: ()
16:33:46.576 detox[28791] i saving ADBLogcatRecording to: artifacts/android.emu.release.2026-03-08 23-33-23Z/✗ mobile e2e_ password reset requests a password reset email from the login screen/device.log
16:33:46.576 detox[28791] i "/Users/coding/Library/Android/sdk/platform-tools/adb" -s emulator-18696 pull "/sdcard/163324159_0.log" "artifacts/android.emu.release.2026-03-08 23-33-23Z/✗ mobile e2e_ password reset requests a password reset email from the login screen/device.log"
16:33:46.695 detox[28791] i /sdcard/163324159_0.log: 1 file pulled, 0 skipped. 226.1 MB/s (23560192 bytes in 0.099s)

16:33:46.695 detox[28791] i "/Users/coding/Library/Android/sdk/platform-tools/adb" -s emulator-18696 shell "rm  \"/sdcard/163324159_0.log\""
16:33:46.745 detox[28791] i 
16:33:46.746 detox[28791] i saving FileArtifact to: artifacts/android.emu.release.2026-03-08 23-33-23Z/detox_pid_28791.json.log { append: true }
16:33:46.746 detox[28791] i saving FileArtifact to: artifacts/android.emu.release.2026-03-08 23-33-23Z/detox_pid_28791.log { append: true }
16:33:46.746 detox[28791] E onBeforeCleanup
16:33:46.747 detox[28790] i get
  data: {"type":"cleanup","params":{"stopRunner":false},"messageId":-49642}
16:33:46.747 detox[28790] i send
  data: {
    "type": "cleanup",
    "params": {
      "stopRunner": false
    },
    "messageId": -49642
  }
16:33:46.747 detox[28791] i send message
  data: {"type":"cleanup","params":{"stopRunner":false},"messageId":-49642}
16:33:46.750 detox[28790] i get
  data: {"messageId":-49642,"type":"cleanupDone","params":{}}
16:33:46.750 detox[28790] i send
  data: {
    "messageId": -49642,
    "type": "cleanupDone",
    "params": {}
  }
16:33:46.750 detox[28791] i get message
  data: {"messageId":-49642,"type":"cleanupDone","params":{}}
   
16:33:46.751 detox[28790] i tester exited session bc2a7266-2b2e-6876-c8d6-436f054ff2b8
16:33:46.751 detox[28790] i send
  data: {
    "type": "testerDisconnected",
    "messageId": -1
  }
16:33:46.751 detox[28790] E connection :56844<->:56845
16:33:46.752 detox[28791] i sending SIGINT to: /Users/coding/Library/Android/sdk/platform-tools/adb -s emulator-18696 shell am instrument -w -r -e detoxServer ws://localhost:56844 -e detoxSessionId bc2a7266-2b2e-6876-c8d6-436f054ff2b8 -e debug false com.notesbrain.echo.test/androidx.test.runner.AndroidJUnitRunner
16:33:46.753 detox[28791] i /Users/coding/Library/Android/sdk/platform-tools/adb -s emulator-18696 shell am instrument -w -r -e detoxServer ws://localhost:56844 -e detoxSessionId bc2a7266-2b2e-6876-c8d6-436f054ff2b8 -e debug false com.notesbrain.echo.test/androidx.test.runner.AndroidJUnitRunner terminated with SIGINT
16:33:46.753 detox[28791] i "/Users/coding/Library/Android/sdk/platform-tools/adb" -s emulator-18696 reverse --remove tcp:56844
16:33:46.754 detox[28790] i received event of :  deallocateDevice {
  deviceCookie: {
    id: 'emulator-18696',
    adbName: 'emulator-18696',
    name: 'emulator-18696 (Pixel_9)'
  }
}
16:33:46.754 detox[28790] B free: emulator-18696
  data: {}
16:33:46.754 detox[28791] i dispatching event to  primary-28790 /tmp/detox.primary-28790  :  deallocateDevice , {
  deviceCookie: {
    id: 'emulator-18696',
    adbName: 'emulator-18696',
    name: 'emulator-18696 (Pixel_9)'
  }
}
16:33:46.755 detox[28790] E free: emulator-18696
16:33:46.755 detox[28790] i dispatching event to socket  :  deallocateDeviceDone {}
16:33:46.755 detox[28791] i ## received events ##
16:33:46.755 detox[28791] i detected event deallocateDeviceDone {}
16:33:46.755 detox[28791] E tear down environment
16:33:46.755 detox[28791] E tests/e2e/mobile/specs/password-reset.e2e.js
16:33:46.758 detox[28790] i received event of :  reportTestResults {
  testResults: [
    {
      success: false,
      testFilePath: '/Users/coding/Projects/notes_brain/tests/e2e/mobile/specs/password-reset.e2e.js',
      isPermanentFailure: false
    }
  ]
}
16:33:46.758 detox[28790] i dispatching event to socket  :  reportTestResultsDone {
  testResults: [
    {
      success: false,
      testFilePath: '/Users/coding/Projects/notes_brain/tests/e2e/mobile/specs/password-reset.e2e.js',
      isPermanentFailure: false
    }
  ]
}
16:33:46.758 detox[28790] i broadcasting event to all known sockets listening to  /tmp/detox.primary-28790  :   sessionStateUpdate {
  testResults: [
    {
      success: false,
      testFilePath: '/Users/coding/Projects/notes_brain/tests/e2e/mobile/specs/password-reset.e2e.js',
      isPermanentFailure: false
    }
  ]
}
16:33:46.758 detox[28791] i dispatching event to  primary-28790 /tmp/detox.primary-28790  :  reportTestResults , {
  testResults: [
    {
      success: false,
      testFilePath: '/Users/coding/Projects/notes_brain/tests/e2e/mobile/specs/password-reset.e2e.js',
      testExecError: undefined,
      isPermanentFailure: false
    }
  ]
}
16:33:46.758 detox[28791] i ## received events ##
16:33:46.759 detox[28791] i detected event reportTestResultsDone {
  testResults: [
    {
      success: false,
      testFilePath: '/Users/coding/Projects/notes_brain/tests/e2e/mobile/specs/password-reset.e2e.js',
      isPermanentFailure: false
    }
  ]
}
16:33:46.760 detox[28790] i socket disconnected secondary-28791
16:33:46.760 detox[28791] i connection closed primary-28790 /tmp/detox.primary-28790 0 tries remaining of 0
16:33:46.760 detox[28791] i secondary-28791 exceeded connection rety amount of  or stopRetrying flag set.
16:33:46.771 detox[28791] i 
16:33:46.861 detox[28790] E Command failed with exit code = 1:
DETOX_AVD_NAME="Pixel_9" jest --config tests/e2e/mobile/jest.config.cjs tests/e2e/mobile/specs/password-reset.e2e.js
16:33:46.861 detox[28790] B cleanup
  args: ()
16:33:46.862 detox[28790] E cleanup
16:33:46.863 detox[28790] i Detox server has been closed gracefully
16:33:46.863 detox[28790] i app exited session bc2a7266-2b2e-6876-c8d6-436f054ff2b8
16:33:46.863 detox[28790] E connection :56844<->:56981
16:33:46.863 detox[28790] E node_modules/.bin/detox test --config-path ./tests/e2e/mobile/detox.config.cjs --configuration android.emu.release tests/e2e/mobile/specs/password-reset.e2e.js --record-logs failing
