--------- beginning of main
03-09 01:15:49.206 19103 19103 I notesbrain.echo: Using CollectorTypeCMC GC.
03-09 01:15:49.663 19103 19103 D nativeloader: Load libframework-connectivity-tiramisu-jni.so using APEX ns com_android_tethering for caller /apex/com.android.tethering/javalib/framework-connectivity-t.jar: ok
--------- beginning of system
03-09 01:15:50.145 19103 19103 W ActivityThread: Package uses different ABI(s) than its instrumentation: package[com.notesbrain.echo]: arm64-v8a, null instrumentation[com.notesbrain.echo.test]: null, null
03-09 01:15:50.189 19103 19103 W notesbrain.echo: ClassLoaderContext shared library size mismatch. Expected=2, found=0 (PCL[]{PCL[/system/framework/android.test.base.jar*2789897741]#PCL[/system/framework/android.test.mock.jar*3361312393]} | PCL[])
03-09 01:15:50.195 19103 19103 W notesbrain.echo: ClassLoaderContext classpath size mismatch. expected=0, found=1 (PCL[] | PCL[/system/framework/android.test.runner.jar*895143020])
03-09 01:15:50.205 19103 19103 W notesbrain.echo: ClassLoaderContext classpath size mismatch. expected=0, found=2 (PCL[] | PCL[/system/framework/android.test.runner.jar*895143020:/system/framework/android.test.mock.jar*3361312393])
03-09 01:15:51.729 19103 19103 D nativeloader: Configuring clns-9 for other apk /system/framework/android.test.runner.jar:/system/framework/android.test.mock.jar:/system/framework/android.test.base.jar:/data/app/~~xiTg5hs3jCLxb8g-gWYF-Q==/com.notesbrain.echo.test-wlNP-1W_YL1Yb3A14gB6FQ==/base.apk:/data/app/~~G4WkLMCTy_gONrfYdT0gjg==/com.notesbrain.echo-YY9p3W9DuQ41vH06d-QrWw==/base.apk. target_sdk_version=36, uses_libraries=, library_path=/data/app/~~xiTg5hs3jCLxb8g-gWYF-Q==/com.notesbrain.echo.test-wlNP-1W_YL1Yb3A14gB6FQ==/lib/arm64:/data/app/~~G4WkLMCTy_gONrfYdT0gjg==/com.notesbrain.echo-YY9p3W9DuQ41vH06d-QrWw==/lib/arm64:/data/app/~~xiTg5hs3jCLxb8g-gWYF-Q==/com.notesbrain.echo.test-wlNP-1W_YL1Yb3A14gB6FQ==/base.apk!/lib/arm64-v8a:/data/app/~~G4WkLMCTy_gONrfYdT0gjg==/com.notesbrain.echo-YY9p3W9DuQ41vH06d-QrWw==/base.apk!/lib/arm64-v8a, permitted_path=/data:/mnt/expand:/data/user/0/com.notesbrain.echo
03-09 01:15:51.758 19103 19103 I notesbrain.echo: AssetManager2(0xb400007662c44438) locale list changing from [] to [en-US]
03-09 01:15:51.831 19103 19103 V GraphicsEnvironment: Currently set values for:
03-09 01:15:51.832 19103 19103 V GraphicsEnvironment:   angle_gl_driver_selection_pkgs=[]
03-09 01:15:51.832 19103 19103 V GraphicsEnvironment:   angle_gl_driver_selection_values=[]
03-09 01:15:51.832 19103 19103 V GraphicsEnvironment: com.notesbrain.echo is not listed in per-application setting
03-09 01:15:51.837 19103 19103 V GraphicsEnvironment: ANGLE allowlist from config: com.dreamgames.royalmatch com.dts.freefiremax com.dxx.firenow com.gramgames.mergedragons com.ludo.king com.mojang.minecraftpe com.my.defense com.nintendo.zaka com.os.airforce com.playrix.fishdomdd.gplay io.teslatech.callbreak jp.konami.prospia net.peakgames.toonblast
03-09 01:15:51.837 19103 19103 V GraphicsEnvironment: com.notesbrain.echo is not listed in ANGLE allowlist or settings, returning default
03-09 01:15:51.838 19103 19103 V GraphicsEnvironment: Neither updatable production driver nor prerelease driver is supported.
03-09 01:15:51.849 19103 19103 D ApplicationLoaders: Returning zygote-cached class loader: /system/framework/android.test.base.jar
03-09 01:15:51.854 19103 19103 D nativeloader: Configuring clns-10 for other apk /system/framework/android.test.mock.jar. target_sdk_version=36, uses_libraries=ALL, library_path=/data/app/~~xiTg5hs3jCLxb8g-gWYF-Q==/com.notesbrain.echo.test-wlNP-1W_YL1Yb3A14gB6FQ==/lib/arm64:/data/app/~~G4WkLMCTy_gONrfYdT0gjg==/com.notesbrain.echo-YY9p3W9DuQ41vH06d-QrWw==/lib/arm64, permitted_path=/data:/mnt/expand
03-09 01:15:51.855 19103 19103 D ApplicationLoaders: Returning zygote-cached class loader: /system/framework/android.test.base.jar
03-09 01:15:51.858 19103 19103 D nativeloader: Configuring clns-11 for other apk /system/framework/android.test.runner.jar. target_sdk_version=36, uses_libraries=ALL, library_path=/data/app/~~xiTg5hs3jCLxb8g-gWYF-Q==/com.notesbrain.echo.test-wlNP-1W_YL1Yb3A14gB6FQ==/lib/arm64:/data/app/~~G4WkLMCTy_gONrfYdT0gjg==/com.notesbrain.echo-YY9p3W9DuQ41vH06d-QrWw==/lib/arm64, permitted_path=/data:/mnt/expand
03-09 01:15:51.863 19103 19103 W notesbrain.echo: ClassLoaderContext shared library size mismatch. Expected=2, found=3 (PCL[]{PCL[/system/framework/android.test.base.jar*2789897741]#PCL[/system/framework/android.test.mock.jar*3361312393]} | PCL[]{PCL[/system/framework/android.test.base.jar*2789897741]#PCL[/system/framework/android.test.mock.jar*3361312393]#PCL[/system/framework/android.test.runner.jar*895143020]{PCL[/system/framework/android.test.base.jar*2789897741]#PCL[/system/framework/android.test.mock.jar*3361312393]}};PCL[/system/framework/android.test.runner.jar*895143020:/system/framework/android.test.mock.jar*3361312393:/system/framework/android.test.base.jar*2789897741:/data/app/~~xiTg5hs3jCLxb8g-gWYF-Q==/com.notesbrain.echo.test-wlNP-1W_YL1Yb3A14gB6FQ==/base.apk*2613485706:/data/app/~~G4WkLMCTy_gONrfYdT0gjg==/com.notesbrain.echo-YY9p3W9DuQ41vH06d-QrWw==/base.apk*1334287959])
03-09 01:15:51.872 19103 19103 W notesbrain.echo: ClassLoaderContext classpath size mismatch. expected=0, found=1 (PCL[] | PCL[/system/framework/android.test.runner.jar*895143020]{PCL[/system/framework/android.test.base.jar*2789897741]#PCL[/system/framework/android.test.mock.jar*3361312393]#PCL[/system/framework/android.test.runner.jar*895143020]{PCL[/system/framework/android.test.base.jar*2789897741]#PCL[/system/framework/android.test.mock.jar*3361312393]}};PCL[/system/framework/android.test.runner.jar*895143020:/system/framework/android.test.mock.jar*3361312393:/system/framework/android.test.base.jar*2789897741:/data/app/~~xiTg5hs3jCLxb8g-gWYF-Q==/com.notesbrain.echo.test-wlNP-1W_YL1Yb3A14gB6FQ==/base.apk*2613485706:/data/app/~~G4WkLMCTy_gONrfYdT0gjg==/com.notesbrain.echo-YY9p3W9DuQ41vH06d-QrWw==/base.apk*1334287959])
03-09 01:15:51.875 19103 19103 W notesbrain.echo: ClassLoaderContext classpath size mismatch. expected=0, found=2 (PCL[] | PCL[/system/framework/android.test.runner.jar*895143020:/system/framework/android.test.mock.jar*3361312393]{PCL[/system/framework/android.test.base.jar*2789897741]#PCL[/system/framework/android.test.mock.jar*3361312393]#PCL[/system/framework/android.test.runner.jar*895143020]{PCL[/system/framework/android.test.base.jar*2789897741]#PCL[/system/framework/android.test.mock.jar*3361312393]}};PCL[/system/framework/android.test.runner.jar*895143020:/system/framework/android.test.mock.jar*3361312393:/system/framework/android.test.base.jar*2789897741:/data/app/~~xiTg5hs3jCLxb8g-gWYF-Q==/com.notesbrain.echo.test-wlNP-1W_YL1Yb3A14gB6FQ==/base.apk*2613485706:/data/app/~~G4WkLMCTy_gONrfYdT0gjg==/com.notesbrain.echo-YY9p3W9DuQ41vH06d-QrWw==/base.apk*1334287959])
03-09 01:15:53.323 19103 19103 I notesbrain.echo: AssetManager2(0xb400007662c44118) locale list changing from [] to [en-US]
03-09 01:15:53.357 19103 19103 I AndroidJUnitRunner: newApplication com.notesbrain.echo.MainApplication
03-09 01:15:53.666 19103 19103 I FirebaseApp: Device unlocked: initializing all Firebase APIs for app [DEFAULT]
03-09 01:15:53.707 19103 19103 I FirebaseInitProvider: FirebaseApp initialization successful
03-09 01:15:53.812 19103 19103 I AndroidJUnitRunner: onCreate Bundle[mParcelledData.dataSize=240]
03-09 01:15:53.813 19103 19103 D AndroidJUnitRunner: Use the raw file system for managing file I/O.
03-09 01:15:54.380 19103 19140 D SharedPreferencesImpl: Time required to fsync /data/user/0/com.notesbrain.echo/shared_prefs/com.google.firebase.messaging.xml: [<1: 0, <2: 0, <4: 0, <8: 0, <16: 0, <32: 0, <64: 0, <128: 0, <256: 0, <512: 0, <1024: 1, <2048: 0, <4096: 0, <8192: 0, <16384: 0, >=16384: 0]
03-09 01:15:54.546 19103 19103 V TestEventClient: No service name argument was given (testDiscoveryService, testRunEventService or orchestratorService)
03-09 01:15:54.551 19103 19146 D AndroidJUnitRunner: onStart is called.
03-09 01:15:54.557 19103 19103 W SoLoader: Initializing SoLoader: 0
03-09 01:15:54.566 19103 19103 W SoLoader: Recording new base apk path: /data/app/~~G4WkLMCTy_gONrfYdT0gjg==/com.notesbrain.echo-YY9p3W9DuQ41vH06d-QrWw==/base.apk
03-09 01:15:54.566 19103 19103 W SoLoader: Previously recorded 0 base apk paths.
03-09 01:15:54.572 19103 19103 I SoLoader: Preparing SO source: DirectorySoSource[root = /vendor/lib64 flags = 2]
03-09 01:15:54.572 19103 19103 I SoLoader: Preparing SO source: DirectorySoSource[root = /system/lib64 flags = 2]
03-09 01:15:54.572 19103 19103 I SoLoader: Preparing SO source: DirectApkSoSource[root = [/data/app/~~G4WkLMCTy_gONrfYdT0gjg==/com.notesbrain.echo-YY9p3W9DuQ41vH06d-QrWw==/base.apk!/lib/arm64-v8a]]
03-09 01:15:54.792 19103 19103 I SoLoader: Preparing SO source: ApplicationSoSource[DirectorySoSource[root = /data/app/~~G4WkLMCTy_gONrfYdT0gjg==/com.notesbrain.echo-YY9p3W9DuQ41vH06d-QrWw==/lib/arm64 flags = 0]]
03-09 01:15:54.792 19103 19103 I SoLoader: init finish: 4 SO sources prepared
03-09 01:15:54.793 19103 19103 W SoLoader: SoLoader initialized: 8
03-09 01:15:54.979 19103 19103 D nativeloader: Load /data/app/~~G4WkLMCTy_gONrfYdT0gjg==/com.notesbrain.echo-YY9p3W9DuQ41vH06d-QrWw==/base.apk!/lib/arm64-v8a/libc++_shared.so using class loader ns clns-9 (caller=/data/app/~~G4WkLMCTy_gONrfYdT0gjg==/com.notesbrain.echo-YY9p3W9DuQ41vH06d-QrWw==/base.apk!classes7.dex): ok
03-09 01:15:55.004 19103 19103 D nativeloader: Load /data/app/~~G4WkLMCTy_gONrfYdT0gjg==/com.notesbrain.echo-YY9p3W9DuQ41vH06d-QrWw==/base.apk!/lib/arm64-v8a/libjsi.so using class loader ns clns-9 (caller=/data/app/~~G4WkLMCTy_gONrfYdT0gjg==/com.notesbrain.echo-YY9p3W9DuQ41vH06d-QrWw==/base.apk!classes7.dex): ok
03-09 01:15:55.025 19103 19103 D nativeloader: Load /data/app/~~G4WkLMCTy_gONrfYdT0gjg==/com.notesbrain.echo-YY9p3W9DuQ41vH06d-QrWw==/base.apk!/lib/arm64-v8a/libfbjni.so using class loader ns clns-9 (caller=/data/app/~~G4WkLMCTy_gONrfYdT0gjg==/com.notesbrain.echo-YY9p3W9DuQ41vH06d-QrWw==/base.apk!classes7.dex): ok
03-09 01:15:55.047 19103 19103 D nativeloader: Load /data/app/~~G4WkLMCTy_gONrfYdT0gjg==/com.notesbrain.echo-YY9p3W9DuQ41vH06d-QrWw==/base.apk!/lib/arm64-v8a/libreactnative.so using class loader ns clns-9 (caller=/data/app/~~G4WkLMCTy_gONrfYdT0gjg==/com.notesbrain.echo-YY9p3W9DuQ41vH06d-QrWw==/base.apk!classes7.dex): ok
03-09 01:15:55.047 19103 19103 D jni_lib_merge: Entering merged library JNI_OnLoad.
03-09 01:15:55.047 19103 19103 D jni_lib_merge: Preparing 12 pre-merged libs (including stub)
03-09 01:15:55.047 19103 19103 D jni_lib_merge: Preparing to register libfabricjni_so.  onload_func: 0x74e8e41ce0
03-09 01:15:55.047 19103 19103 D jni_lib_merge: Preparing to register libreact_devsupportjni_so.  onload_func: 0x74e903bfc8
03-09 01:15:55.047 19103 19103 D jni_lib_merge: Preparing to register libreact_featureflagsjni_so.  onload_func: 0x74e904a518
03-09 01:15:55.047 19103 19103 D jni_lib_merge: Preparing to register libreact_newarchdefaults_so.  onload_func: 0x74e90b26a8
03-09 01:15:55.047 19103 19103 D jni_lib_merge: Preparing to register libreactnativeblob_so.  onload_func: 0x74e92a2cb4
03-09 01:15:55.047 19103 19103 D jni_lib_merge: Preparing to register libreactnativejni_so.  onload_func: 0x74e92f06bc
03-09 01:15:55.047 19103 19103 D jni_lib_merge: Preparing to register libreactnativejni_common_so.  onload_func: 0x74e9301044
03-09 01:15:55.047 19103 19103 D jni_lib_merge: Preparing to register librninstance_so.  onload_func: 0x74e9348764
03-09 01:15:55.047 19103 19103 D jni_lib_merge: Preparing to register libturbomodulejsijni_so.  onload_func: 0x74e9460f68
03-09 01:15:55.047 19103 19103 D jni_lib_merge: Preparing to register libuimanagerjni_so.  onload_func: 0x74e9479fb8
03-09 01:15:55.047 19103 19103 D jni_lib_merge: Preparing to register libyoga_so.  onload_func: 0x74e9489a3c
03-09 01:15:55.047 19103 19103 D jni_lib_merge: About to register 11 actual methods.
03-09 01:15:55.079 19103 19103 D nativeloader: Load /data/app/~~G4WkLMCTy_gONrfYdT0gjg==/com.notesbrain.echo-YY9p3W9DuQ41vH06d-QrWw==/base.apk!/lib/arm64-v8a/libreact_codegen_rnscreens.so using class loader ns clns-9 (caller=/data/app/~~G4WkLMCTy_gONrfYdT0gjg==/com.notesbrain.echo-YY9p3W9DuQ41vH06d-QrWw==/base.apk!classes7.dex): ok
03-09 01:15:55.079 19103 19103 D jni_lib_merge: Entering merged library JNI_OnLoad.
03-09 01:15:55.079 19103 19103 D jni_lib_merge: Preparing 12 pre-merged libs (including stub)
03-09 01:15:55.079 19103 19103 D jni_lib_merge: Preparing to register libfabricjni_so.  onload_func: 0x74e8e41ce0
03-09 01:15:55.079 19103 19103 D jni_lib_merge: Preparing to register libreact_devsupportjni_so.  onload_func: 0x74e903bfc8
03-09 01:15:55.079 19103 19103 D jni_lib_merge: Preparing to register libreact_featureflagsjni_so.  onload_func: 0x74e904a518
03-09 01:15:55.079 19103 19103 D jni_lib_merge: Preparing to register libreact_newarchdefaults_so.  onload_func: 0x74e90b26a8
03-09 01:15:55.079 19103 19103 D jni_lib_merge: Preparing to register libreactnativeblob_so.  onload_func: 0x74e92a2cb4
03-09 01:15:55.079 19103 19103 D jni_lib_merge: Preparing to register libreactnativejni_so.  onload_func: 0x74e92f06bc
03-09 01:15:55.079 19103 19103 D jni_lib_merge: Preparing to register libreactnativejni_common_so.  onload_func: 0x74e9301044
03-09 01:15:55.079 19103 19103 D jni_lib_merge: Preparing to register librninstance_so.  onload_func: 0x74e9348764
03-09 01:15:55.079 19103 19103 D jni_lib_merge: Preparing to register libturbomodulejsijni_so.  onload_func: 0x74e9460f68
03-09 01:15:55.079 19103 19103 D jni_lib_merge: Preparing to register libuimanagerjni_so.  onload_func: 0x74e9479fb8
03-09 01:15:55.079 19103 19103 D jni_lib_merge: Preparing to register libyoga_so.  onload_func: 0x74e9489a3c
03-09 01:15:55.079 19103 19103 D jni_lib_merge: About to register 11 actual methods.
03-09 01:15:55.093 19103 19103 D nativeloader: Load /data/app/~~G4WkLMCTy_gONrfYdT0gjg==/com.notesbrain.echo-YY9p3W9DuQ41vH06d-QrWw==/base.apk!/lib/arm64-v8a/libreact_codegen_safeareacontext.so using class loader ns clns-9 (caller=/data/app/~~G4WkLMCTy_gONrfYdT0gjg==/com.notesbrain.echo-YY9p3W9DuQ41vH06d-QrWw==/base.apk!classes7.dex): ok
03-09 01:15:55.114 19103 19103 D nativeloader: Load /data/app/~~G4WkLMCTy_gONrfYdT0gjg==/com.notesbrain.echo-YY9p3W9DuQ41vH06d-QrWw==/base.apk!/lib/arm64-v8a/libreact_codegen_rnpicker.so using class loader ns clns-9 (caller=/data/app/~~G4WkLMCTy_gONrfYdT0gjg==/com.notesbrain.echo-YY9p3W9DuQ41vH06d-QrWw==/base.apk!classes7.dex): ok
03-09 01:15:55.114 19103 19103 D jni_lib_merge: Entering merged library JNI_OnLoad.
03-09 01:15:55.114 19103 19103 D jni_lib_merge: Preparing 12 pre-merged libs (including stub)
03-09 01:15:55.114 19103 19103 D jni_lib_merge: Preparing to register libfabricjni_so.  onload_func: 0x74e8e41ce0
03-09 01:15:55.114 19103 19103 D jni_lib_merge: Preparing to register libreact_devsupportjni_so.  onload_func: 0x74e903bfc8
03-09 01:15:55.114 19103 19103 D jni_lib_merge: Preparing to register libreact_featureflagsjni_so.  onload_func: 0x74e904a518
03-09 01:15:55.114 19103 19103 D jni_lib_merge: Preparing to register libreact_newarchdefaults_so.  onload_func: 0x74e90b26a8
03-09 01:15:55.114 19103 19103 D jni_lib_merge: Preparing to register libreactnativeblob_so.  onload_func: 0x74e92a2cb4
03-09 01:15:55.114 19103 19103 D jni_lib_merge: Preparing to register libreactnativejni_so.  onload_func: 0x74e92f06bc
03-09 01:15:55.114 19103 19103 D jni_lib_merge: Preparing to register libreactnativejni_common_so.  onload_func: 0x74e9301044
03-09 01:15:55.114 19103 19103 D jni_lib_merge: Preparing to register librninstance_so.  onload_func: 0x74e9348764
03-09 01:15:55.114 19103 19103 D jni_lib_merge: Preparing to register libturbomodulejsijni_so.  onload_func: 0x74e9460f68
03-09 01:15:55.114 19103 19103 D jni_lib_merge: Preparing to register libuimanagerjni_so.  onload_func: 0x74e9479fb8
03-09 01:15:55.114 19103 19103 D jni_lib_merge: Preparing to register libyoga_so.  onload_func: 0x74e9489a3c
03-09 01:15:55.114 19103 19103 D jni_lib_merge: About to register 11 actual methods.
03-09 01:15:55.137 19103 19103 D nativeloader: Load /data/app/~~G4WkLMCTy_gONrfYdT0gjg==/com.notesbrain.echo-YY9p3W9DuQ41vH06d-QrWw==/base.apk!/lib/arm64-v8a/libappmodules.so using class loader ns clns-9 (caller=/data/app/~~G4WkLMCTy_gONrfYdT0gjg==/com.notesbrain.echo-YY9p3W9DuQ41vH06d-QrWw==/base.apk!classes7.dex): ok
03-09 01:15:55.463 19103 19103 E DevLauncherController: Failed to hide splash screen
03-09 01:15:55.463 19103 19103 E DevLauncherController: java.lang.ClassNotFoundException: expo.modules.splashscreen.SplashScreenManager
03-09 01:15:55.463 19103 19103 E DevLauncherController: 	at java.lang.Class.classForName(Native Method)
03-09 01:15:55.463 19103 19103 E DevLauncherController: 	at java.lang.Class.forName(Class.java:597)
03-09 01:15:55.463 19103 19103 E DevLauncherController: 	at java.lang.Class.forName(Class.java:502)
03-09 01:15:55.463 19103 19103 E DevLauncherController: 	at expo.modules.devlauncher.DevLauncherController$Companion.initialize$expo_dev_launcher_debug(DevLauncherController.kt:428)
03-09 01:15:55.463 19103 19103 E DevLauncherController: 	at expo.modules.devlauncher.DevLauncherController$Companion.initialize(DevLauncherController.kt:474)
03-09 01:15:55.463 19103 19103 E DevLauncherController: 	at expo.modules.devlauncher.DevLauncherController$Companion.initialize$default(DevLauncherController.kt:472)
03-09 01:15:55.463 19103 19103 E DevLauncherController: 	at expo.modules.devlauncher.DevLauncherPackageDelegate$createApplicationLifecycleListeners$1.onCreate(DevLauncherPackageDelegate.kt:32)
03-09 01:15:55.463 19103 19103 E DevLauncherController: 	at expo.modules.ApplicationLifecycleDispatcher.onApplicationCreate(ApplicationLifecycleDispatcher.kt:20)
03-09 01:15:55.463 19103 19103 E DevLauncherController: 	at com.notesbrain.echo.MainApplication.onCreate(MainApplication.kt:49)
03-09 01:15:55.463 19103 19103 E DevLauncherController: 	at android.app.Instrumentation.callApplicationOnCreate(Instrumentation.java:1381)
03-09 01:15:55.463 19103 19103 E DevLauncherController: 	at androidx.test.runner.MonitoringInstrumentation.callApplicationOnCreate(MonitoringInstrumentation.java:470)
03-09 01:15:55.463 19103 19103 E DevLauncherController: 	at android.app.ActivityThread.handleBindApplication(ActivityThread.java:7830)
03-09 01:15:55.463 19103 19103 E DevLauncherController: 	at android.app.ActivityThread.-$$Nest$mhandleBindApplication(Unknown Source:0)
03-09 01:15:55.463 19103 19103 E DevLauncherController: 	at android.app.ActivityThread$H.handleMessage(ActivityThread.java:2546)
03-09 01:15:55.463 19103 19103 E DevLauncherController: 	at android.os.Handler.dispatchMessage(Handler.java:110)
03-09 01:15:55.463 19103 19103 E DevLauncherController: 	at android.os.Looper.loopOnce(Looper.java:248)
03-09 01:15:55.463 19103 19103 E DevLauncherController: 	at android.os.Looper.loop(Looper.java:338)
03-09 01:15:55.463 19103 19103 E DevLauncherController: 	at android.app.ActivityThread.main(ActivityThread.java:9067)
03-09 01:15:55.463 19103 19103 E DevLauncherController: 	at java.lang.reflect.Method.invoke(Native Method)
03-09 01:15:55.463 19103 19103 E DevLauncherController: 	at com.android.internal.os.RuntimeInit$MethodAndArgsCaller.run(RuntimeInit.java:593)
03-09 01:15:55.463 19103 19103 E DevLauncherController: 	at com.android.internal.os.ZygoteInit.main(ZygoteInit.java:932)
03-09 01:15:55.463 19103 19103 E DevLauncherController: Caused by: java.lang.ClassNotFoundException: Didn't find class "expo.modules.splashscreen.SplashScreenManager" on path: DexPathList[[zip file "/system/framework/android.test.runner.jar", zip file "/system/framework/android.test.mock.jar", zip file "/system/framework/android.test.base.jar", zip file "/data/app/~~xiTg5hs3jCLxb8g-gWYF-Q==/com.notesbrain.echo.test-wlNP-1W_YL1Yb3A14gB6FQ==/base.apk", zip file "/data/app/~~G4WkLMCTy_gONrfYdT0gjg==/com.notesbrain.echo-YY9p3W9DuQ41vH06d-QrWw==/base.apk"],nativeLibraryDirectories=[/data/app/~~xiTg5hs3jCLxb8g-gWYF-Q==/com.notesbrain.echo.test-wlNP-1W_YL1Yb3A14gB6FQ==/lib/arm64, /data/app/~~G4WkLMCTy_gONrfYdT0gjg==/com.notesbrain.echo-YY9p3W9DuQ41vH06d-QrWw==/lib/arm64, /data/app/~~xiTg5hs3jCLxb8g-gWYF-Q==/com.notesbrain.echo.test-wlNP-1W_YL1Yb3A14gB6FQ==/base.apk!/lib/arm64-v8a, /data/app/~~G4WkLMCTy_gONrfYdT0gjg==/com.notesbrain.echo-YY9p3W9DuQ41vH06d-QrWw==/base.apk!/lib/arm64-v8a, /system/lib64, /system_ext/lib64]]
03-09 01:15:55.463 19103 19103 E DevLauncherController: 	at dalvik.system.BaseDexClassLoader.findClass(BaseDexClassLoader.java:259)
03-09 01:15:55.463 19103 19103 E DevLauncherController: 	at java.lang.ClassLoader.loadClass(ClassLoader.java:637)
03-09 01:15:55.463 19103 19103 E DevLauncherController: 	at java.lang.ClassLoader.loadClass(ClassLoader.java:573)
03-09 01:15:55.463 19103 19103 E DevLauncherController: 	... 21 more
03-09 01:15:55.545 19103 19103 I Choreographer: Skipped 105 frames!  The application may be doing too much work on its main thread.
03-09 01:15:55.617 19103 19146 I InstrConnection: Could not send broadcast or register receiver (isolatedProcess?)
03-09 01:15:55.631 19103 19146 D TestRequestBuilder: Using class path scanning to discover tests
03-09 01:15:55.631 19103 19146 I TestRequestBuilder: Scanning classpath to find tests in paths [/data/app/~~xiTg5hs3jCLxb8g-gWYF-Q==/com.notesbrain.echo.test-wlNP-1W_YL1Yb3A14gB6FQ==/base.apk]
03-09 01:15:55.633 19103 19146 W notesbrain.echo: Opening an oat file without a class loader. Are you using the deprecated DexFile APIs?
03-09 01:15:57.016 19103 19146 I TestRunner: run started: 1 tests
03-09 01:15:57.042 19103 19146 I TestRunner: started: runDetoxTests(com.notesbrain.echo.DetoxTest)
03-09 01:15:57.078 19103 19146 I Detox   : Detox server connection details: url=ws://localhost:60739, sessionId=6ccfcef3-19f3-110a-bd72-970ba94386ed
03-09 01:15:57.165 19103 19146 I Tracing : Tracer added: class androidx.test.platform.tracing.AndroidXTracer
03-09 01:15:57.293 19103 19146 I notesbrain.echo: hiddenapi: Accessing hidden field Ljava/lang/reflect/Field;->accessFlags:I (runtime_flags=0, domain=core-platform, api=unsupported) from Lorg/joor/Reflect; (domain=app) using reflection: allowed
03-09 01:15:57.307 19103 19146 I Detox   : Connecting to server...
03-09 01:15:57.308 19103 19146 I DetoxWSClient: At connectToServer
03-09 01:15:57.346 19103 19168 D DetoxWSClient: At onOpen
03-09 01:15:57.346 19103 19168 I DetoxWSClient: Sending out action 'login' (ID #0)
03-09 01:15:57.350 19103 19168 I Detox   : Connected to server!
03-09 01:15:57.357 19103 19168 D DetoxWSClient: Received action 'loginSuccess' (ID #0, params={"testerConnected":true,"appConnected":true})
03-09 01:15:57.358 19103 19163 I DetoxDispatcher: Handling action 'loginSuccess' (ID #0)...
03-09 01:15:57.358 19103 19163 I DetoxDispatcher: Done with action 'loginSuccess'
03-09 01:15:57.360 19103 19146 I Detox   : Launching the tested activity!
03-09 01:15:57.418 19103 19168 D DetoxWSClient: Received action 'isReady' (ID #-1000, params={})
03-09 01:15:57.418 19103 19163 I DetoxDispatcher: Handling action 'isReady' (ID #-1000)...
03-09 01:15:57.685 19103 19175 I DisplayManager: Choreographer implicitly registered for the refresh rate.
03-09 01:15:57.860 19103 19103 I notesbrain.echo: AssetManager2(0xb400007662c46378) locale list changing from [] to [en-US]
03-09 01:15:57.976 19103 19103 D AppCompatDelegate: Checking for metadata for AppLocalesMetadataHolderService : Service not found
03-09 01:15:57.979 19103 19103 I notesbrain.echo: AssetManager2(0xb400007662c49258) locale list changing from [] to [en-US]
03-09 01:15:58.046 19103 19103 E ashmem  : Pinning is deprecated since Android Q. Please use trim or other methods.
03-09 01:15:58.088 19103 19103 D LifecycleMonitor: Lifecycle status change: com.notesbrain.echo.MainActivity@fbf2fa9 in: PRE_ON_CREATE
03-09 01:15:58.360 19103 19103 D CompatChangeReporter: Compat change id reported: 377864165; UID 10226; state: ENABLED
03-09 01:15:58.362 19103 19103 D DesktopModeFlags: Toggle override initialized to: OVERRIDE_UNSET
03-09 01:15:58.412 19103 19175 I EGL_emulation: Opening libGLESv1_CM_emulation.so
03-09 01:15:58.417 19103 19175 I EGL_emulation: Opening libGLESv2_emulation.so
03-09 01:15:58.673 19103 19103 I notesbrain.echo: hiddenapi: Accessing hidden method Landroid/view/ViewGroup;->makeOptionalFitsSystemWindows()V (runtime_flags=0, domain=platform, api=unsupported) from Landroidx/appcompat/widget/ViewUtils; (domain=app) using reflection: allowed
03-09 01:15:58.678 19103 19175 W HWUI    : Failed to choose config with EGL_SWAP_BEHAVIOR_PRESERVED, retrying without...
03-09 01:15:58.684 19103 19175 W HWUI    : Failed to initialize 101010-2 format, error = EGL_SUCCESS
03-09 01:15:58.878 19103 19103 I ExpoDevMenu: Set new dev-menu delegate: class expo.modules.devmenu.DevMenuDefaultDelegate
03-09 01:15:58.921 19103 19103 D LifecycleMonitor: Lifecycle status change: com.notesbrain.echo.MainActivity@fbf2fa9 in: CREATED
03-09 01:15:58.936 19103 19103 D LifecycleMonitor: Lifecycle status change: com.notesbrain.echo.MainActivity@fbf2fa9 in: STARTED
03-09 01:15:58.941 19103 19103 W WindowOnBackDispatcher: OnBackInvokedCallback is not enabled for the application.
03-09 01:15:58.941 19103 19103 W WindowOnBackDispatcher: Set 'android:enableOnBackInvokedCallback="true"' in the application manifest.
03-09 01:15:58.967 19103 19103 D LifecycleMonitor: Lifecycle status change: com.notesbrain.echo.MainActivity@fbf2fa9 in: RESUMED
03-09 01:15:59.019 19103 19103 W HWUI    : Unknown dataspace 0
03-09 01:15:59.097 19103 19103 D LifecycleMonitor: Lifecycle status change: com.notesbrain.echo.MainActivity@fbf2fa9 in: PAUSED
03-09 01:15:59.588 19103 19103 D LifecycleMonitor: Lifecycle status change: expo.modules.devlauncher.launcher.DevLauncherActivity@5238931 in: PRE_ON_CREATE
03-09 01:15:59.677 19103 19110 I notesbrain.echo: Background concurrent mark compact GC freed 12MB AllocSpace bytes, 35(2464KB) LOS objects, 49% free, 4665KB/9331KB, paused 1.851ms,2.043ms total 436.027ms
03-09 01:15:59.769 19103 19103 D LifecycleMonitor: Lifecycle status change: expo.modules.devlauncher.launcher.DevLauncherActivity@5238931 in: CREATED
03-09 01:15:59.787 19103 19103 D LifecycleMonitor: Lifecycle status change: expo.modules.devlauncher.launcher.DevLauncherActivity@5238931 in: STARTED
03-09 01:15:59.795 19103 19103 D LifecycleMonitor: Lifecycle status change: expo.modules.devlauncher.launcher.DevLauncherActivity@5238931 in: RESUMED
03-09 01:15:59.842 19103 19103 D VRI[MainActivity]: visibilityChanged oldVisibility=true newVisibility=false
03-09 01:16:00.544 19103 19103 I notesbrain.echo: hiddenapi: Accessing hidden method Landroid/os/SystemProperties;->addChangeCallback(Ljava/lang/Runnable;)V (runtime_flags=0, domain=platform, api=unsupported) from Landroidx/compose/ui/platform/AndroidComposeView$Companion; (domain=app) using reflection: allowed
03-09 01:16:01.954 19103 19103 W HWUI    : Image decoding logging dropped!
03-09 01:16:02.132 19103 19110 I notesbrain.echo: Background concurrent mark compact GC freed 2025KB AllocSpace bytes, 0(0B) LOS objects, 49% free, 7564KB/14MB, paused 1.419ms,2.506ms total 213.784ms
03-09 01:16:02.177 19103 19109 I notesbrain.echo: Compiler allocated 5111KB to compile void android.view.ViewRootImpl.performTraversals()
03-09 01:16:03.108 19103 19118 I HWUI    : Davey! duration=3246ms; Flags=1, FrameTimelineVsyncId=24691912, IntendedVsync=142549360901954, Vsync=142549377568620, InputEventId=0, HandleInputStart=142549393267317, AnimationStart=142549393269025, PerformTraversalsStart=142549393270025, DrawStart=142552356899985, FrameDeadline=142549377568620, FrameStartTime=142549393256900, FrameInterval=16666666, WorkloadTarget=16666666, SyncQueued=142552414743902, SyncStart=142552419961694, IssueDrawCommandsStart=142552427298860, SwapBuffers=142552585116360, FrameCompleted=142552613073444, DequeueBufferDuration=5917, QueueBufferDuration=878167, GpuCompleted=142552613073444, SwapBuffersCompleted=142552601646610, DisplayPresentTime=0, CommandSubmissionCompleted=142552585116360, 
03-09 01:16:03.313 19103 19103 I Choreographer: Skipped 201 frames!  The application may be doing too much work on its main thread.
03-09 01:16:03.664 19103 19198 D ProfileInstaller: Installing profile for com.notesbrain.echo
03-09 01:16:03.859 19103 19126 I HWUI    : Davey! duration=3887ms; Flags=0, FrameTimelineVsyncId=24691934, IntendedVsync=142549494235282, Vsync=142552844235148, InputEventId=0, HandleInputStart=142552858051944, AnimationStart=142552858053610, PerformTraversalsStart=142553106785027, DrawStart=142553138951527, FrameDeadline=142552644235156, FrameStartTime=142552857838735, FrameInterval=16666666, WorkloadTarget=16666666, SyncQueued=142553164940777, SyncStart=142553167840236, IssueDrawCommandsStart=142553168505444, SwapBuffers=142553363328277, FrameCompleted=142553384177069, DequeueBufferDuration=7500, QueueBufferDuration=1534209, GpuCompleted=142553384177069, SwapBuffersCompleted=142553378103152, DisplayPresentTime=0, CommandSubmissionCompleted=142553363328277, 
03-09 01:16:04.000 19103 19103 D LifecycleMonitor: Lifecycle status change: com.notesbrain.echo.MainActivity@fbf2fa9 in: STOPPED
03-09 01:16:04.008 19103 19103 D LifecycleMonitor: Lifecycle status change: com.notesbrain.echo.MainActivity@fbf2fa9 in: DESTROYED
03-09 01:16:04.009 19103 19103 W WindowOnBackDispatcher: sendCancelIfRunning: isInProgress=false callback=android.view.ViewRootImpl$$ExternalSyntheticLambda13@47745f2
03-09 01:16:04.025 19103 19103 D ViewRootImpl: Skipping stats log for color mode
03-09 01:16:07.369 19103 19168 D DetoxWSClient: Received action 'currentStatus' (ID #3, params={})
03-09 01:16:07.376 19103 19164 I DetoxDispatcher: Handling action 'currentStatus' (ID #3)...
03-09 01:17:04.630 19103 19103 I notesbrain.echo: hiddenapi: Accessing hidden field Landroid/app/Activity;->mResultCode:I (runtime_flags=0, domain=platform, api=unsupported) from Landroidx/test/rule/ActivityTestRule; (domain=app) using reflection: allowed
03-09 01:17:04.630 19103 19103 I notesbrain.echo: hiddenapi: Accessing hidden field Landroid/app/Activity;->mResultData:Landroid/content/Intent; (runtime_flags=0, domain=platform, api=unsupported) from Landroidx/test/rule/ActivityTestRule; (domain=app) using reflection: allowed
03-09 01:17:04.631 19103 19103 I Detox   : Wait is over: App is now idle!
03-09 01:17:04.632 19103 19163 I DetoxWSClient: Sending out action 'ready' (ID #-1000)
03-09 01:17:04.632 19103 19163 I DetoxDispatcher: Done with action 'isReady'
03-09 01:17:04.644 19103 19146 E TestRunner: failed: runDetoxTests(com.notesbrain.echo.DetoxTest)
03-09 01:17:04.645 19103 19146 E TestRunner: ----- begin exception -----
03-09 01:17:04.645 19103 19146 E TestRunner: com.wix.detox.common.DetoxErrors$DetoxRuntimeException: Waited for the new RN-context for too long! (60 seconds)
03-09 01:17:04.645 19103 19146 E TestRunner: If you think that's not long enough, consider applying a custom Detox runtime-config in DetoxTest.runTests().
03-09 01:17:04.645 19103 19146 E TestRunner: 	at com.wix.detox.reactnative.ReactNativeLoadingMonitor.awaitNewRNContext(ReactNativeLoadingMonitor.kt:54)
03-09 01:17:04.645 19103 19146 E TestRunner: 	at com.wix.detox.reactnative.ReactNativeLoadingMonitor.getNewContext(ReactNativeLoadingMonitor.kt:26)
03-09 01:17:04.645 19103 19146 E TestRunner: 	at com.wix.detox.reactnative.ReactNativeExtension.awaitNewReactNativeContext(ReactNativeExtension.kt:127)
03-09 01:17:04.645 19103 19146 E TestRunner: 	at com.wix.detox.reactnative.ReactNativeExtension.waitForRNBootstrap(ReactNativeExtension.kt:37)
03-09 01:17:04.645 19103 19146 E TestRunner: 	at com.wix.detox.DetoxMain.launchActivity(DetoxMain.kt:133)
03-09 01:17:04.645 19103 19146 E TestRunner: 	at com.wix.detox.DetoxMain.launchActivityOnCue(DetoxMain.kt:55)
03-09 01:17:04.645 19103 19146 E TestRunner: 	at com.wix.detox.DetoxMain.run(DetoxMain.kt:35)
03-09 01:17:04.645 19103 19146 E TestRunner: 	at com.wix.detox.Detox.runTests(Detox.java:127)
03-09 01:17:04.645 19103 19146 E TestRunner: 	at com.wix.detox.Detox.runTests(Detox.java:113)
03-09 01:17:04.645 19103 19146 E TestRunner: 	at com.wix.detox.Detox.runTests(Detox.java:84)
03-09 01:17:04.645 19103 19146 E TestRunner: 	at com.notesbrain.echo.DetoxTest.runDetoxTests(DetoxTest.java:20)
03-09 01:17:04.645 19103 19146 E TestRunner: 	at java.lang.reflect.Method.invoke(Native Method)
03-09 01:17:04.645 19103 19146 E TestRunner: 	at org.junit.runners.model.FrameworkMethod$1.runReflectiveCall(FrameworkMethod.java:59)
03-09 01:17:04.645 19103 19146 E TestRunner: 	at org.junit.internal.runners.model.ReflectiveCallable.run(ReflectiveCallable.java:12)
03-09 01:17:04.645 19103 19146 E TestRunner: 	at org.junit.runners.model.FrameworkMethod.invokeExplosively(FrameworkMethod.java:56)
03-09 01:17:04.645 19103 19146 E TestRunner: 	at org.junit.internal.runners.statements.InvokeMethod.evaluate(InvokeMethod.java:17)
03-09 01:17:04.645 19103 19146 E TestRunner: 	at androidx.test.rule.ActivityTestRule$ActivityStatement.evaluate(ActivityTestRule.java:522)
03-09 01:17:04.645 19103 19146 E TestRunner: 	at org.junit.runners.ParentRunner$3.evaluate(ParentRunner.java:306)
03-09 01:17:04.645 19103 19146 E TestRunner: 	at org.junit.runners.BlockJUnit4ClassRunner$1.evaluate(BlockJUnit4ClassRunner.java:100)
03-09 01:17:04.645 19103 19146 E TestRunner: 	at org.junit.runners.ParentRunner.runLeaf(ParentRunner.java:366)
03-09 01:17:04.645 19103 19146 E TestRunner: 	at org.junit.runners.BlockJUnit4ClassRunner.runChild(BlockJUnit4ClassRunner.java:103)
03-09 01:17:04.645 19103 19146 E TestRunner: 	at org.junit.runners.BlockJUnit4ClassRunner.runChild(BlockJUnit4ClassRunner.java:63)
03-09 01:17:04.645 19103 19146 E TestRunner: 	at org.junit.runners.ParentRunner$4.run(ParentRunner.java:331)
03-09 01:17:04.645 19103 19146 E TestRunner: 	at org.junit.runners.ParentRunner$1.schedule(ParentRunner.java:79)
03-09 01:17:04.645 19103 19146 E TestRunner: 	at org.junit.runners.ParentRunner.runChildren(ParentRunner.java:329)
03-09 01:17:04.645 19103 19146 E TestRunner: 	at org.junit.runners.ParentRunner.access$100(ParentRunner.java:66)
03-09 01:17:04.645 19103 19146 E TestRunner: 	at org.junit.runners.ParentRunner$2.evaluate(ParentRunner.java:293)
03-09 01:17:04.645 19103 19146 E TestRunner: 	at org.junit.runners.ParentRunner$3.evaluate(ParentRunner.java:306)
03-09 01:17:04.645 19103 19146 E TestRunner: 	at org.junit.runners.ParentRunner.run(ParentRunner.java:413)
03-09 01:17:04.645 19103 19146 E TestRunner: 	at androidx.test.ext.junit.runners.AndroidJUnit4.run(AndroidJUnit4.java:162)
03-09 01:17:04.645 19103 19146 E TestRunner: 	at org.junit.runners.Suite.runChild(Suite.java:128)
03-09 01:17:04.645 19103 19146 E TestRunner: 	at org.junit.runners.Suite.runChild(Suite.java:27)
03-09 01:17:04.645 19103 19146 E TestRunner: 	at org.junit.runners.ParentRunner$4.run(ParentRunner.java:331)
03-09 01:17:04.645 19103 19146 E TestRunner: 	at org.junit.runners.ParentRunner$1.schedule(ParentRunner.java:79)
03-09 01:17:04.645 19103 19146 E TestRunner: 	at org.junit.runners.ParentRunner.runChildren(ParentRunner.java:329)
03-09 01:17:04.645 19103 19146 E TestRunner: 	at org.junit.runners.ParentRunner.access$100(ParentRunner.java:66)
03-09 01:17:04.645 19103 19146 E TestRunner: 	at org.junit.runners.ParentRunner$2.evaluate(ParentRunner.java:293)
03-09 01:17:04.645 19103 19146 E TestRunner: 	at org.junit.runners.ParentRunner$3.evaluate(ParentRunner.java:306)
03-09 01:17:04.645 19103 19146 E TestRunner: 	at org.junit.runners.ParentRunner.run(ParentRunner.java:413)
03-09 01:17:04.645 19103 19146 E TestRunner: 	at org.junit.runner.JUnitCore.run(JUnitCore.java:137)
03-09 01:17:04.645 19103 19146 E TestRunner: 	at org.junit.runner.JUnitCore.run(JUnitCore.java:115)
03-09 01:17:04.645 19103 19146 E TestRunner: 	at androidx.test.internal.runner.TestExecutor.execute(TestExecutor.java:68)
03-09 01:17:04.645 19103 19146 E TestRunner: 	at androidx.test.internal.runner.TestExecutor.execute(TestExecutor.java:59)
03-09 01:17:04.645 19103 19146 E TestRunner: 	at androidx.test.runner.AndroidJUnitRunner.onStart(AndroidJUnitRunner.java:467)
03-09 01:17:04.645 19103 19146 E TestRunner: 	at android.app.Instrumentation$InstrumentationThread.run(Instrumentation.java:2597)
03-09 01:17:04.645 19103 19146 E TestRunner: ----- end exception -----
03-09 01:17:04.649 19103 19164 I DetoxWSClient: Sending out action 'currentStatusResult' (ID #3)
03-09 01:17:04.649 19103 19164 I DetoxDispatcher: Done with action 'currentStatus'
03-09 01:17:04.653 19103 19146 I TestRunner: finished: runDetoxTests(com.notesbrain.echo.DetoxTest)
03-09 01:17:04.659 19103 19103 I MonitoringInstr: Finishing activity: expo.modules.devlauncher.launcher.DevLauncherActivity@5238931
03-09 01:17:04.666 19103 19146 I MonitoringInstr: Unstopped activity count: 1
03-09 01:17:04.679 19103 19103 D LifecycleMonitor: Lifecycle status change: expo.modules.devlauncher.launcher.DevLauncherActivity@5238931 in: PAUSED
03-09 01:17:04.744 19103 19146 I MonitoringInstr: Unstopped activity count: 1
03-09 01:17:04.833 19103 19146 I MonitoringInstr: Unstopped activity count: 1
03-09 01:17:04.887 19103 19146 I MonitoringInstr: Unstopped activity count: 1
03-09 01:17:04.930 19103 19168 D DetoxWSClient: Received action 'invoke' (ID #4, params={"target":{"type":"Class","value":"com.wix.detox.espresso.DetoxAssertion"},"method":"waitForAssertMatcher","args":[{"type":"Invocation","value":{"target":{"type":"Class","value":"androidx.test.espresso.Espresso"},"method":"onView","args":[{"type":"Invocation","value":{"target":{"type":"Class","value":"com.wix.detox.espresso.DetoxMatcher"},"method":"matcherForTestId","args":["login-email-input",{"type":"boolean","value":false}]}}]}},{"type":"Invocation","value":{"target":{"type":"Class","value":"com.wix.detox.espresso.DetoxMatcher"},"method":"matcherForSufficientlyVisible","args":[{"type":"Integer","value":75}]}},{"type":"Double","value":15}]})
03-09 01:17:04.961 19103 19163 I DetoxDispatcher: Handling action 'invoke' (ID #4)...
03-09 01:17:04.964 19103 19146 I MonitoringInstr: Unstopped activity count: 1
03-09 01:17:04.983 19103 19163 D Detox   : class com.wix.detox.espresso.DetoxMatcher, matcherForTestId, [login-email-input, false]
03-09 01:17:05.031 19103 19146 I MonitoringInstr: Unstopped activity count: 1
03-09 01:17:05.113 19103 19146 I MonitoringInstr: Unstopped activity count: 1
03-09 01:17:05.113 19103 19163 W notesbrain.echo: Verification of void org.apache.commons.lang3.ArrayUtils.<clinit>() took 129.441ms (602.59 bytecodes/s) (0B arena alloc)
03-09 01:17:05.168 19103 19146 I MonitoringInstr: Unstopped activity count: 1
03-09 01:17:05.180 19103 19163 D Detox   : class androidx.test.espresso.Espresso, onView, [(view.getTag() is "login-email-input" and view has effective visibility <VISIBLE>)]
03-09 01:17:05.238 19103 19163 D Detox   : class com.wix.detox.espresso.DetoxMatcher, matcherForSufficientlyVisible, [75]
03-09 01:17:05.239 19103 19163 D Detox   : class com.wix.detox.espresso.DetoxAssertion, waitForAssertMatcher, [androidx.test.espresso.ViewInteraction@bbdf2ab, (view has effective visibility <VISIBLE> and view.getGlobalVisibleRect() covers at least <75> percent of the view's area), 15.0]
03-09 01:17:05.247 19103 19146 I MonitoringInstr: Unstopped activity count: 1
03-09 01:17:05.352 19103 19146 I MonitoringInstr: Unstopped activity count: 1
03-09 01:17:05.385 19103 19103 W RootViewPicker: No activity currently resumed - waiting: 10ms for one to appear.
03-09 01:17:05.400 19103 19103 W RootViewPicker: No activity currently resumed - waiting: 50ms for one to appear.
03-09 01:17:05.455 19103 19146 I MonitoringInstr: Unstopped activity count: 1
03-09 01:17:05.461 19103 19103 W RootViewPicker: No activity currently resumed - waiting: 100ms for one to appear.
03-09 01:17:05.517 19103 19146 I MonitoringInstr: Unstopped activity count: 1
03-09 01:17:05.571 19103 19146 I MonitoringInstr: Unstopped activity count: 1
03-09 01:17:05.607 19103 19103 W RootViewPicker: No activity currently resumed - waiting: 500ms for one to appear.
03-09 01:17:05.676 19103 19146 I MonitoringInstr: Unstopped activity count: 1
03-09 01:17:05.731 19103 19146 I MonitoringInstr: Unstopped activity count: 1
03-09 01:17:05.793 19103 19146 I MonitoringInstr: Unstopped activity count: 1
03-09 01:17:05.857 19103 19146 I MonitoringInstr: Unstopped activity count: 1
03-09 01:17:05.912 19103 19146 I MonitoringInstr: Unstopped activity count: 1
03-09 01:17:06.394 19103 19146 I MonitoringInstr: Unstopped activity count: 1
03-09 01:17:06.653 19103 19103 W RootViewPicker: No activity currently resumed - waiting: 2000ms for one to appear.
03-09 01:17:06.653 19103 19146 I MonitoringInstr: Unstopped activity count: 1
03-09 01:17:06.802 19103 19146 E THREAD_STATE:   Thread[ReferenceQueueDaemon,5,system]
03-09 01:17:06.802 19103 19146 E THREAD_STATE:     java.lang.Object.wait(Native Method)
03-09 01:17:06.802 19103 19146 E THREAD_STATE:     java.lang.Object.wait(Object.java:405)
03-09 01:17:06.802 19103 19146 E THREAD_STATE:     java.lang.Object.wait(Object.java:543)
03-09 01:17:06.802 19103 19146 E THREAD_STATE:     java.lang.Daemons$ReferenceQueueDaemon.runInternal(Daemons.java:260)
03-09 01:17:06.802 19103 19146 E THREAD_STATE:     java.lang.Daemons$Daemon.run(Daemons.java:132)
03-09 01:17:06.802 19103 19146 E THREAD_STATE:     java.lang.Thread.run(Thread.java:1119)
03-09 01:17:06.802 19103 19146 E THREAD_STATE: 
03-09 01:17:06.802 19103 19146 E THREAD_STATE:   Thread[OkHttp TaskRunner,5,main]
03-09 01:17:06.802 19103 19146 E THREAD_STATE:     jdk.internal.misc.Unsafe.park(Native Method)
03-09 01:17:06.802 19103 19146 E THREAD_STATE:     java.util.concurrent.locks.LockSupport.parkNanos(LockSupport.java:410)
03-09 01:17:06.802 19103 19146 E THREAD_STATE:     java.util.concurrent.LinkedTransferQueue$DualNode.await(LinkedTransferQueue.java:452)
03-09 01:17:06.802 19103 19146 E THREAD_STATE:     java.util.concurrent.SynchronousQueue$Transferer.xferLifo(SynchronousQueue.java:194)
03-09 01:17:06.802 19103 19146 E THREAD_STATE:     java.util.concurrent.SynchronousQueue.xfer(SynchronousQueue.java:233)
03-09 01:17:06.802 19103 19146 E THREAD_STATE:     java.util.concurrent.SynchronousQueue.poll(SynchronousQueue.java:336)
03-09 01:17:06.802 19103 19146 E THREAD_STATE:     java.util.concurrent.ThreadPoolExecutor.getTask(ThreadPoolExecutor.java:1081)
03-09 01:17:06.802 19103 19146 E THREAD_STATE:     java.util.concurrent.ThreadPoolExecutor.runWorker(ThreadPoolExecutor.java:1142)
03-09 01:17:06.802 19103 19146 E THREAD_STATE:     java.util.concurrent.ThreadPoolExecutor$Worker.run(ThreadPoolExecutor.java:651)
03-09 01:17:06.802 19103 19146 E THREAD_STATE:     java.lang.Thread.run(Thread.java:1119)
03-09 01:17:06.802 19103 19146 E THREAD_STATE: 
03-09 01:17:06.802 19103 19146 E THREAD_STATE:   Thread[binder:19103_3,5,main]
03-09 01:17:06.802 19103 19146 E THREAD_STATE: 
03-09 01:17:06.802 19103 19146 E THREAD_STATE:   Thread[OkHttp http://localhost:60739/...,5,main]
03-09 01:17:06.802 19103 19146 E THREAD_STATE:     java.net.SocketInputStream.socketRead0(Native Method)
03-09 01:17:06.802 19103 19146 E THREAD_STATE:     java.net.SocketInputStream.socketRead(SocketInputStream.java:118)
03-09 01:17:06.802 19103 19146 E THREAD_STATE:     java.net.SocketInputStream.read(SocketInputStream.java:173)
03-09 01:17:06.802 19103 19146 E THREAD_STATE:     java.net.SocketInputStream.read(SocketInputStream.java:143)
03-09 01:17:06.802 19103 19146 E THREAD_STATE:     okio.InputStreamSource.read(JvmOkio.kt:93)
03-09 01:17:06.802 19103 19146 E THREAD_STATE:     okio.AsyncTimeout$source$1.read(AsyncTimeout.kt:153)
03-09 01:17:06.802 19103 19146 E THREAD_STATE:     okio.RealBufferedSource.request(RealBufferedSource.kt:211)
03-09 01:17:06.802 19103 19146 E THREAD_STATE:     okio.RealBufferedSource.require(RealBufferedSource.kt:204)
03-09 01:17:06.802 19103 19146 E THREAD_STATE:     okio.RealBufferedSource.readByte(RealBufferedSource.kt:214)
03-09 01:17:06.802 19103 19146 E THREAD_STATE:     okhttp3.internal.ws.WebSocketReader.readHeader(WebSocketReader.kt:119)
03-09 01:17:06.802 19103 19146 E THREAD_STATE:     okhttp3.internal.ws.WebSocketReader.processNextFrame(WebSocketReader.kt:102)
03-09 01:17:06.802 19103 19146 E THREAD_STATE:     okhttp3.internal.ws.RealWebSocket.loopReader(RealWebSocket.kt:293)
03-09 01:17:06.802 19103 19146 E THREAD_STATE:     okhttp3.internal.ws.RealWebSocket$connect$1.onResponse(RealWebSocket.kt:195)
03-09 01:17:06.802 19103 19146 E THREAD_STATE:     okhttp3.internal.connection.RealCall$AsyncCall.run(RealCall.kt:519)
03-09 01:17:06.802 19103 19146 E THREAD_STATE:     java.util.concurrent.ThreadPoolExecutor.runWorker(ThreadPoolExecutor.java:1156)
03-09 01:17:06.802 19103 19146 E THREAD_STATE:     java.util.concurrent.ThreadPoolExecutor$Worker.run(ThreadPoolExecutor.java:651)
03-09 01:17:06.802 19103 19146 E THREAD_STATE:     java.lang.Thread.run(Thread.java:1119)
03-09 01:17:06.802 19103 19146 E THREAD_STATE: 
03-09 01:17:06.802 19103 19146 E THREAD_STATE:   Thread[DefaultDispatcher-worker-3,5,main]
03-09 01:17:06.802 19103 19146 E THREAD_STATE:     jdk.internal.misc.Unsafe.park(Native Method)
03-09 01:17:06.802 19103 19146 E THREAD_STATE:     java.util.concurrent.locks.LockSupport.parkNanos(LockSupport.java:410)
03-09 01:17:06.802 19103 19146 E THREAD_STATE:     kotlinx.coroutines.scheduling.CoroutineScheduler$Worker.park(CoroutineScheduler.kt:858)
03-09 01:17:06.802 19103 19146 E THREAD_STATE:     kotlinx.coroutines.scheduling.CoroutineScheduler$Worker.tryPark(CoroutineScheduler.kt:806)
03-09 01:17:06.802 19103 19146 E THREAD_STATE:     kotlinx.coroutines.scheduling.CoroutineScheduler$Worker.runWorker(CoroutineScheduler.kt:754)
03-09 01:17:06.802 19103 19146 E THREAD_STATE:     kotlinx.coroutines.scheduling.CoroutineScheduler$Worker.run(CoroutineScheduler.kt:707)
03-09 01:17:06.802 19103 19146 E THREAD_STATE: 
03-09 01:17:06.802 19103 19146 E THREAD_STATE:   Thread[binder:19103_2,5,main]
03-09 01:17:06.802 19103 19146 E THREAD_STATE: 
03-09 01:17:06.802 19103 19146 E THREAD_STATE:   Thread[hwuiTask1,6,main]
03-09 01:17:06.802 19103 19146 E THREAD_STATE: 
03-09 01:17:06.802 19103 19146 E THREAD_STATE:   Thread[Firebase-Messaging-Topics-Io,5,main]
03-09 01:17:06.802 19103 19146 E THREAD_STATE:     jdk.internal.misc.Unsafe.park(Native Method)
03-09 01:17:06.802 19103 19146 E THREAD_STATE:     java.util.concurrent.locks.LockSupport.park(LockSupport.java:371)
03-09 01:17:06.802 19103 19146 E THREAD_STATE:     java.util.concurrent.locks.AbstractQueuedSynchronizer$ConditionNode.block(AbstractQueuedSynchronizer.java:519)
03-09 01:17:06.802 19103 19146 E THREAD_STATE:     java.util.concurrent.ForkJoinPool.unmanagedBlock(ForkJoinPool.java:3805)
03-09 01:17:06.802 19103 19146 E THREAD_STATE:     java.util.concurrent.ForkJoinPool.managedBlock(ForkJoinPool.java:3746)
03-09 01:17:06.802 19103 19146 E THREAD_STATE:     java.util.concurrent.locks.AbstractQueuedSynchronizer$ConditionObject.await(AbstractQueuedSynchronizer.java:1707)
03-09 01:17:06.802 19103 19146 E THREAD_STATE:     java.util.concurrent.ScheduledThreadPoolExecutor$DelayedWorkQueue.take(ScheduledThreadPoolExecutor.java:1224)
03-09 01:17:06.802 19103 19146 E THREAD_STATE:     java.util.concurrent.ScheduledThreadPoolExecutor$DelayedWorkQueue.take(ScheduledThreadPoolExecutor.java:953)
03-09 01:17:06.802 19103 19146 E THREAD_STATE:     java.util.concurrent.ThreadPoolExecutor.getTask(ThreadPoolExecutor.java:1082)
03-09 01:17:06.802 19103 19146 E THREAD_STATE:     java.util.concurrent.ThreadPoolExecutor.runWorker(ThreadPoolExecutor.java:1142)
03-09 01:17:06.802 19103 19146 E THREAD_STATE:     java.util.concurrent.ThreadPoolExecutor$Worker.run(ThreadPoolExecutor.java:651)
03-09 01:17:06.802 19103 19146 E THREAD_STATE:     com.google.android.gms.common.util.concurrent.zza.run(com.google.android.gms:play-services-basement@@18.3.0:2)
03-09 01:17:06.802 19103 19146 E THREAD_STATE:     java.lang.Thread.run(Thread.java:1119)
03-09 01:17:06.802 19103 19146 E THREAD_STATE: 
03-09 01:17:06.802 19103 19146 E THREAD_STATE:   Thread[detox.primary,5,main]
03-09 01:17:06.802 19103 19146 E THREAD_STATE:     jdk.internal.misc.Unsafe.park(Native Method)
03-09 01:17:06.802 19103 19146 E THREAD_STATE:     java.util.concurrent.locks.LockSupport.park(LockSupport.java:371)
03-09 01:17:06.802 19103 19146 E THREAD_STATE:     java.util.concurrent.locks.AbstractQueuedSynchronizer$ConditionNode.block(AbstractQueuedSynchronizer.java:519)
03-09 01:17:06.802 19103 19146 E THREAD_STATE:     java.util.concurrent.ForkJoinPool.unmanagedBlock(ForkJoinPool.java:3805)
03-09 01:17:06.802 19103 19146 E THREAD_STATE:     java.util.concurrent.ForkJoinPool.managedBlock(ForkJoinPool.java:3746)
03-09 01:17:06.802 19103 19146 E THREAD_STATE:     java.util.concurrent.locks.AbstractQueuedSynchronizer$ConditionObject.await(AbstractQueuedSynchronizer.java:1707)
03-09 01:17:06.802 19103 19146 E THREAD_STATE:     java.util.concurrent.LinkedBlockingQueue.take(LinkedBlockingQueue.java:435)
03-09 01:17:06.802 19103 19146 E THREAD_STATE:     androidx.test.espresso.InteractionResultsHandler.gatherAnyResult(InteractionResultsHandler.java:83)
03-09 01:17:06.802 19103 19146 E THREAD_STATE:     androidx.test.espresso.InteractionResultsHandler.gatherAnyResult(InteractionResultsHandler.java:52)
03-09 01:17:06.802 19103 19146 E THREAD_STATE:     androidx.test.espresso.ViewInteraction.waitForAndHandleInteractionResults(ViewInteraction.java:383)
03-09 01:17:06.802 19103 19146 E THREAD_STATE:     androidx.test.espresso.ViewInteraction.check(ViewInteraction.java:366)
03-09 01:17:06.802 19103 19146 E THREAD_STATE:     com.wix.detox.espresso.DetoxAssertion.waitForAssertMatcher(DetoxAssertion.java:77)
03-09 01:17:06.802 19103 19146 E THREAD_STATE:     java.lang.reflect.Method.invoke(Native Method)
03-09 01:17:06.802 19103 19146 E THREAD_STATE:     org.apache.commons.lang3.reflect.MethodUtils.invokeStaticMethod(MethodUtils.java:443)
03-09 01:17:06.802 19103 19146 E THREAD_STATE:     org.apache.commons.lang3.reflect.MethodUtils.invokeStaticMethod(MethodUtils.java:405)
03-09 01:17:06.802 19103 19146 E THREAD_STATE:     com.wix.invoke.types.ClassTarget.execute(ClassTarget.java:23)
03-09 01:17:06.802 19103 19146 E THREAD_STATE:     com.wix.invoke.types.Target.invoke(Target.java:59)
03-09 01:17:06.802 19103 19146 E THREAD_STATE:     com.wix.invoke.MethodInvocation.invoke(MethodInvocation.java:35)
03-09 01:17:06.802 19103 19146 E THREAD_STATE:     com.wix.invoke.MethodInvocation.invoke(MethodInvocation.java:26)
03-09 01:17:06.802 19103 19146 E THREAD_STATE:     com.wix.invoke.MethodInvocation.invoke(MethodInvocation.java:20)
03-09 01:17:06.802 19103 19146 E THREAD_STATE:     com.wix.detox.adapters.server.InvokeActionHandler.handle(DetoxActionHandlers.kt:54)
03-09 01:17:06.802 19103 19146 E THREAD_STATE:     com.wix.detox.adapters.server.ActionsExecutor.executeAction$lambda$2$lambda$1(DetoxActionsDispatcher.kt:76)
03-09 01:17:06.802 19103 19146 E THREAD_STATE:     com.wix.detox.adapters.server.ActionsExecutor.$r8$lambda$GVbB7LHtBHxNHGbgYnHJ6YrwCqs(Unknown Source:0)
03-09 01:17:06.802 19103 19146 E THREAD_STATE:     com.wix.detox.adapters.server.ActionsExecutor$$ExternalSyntheticLambda0.run(D8$$SyntheticClass:0)
03-09 01:17:06.802 19103 19146 E THREAD_STATE:     android.os.Handler.handleCallback(Handler.java:995)
03-09 01:17:06.802 19103 19146 E THREAD_STATE:     android.os.Handler.dispatchMessage(Handler.java:103)
03-09 01:17:06.802 19103 19146 E THREAD_STATE:     android.os.Looper.loopOnce(Looper.java:248)
03-09 01:17:06.802 19103 19146 E THREAD_STATE:     android.os.Looper.loop(Looper.java:338)
03-09 01:17:06.802 19103 19146 E THREAD_STATE:     com.wix.detox.adapters.server.ActionsExecutor._init_$lambda$0(DetoxActionsDispatcher.kt:62)
03-09 01:17:06.802 19103 19146 E THREAD_STATE:     com.wix.detox.adapters.server.ActionsExecutor.$r8$lambda$xlgL0CQim6vNM0wWEqM8JIDgZUE(Unknown Source:0)
03-09 01:17:06.802 19103 19146 E THREAD_STATE:     com.wix.detox.adapters.server.ActionsExecutor$$ExternalSyntheticLambda1.run(D8$$SyntheticClass:0)
03-09 01:17:06.802 19103 19146 E THREAD_STATE:     java.lang.Thread.run(Thread.java:1119)
03-09 01:17:06.802 19103 19146 E THREAD_STATE: 
03-09 01:17:06.802 19103 19146 E THREAD_STATE:   Thread[RenderThread,7,main]
03-09 01:17:06.802 19103 19146 E THREAD_STATE: 
03-09 01:17:06.802 19103 19146 E THREAD_STATE:   Thread[hwuiTask0,6,main]
03-09 01:17:06.802 19103 19146 E THREAD_STATE: 
03-09 01:17:06.802 19103 19146 E THREAD_STATE:   Thread[HybridData DestructorThread,5,main]
03-09 01:17:06.802 19103 19146 E THREAD_STATE:     java.lang.Object.wait(Native Method)
03-09 01:17:06.802 19103 19146 E THREAD_STATE:     java.lang.Object.wait(Object.java:405)
03-09 01:17:06.802 19103 19146 E THREAD_STATE:     java.lang.ref.ReferenceQueue.remove(ReferenceQueue.java:207)
03-09 01:17:06.802 19103 19146 E THREAD_STATE:     java.lang.ref.ReferenceQueue.remove(ReferenceQueue.java:228)
03-09 01:17:06.802 19103 19146 E THREAD_STATE:     com.facebook.jni.DestructorThread$1.run(DestructorThread.java:77)
03-09 01:17:06.802 19103 19146 E THREAD_STATE: 
03-09 01:17:06.802 19103 19146 E THREAD_STATE:   Thread[Jit thread pool worker thread 0,5,system]
03-09 01:17:06.802 19103 19146 E THREAD_STATE: 
03-09 01:17:06.802 19103 19146 E THREAD_STATE:   Thread[TAG,5,main]
03-09 01:17:06.802 19103 19146 E THREAD_STATE:     jdk.internal.misc.Unsafe.park(Native Method)
03-09 01:17:06.802 19103 19146 E THREAD_STATE:     java.util.concurrent.locks.LockSupport.park(LockSupport.java:371)
03-09 01:17:06.802 19103 19146 E THREAD_STATE:     java.util.concurrent.locks.AbstractQueuedSynchronizer$ConditionNode.block(AbstractQueuedSynchronizer.java:519)
03-09 01:17:06.802 19103 19146 E THREAD_STATE:     java.util.concurrent.ForkJoinPool.unmanagedBlock(ForkJoinPool.java:3805)
03-09 01:17:06.802 19103 19146 E THREAD_STATE:     java.util.concurrent.ForkJoinPool.managedBlock(ForkJoinPool.java:3746)
03-09 01:17:06.802 19103 19146 E THREAD_STATE:     java.util.concurrent.locks.AbstractQueuedSynchronizer$ConditionObject.await(AbstractQueuedSynchronizer.java:1707)
03-09 01:17:06.802 19103 19146 E THREAD_STATE:     java.util.concurrent.ScheduledThreadPoolExecutor$DelayedWorkQueue.take(ScheduledThreadPoolExecutor.java:1224)
03-09 01:17:06.802 19103 19146 E THREAD_STATE:     java.util.concurrent.ScheduledThreadPoolExecutor$DelayedWorkQueue.take(ScheduledThreadPoolExecutor.java:953)
03-09 01:17:06.802 19103 19146 E THREAD_STATE:     java.util.concurrent.ThreadPoolExecutor.getTask(ThreadPoolExecutor.java:1082)
03-09 01:17:06.802 19103 19146 E THREAD_STATE:     java.util.concurrent.ThreadPoolExecutor.runWorker(ThreadPoolExecutor.java:1142)
03-09 01:17:06.802 19103 19146 E THREAD_STATE:     java.util.concurrent.ThreadPoolExecutor$Worker.run(ThreadPoolExecutor.java:651)
03-09 01:17:06.802 19103 19146 E THREAD_STATE:     com.google.android.gms.common.util.concurrent.zza.run(com.google.android.gms:play-services-basement@@18.3.0:2)
03-09 01:17:06.802 19103 19146 E THREAD_STATE:     java.lang.Thread.run(Thread.java:1119)
03-09 01:17:06.802 19103 19146 E THREAD_STATE: 
03-09 01:17:06.802 19103 19146 E THREAD_STATE:   Thread[DefaultDispatcher-worker-1,5,main]
03-09 01:17:06.802 19103 19146 E THREAD_STATE:     jdk.internal.misc.Unsafe.park(Native Method)
03-09 01:17:06.802 19103 19146 E THREAD_STATE:     java.util.concurrent.locks.LockSupport.parkNanos(LockSupport.java:410)
03-09 01:17:06.802 19103 19146 E THREAD_STATE:     kotlinx.coroutines.scheduling.CoroutineScheduler$Worker.park(CoroutineScheduler.kt:858)
03-09 01:17:06.802 19103 19146 E THREAD_STATE:     kotlinx.coroutines.scheduling.CoroutineScheduler$Worker.tryPark(CoroutineScheduler.kt:806)
03-09 01:17:06.802 19103 19146 E THREAD_STATE:     kotlinx.coroutines.scheduling.CoroutineScheduler$Worker.runWorker(CoroutineScheduler.kt:754)
03-09 01:17:06.802 19103 19146 E THREAD_STATE:     kotlinx.coroutines.scheduling.CoroutineScheduler$Worker.run(CoroutineScheduler.kt:707)
03-09 01:17:06.802 19103 19146 E THREAD_STATE: 
03-09 01:17:06.802 19103 19146 E THREAD_STATE:   Thread[Firebase Background Thread #0,5,main]
03-09 01:17:06.802 19103 19146 E THREAD_STATE:     jdk.internal.misc.Unsafe.park(Native Method)
03-09 01:17:06.802 19103 19146 E THREAD_STATE:     java.util.concurrent.locks.LockSupport.park(LockSupport.java:371)
03-09 01:17:06.802 19103 19146 E THREAD_STATE:     java.util.concurrent.locks.AbstractQueuedSynchronizer$ConditionNode.block(AbstractQueuedSynchronizer.java:519)
03-09 01:17:06.802 19103 19146 E THREAD_STATE:     java.util.concurrent.ForkJoinPool.unmanagedBlock(ForkJoinPool.java:3805)
03-09 01:17:06.802 19103 19146 E THREAD_STATE:     java.util.concurrent.ForkJoinPool.managedBlock(ForkJoinPool.java:3746)
03-09 01:17:06.802 19103 19146 E THREAD_STATE:     java.util.concurrent.locks.AbstractQueuedSynchronizer$ConditionObject.await(AbstractQueuedSynchronizer.java:1707)
03-09 01:17:06.802 19103 19146 E THREAD_STATE:     java.util.concurrent.LinkedBlockingQueue.take(LinkedBlockingQueue.java:435)
03-09 01:17:06.802 19103 19146 E THREAD_STATE:     java.util.concurrent.ThreadPoolExecutor.getTask(ThreadPoolExecutor.java:1082)
03-09 01:17:06.802 19103 19146 E THREAD_STATE:     java.util.concurrent.ThreadPoolExecutor.runWorker(ThreadPoolExecutor.java:1142)
03-09 01:17:06.802 19103 19146 E THREAD_STATE:     java.util.concurrent.ThreadPoolExecutor$Worker.run(ThreadPoolExecutor.java:651)
03-09 01:17:06.802 19103 19146 E THREAD_STATE:     com.google.firebase.concurrent.CustomThreadFactory.lambda$newThread$0$com-google-firebase-concurrent-CustomThreadFactory(CustomThreadFactory.java:47)
03-09 01:17:06.802 19103 19146 E THREAD_STATE:     com.google.firebase.concurrent.CustomThreadFactory$$ExternalSyntheticLambda0.run(D8$$SyntheticClass:0)
03-09 01:17:06.802 19103 19146 E THREAD_STATE:     java.lang.Thread.run(Thread.java:1119)
03-09 01:17:06.802 19103 19146 E THREAD_STATE: 
03-09 01:17:06.802 19103 19146 E THREAD_STATE:   Thread[SurfaceSyncGroupTimer,5,main]
03-09 01:17:06.802 19103 19146 E THREAD_STATE:     android.os.MessageQueue.nativePollOnce(Native Method)
03-09 01:17:06.802 19103 19146 E THREAD_STATE:     android.os.MessageQueue.nextLegacy(MessageQueue.java:913)
03-09 01:17:06.802 19103 19146 E THREAD_STATE:     android.os.MessageQueue.next(MessageQueue.java:1025)
03-09 01:17:06.802 19103 19146 E THREAD_STATE:     android.os.Looper.loopOnce(Looper.java:196)
03-09 01:17:06.802 19103 19146 E THREAD_STATE:     android.os.Looper.loop(Looper.java:338)
03-09 01:17:06.802 19103 19146 E THREAD_STATE:     android.os.HandlerThread.run(HandlerThread.java:85)
03-09 01:17:06.802 19103 19146 E THREAD_STATE: 
03-09 01:17:06.802 19103 19146 E THREAD_STATE:   Thread[FinalizerWatchdogDaemon,5,system]
03-09 01:17:06.802 19103 19146 E THREAD_STATE:     java.lang.Thread.sleep(Native Method)
03-09 01:17:06.802 19103 19146 E THREAD_STATE:     java.lang.Thread.sleep(Thread.java:451)
03-09 01:17:06.802 19103 19146 E THREAD_STATE:     java.lang.Thread.sleep(Thread.java:356)
03-09 01:17:06.802 19103 19146 E THREAD_STATE:     java.lang.Daemons$FinalizerWatchdogDaemon.sleepForNanos(Daemons.java:534)
03-09 01:17:06.802 19103 19146 E THREAD_STATE:     java.lang.Daemons$FinalizerWatchdogDaemon.waitForProgress(Daemons.java:593)
03-09 01:17:06.802 19103 19146 E THREAD_STATE:     java.lang.Daemons$FinalizerWatchdogDaemon.runInternal(Daemons.java:465)
03-09 01:17:06.802 19103 19146 E THREAD_STATE:     java.lang.Daemons$Daemon.run(Daemons.java:132)
03-09 01:17:06.802 19103 19146 E THREAD_STATE:     java.lang.Thread.run(Thread.java:1119)
03-09 01:17:06.802 19103 19146 E THREAD_STATE: 
03-09 01:17:06.802 19103 19146 E THREAD_STATE:   Thread[MessengerIpcClient,5,main]
03-09 01:17:06.802 19103 19146 E THREAD_STATE:     jdk.internal.misc.Unsafe.park(Native Method)
03-09 01:17:06.802 19103 19146 E THREAD_STATE:     java.util.concurrent.locks.LockSupport.park(LockSupport.java:371)
03-09 01:17:06.802 19103 19146 E THREAD_STATE:     java.util.concurrent.locks.AbstractQueuedSynchronizer$ConditionNode.block(AbstractQueuedSynchronizer.java:519)
03-09 01:17:06.802 19103 19146 E THREAD_STATE:     java.util.concurrent.ForkJoinPool.unmanagedBlock(ForkJoinPool.java:3805)
03-09 01:17:06.802 19103 19146 E THREAD_STATE:     java.util.concurrent.ForkJoinPool.managedBlock(ForkJoinPool.java:3746)
03-09 01:17:06.802 19103 19146 E THREAD_STATE:     java.util.concurrent.locks.AbstractQueuedSynchronizer$ConditionObject.await(AbstractQueuedSynchronizer.java:1707)
03-09 01:17:06.802 19103 19146 E THREAD_STATE:     java.util.concurrent.ScheduledThreadPoolExecutor$DelayedWorkQueue.take(ScheduledThreadPoolExecutor.java:1224)
03-09 01:17:06.802 19103 19146 E THREAD_STATE:     java.util.concurrent.ScheduledThreadPoolExecutor$DelayedWorkQueue.take(ScheduledThreadPoolExecutor.java:953)
03-09 01:17:06.802 19103 19146 E THREAD_STATE:     java.util.concurrent.ThreadPoolExecutor.getTask(ThreadPoolExecutor.java:1082)
03-09 01:17:06.802 19103 19146 E THREAD_STATE:     java.util.concurrent.ThreadPoolExecutor.runWorker(ThreadPoolExecutor.java:1142)
03-09 01:17:06.802 19103 19146 E THREAD_STATE:     java.util.concurrent.ThreadPoolExecutor$Worker.run(ThreadPoolExecutor.java:651)
03-09 01:17:06.802 19103 19146 E THREAD_STATE:     com.google.android.gms.common.util.concurrent.zza.run(com.google.android.gms:play-services-basement@@18.3.0:2)
03-09 01:17:06.802 19103 19146 E THREAD_STATE:     java.lang.Thread.run(Thread.java:1119)
03-09 01:17:06.802 19103 19146 E THREAD_STATE: 
03-09 01:17:06.802 19103 19146 E THREAD_STATE:   Thread[Firebase Background Thread #1,5,main]
03-09 01:17:06.802 19103 19146 E THREAD_STATE:     jdk.internal.misc.Unsafe.park(Native Method)
03-09 01:17:06.802 19103 19146 E THREAD_STATE:     java.util.concurrent.locks.LockSupport.park(LockSupport.java:371)
03-09 01:17:06.802 19103 19146 E THREAD_STATE:     java.util.concurrent.locks.AbstractQueuedSynchronizer$ConditionNode.block(AbstractQueuedSynchronizer.java:519)
03-09 01:17:06.802 19103 19146 E THREAD_STATE:     java.util.concurrent.ForkJoinPool.unmanagedBlock(ForkJoinPool.java:3805)
03-09 01:17:06.802 19103 19146 E THREAD_STATE:     java.util.concurrent.ForkJoinPool.managedBlock(ForkJoinPool.java:3746)
03-09 01:17:06.802 19103 19146 E THREAD_STATE:     java.util.concurrent.locks.AbstractQueuedSynchronizer$ConditionObject.await(AbstractQueuedSynchronizer.java:1707)
03-09 01:17:06.802 19103 19146 E THREAD_STATE:     java.util.concurrent.LinkedBlockingQueue.take(LinkedBlockingQueue.java:435)
03-09 01:17:06.802 19103 19146 E THREAD_STATE:     java.util.concurrent.ThreadPoolExecutor.getTask(ThreadPoolExecutor.java:1082)
03-09 01:17:06.802 19103 19146 E THREAD_STATE:     java.util.concurrent.ThreadPoolExecutor.runWorker(ThreadPoolExecutor.java:1142)
03-09 01:17:06.802 19103 19146 E THREAD_STATE:     java.util.concurrent.ThreadPoolExecutor$Worker.run(ThreadPoolExecutor.java:651)
03-09 01:17:06.802 19103 19146 E THREAD_STATE:     com.google.firebase.concurrent.CustomThreadFactory.lambda$newThread$0$com-google-firebase-concurrent-CustomThreadFactory(CustomThreadFactory.java:47)
03-09 01:17:06.802 19103 19146 E THREAD_STATE:     com.google.firebase.concurrent.CustomThreadFactory$$ExternalSyntheticLambda0.run(D8$$SyntheticClass:0)
03-09 01:17:06.802 19103 19146 E THREAD_STATE:     java.lang.Thread.run(Thread.java:1119)
03-09 01:17:06.802 19103 19146 E THREAD_STATE: 
03-09 01:17:06.802 19103 19146 E THREAD_STATE:   Thread[DefaultDispatcher-worker-4,5,main]
03-09 01:17:06.802 19103 19146 E THREAD_STATE:     jdk.internal.misc.Unsafe.park(Native Method)
03-09 01:17:06.802 19103 19146 E THREAD_STATE:     java.util.concurrent.locks.LockSupport.parkNanos(LockSupport.java:410)
03-09 01:17:06.802 19103 19146 E THREAD_STATE:     kotlinx.coroutines.scheduling.CoroutineScheduler$Worker.park(CoroutineScheduler.kt:858)
03-09 01:17:06.802 19103 19146 E THREAD_STATE:     kotlinx.coroutines.scheduling.CoroutineScheduler$Worker.tryPark(CoroutineScheduler.kt:806)
03-09 01:17:06.802 19103 19146 E THREAD_STATE:     kotlinx.coroutines.scheduling.CoroutineScheduler$Worker.runWorker(CoroutineScheduler.kt:754)
03-09 01:17:06.802 19103 19146 E THREAD_STATE:     kotlinx.coroutines.scheduling.CoroutineScheduler$Worker.run(CoroutineScheduler.kt:707)
03-09 01:17:06.802 19103 19146 E THREAD_STATE: 
03-09 01:17:06.802 19103 19146 E THREAD_STATE:   Thread[HeapTaskDaemon,5,system]
03-09 01:17:06.802 19103 19146 E THREAD_STATE: 
03-09 01:17:06.802 19103 19146 E THREAD_STATE:   Thread[binder:19103_1,5,main]
03-09 01:17:06.802 19103 19146 E THREAD_STATE: 
03-09 01:17:06.802 19103 19146 E THREAD_STATE:   Thread[Okio Watchdog,5,main]
03-09 01:17:06.802 19103 19146 E THREAD_STATE:     java.lang.Object.wait(Native Method)
03-09 01:17:06.802 19103 19146 E THREAD_STATE:     java.lang.Object.wait(Object.java:405)
03-09 01:17:06.802 19103 19146 E THREAD_STATE:     java.lang.Object.wait(Object.java:543)
03-09 01:17:06.802 19103 19146 E THREAD_STATE:     com.android.okhttp.okio.AsyncTimeout.awaitTimeout(AsyncTimeout.java:313)
03-09 01:17:06.802 19103 19146 E THREAD_STATE:     com.android.okhttp.okio.AsyncTimeout.access$000(AsyncTimeout.java:42)
03-09 01:17:06.802 19103 19146 E THREAD_STATE:     com.android.okhttp.okio.AsyncTimeout$Watchdog.run(AsyncTimeout.java:288)
03-09 01:17:06.802 19103 19146 E THREAD_STATE: 
03-09 01:17:06.802 19103 19146 E THREAD_STATE:   Thread[|ANR-WatchDog|,5,main]
03-09 01:17:06.802 19103 19146 E THREAD_STATE:     java.lang.Thread.sleep(Native Method)
03-09 01:17:06.802 19103 19146 E THREAD_STATE:     java.lang.Thread.sleep(Thread.java:451)
03-09 01:17:06.802 19103 19146 E THREAD_STATE:     java.lang.Thread.sleep(Thread.java:356)
03-09 01:17:06.802 19103 19146 E THREAD_STATE:     com.github.anrwatchdog.ANRWatchDog.run(ANRWatchDog.java:251)
03-09 01:17:06.802 19103 19146 E THREAD_STATE: 
03-09 01:17:06.802 19103 19146 E THREAD_STATE:   Thread[Firebase-Messaging-Task,5,main]
03-09 01:17:06.802 19103 19146 E THREAD_STATE:     jdk.internal.misc.Unsafe.park(Native Method)
03-09 01:17:06.802 19103 19146 E THREAD_STATE:     java.util.concurrent.locks.LockSupport.park(LockSupport.java:371)
03-09 01:17:06.802 19103 19146 E THREAD_STATE:     java.util.concurrent.locks.AbstractQueuedSynchronizer$ConditionNode.block(AbstractQueuedSynchronizer.java:519)
03-09 01:17:06.802 19103 19146 E THREAD_STATE:     java.util.concurrent.ForkJoinPool.unmanagedBlock(ForkJoinPool.java:3805)
03-09 01:17:06.802 19103 19146 E THREAD_STATE:     java.util.concurrent.ForkJoinPool.managedBlock(ForkJoinPool.java:3746)
03-09 01:17:06.802 19103 19146 E THREAD_STATE:     java.util.concurrent.locks.AbstractQueuedSynchronizer$ConditionObject.await(AbstractQueuedSynchronizer.java:1707)
03-09 01:17:06.802 19103 19146 E THREAD_STATE:     java.util.concurrent.LinkedBlockingQueue.take(LinkedBlockingQueue.java:435)
03-09 01:17:06.802 19103 19146 E THREAD_STATE:     java.util.concurrent.ThreadPoolExecutor.getTask(ThreadPoolExecutor.java:1082)
03-09 01:17:06.802 19103 19146 E THREAD_STATE:     java.util.concurrent.ThreadPoolExecutor.runWorker(ThreadPoolExecutor.java:1142)
03-09 01:17:06.802 19103 19146 E THREAD_STATE:     java.util.concurrent.ThreadPoolExecutor$Worker.run(ThreadPoolExecutor.java:651)
03-09 01:17:06.802 19103 19146 E THREAD_STATE:     com.google.android.gms.common.util.concurrent.zza.run(com.google.android.gms:play-services-basement@@18.3.0:2)
03-09 01:17:06.802 19103 19146 E THREAD_STATE:     java.lang.Thread.run(Thread.java:1119)
03-09 01:17:06.802 19103 19146 E THREAD_STATE: 
03-09 01:17:06.802 19103 19146 E THREAD_STATE:   Thread[Signal Catcher,10,system]
03-09 01:17:06.802 19103 19146 E THREAD_STATE: 
03-09 01:17:06.802 19103 19146 E THREAD_STATE:   Thread[detox.secondary,5,main]
03-09 01:17:06.802 19103 19146 E THREAD_STATE:     android.os.MessageQueue.nativePollOnce(Native Method)
03-09 01:17:06.802 19103 19146 E THREAD_STATE:     android.os.MessageQueue.nextLegacy(MessageQueue.java:913)
03-09 01:17:06.802 19103 19146 E THREAD_STATE:     android.os.MessageQueue.next(MessageQueue.java:1025)
03-09 01:17:06.802 19103 19146 E THREAD_STATE:     android.os.Looper.loopOnce(Looper.java:196)
03-09 01:17:06.802 19103 19146 E THREAD_STATE:     android.os.Looper.loop(Looper.java:338)
03-09 01:17:06.802 19103 19146 E THREAD_STATE:     com.wix.detox.adapters.server.ActionsExecutor._init_$lambda$0(DetoxActionsDispatcher.kt:62)
03-09 01:17:06.802 19103 19146 E THREAD_STATE:     com.wix.detox.adapters.server.ActionsExecutor.$r8$lambda$xlgL0CQim6vNM0wWEqM8JIDgZUE(Unknown Source:0)
03-09 01:17:06.802 19103 19146 E THREAD_STATE:     com.wix.detox.adapters.server.ActionsExecutor$$ExternalSyntheticLambda1.run(D8$$SyntheticClass:0)
03-09 01:17:06.802 19103 19146 E THREAD_STATE:     java.lang.Thread.run(Thread.java:1119)
03-09 01:17:06.802 19103 19146 E THREAD_STATE: 
03-09 01:17:06.802 19103 19146 E THREAD_STATE:   Thread[OkHttp TaskRunner,5,main]
03-09 01:17:06.802 19103 19146 E THREAD_STATE:     java.lang.Object.wait(Native Method)
03-09 01:17:06.802 19103 19146 E THREAD_STATE:     okhttp3.internal.concurrent.TaskRunner$RealBackend.coordinatorWait(TaskRunner.kt:294)
03-09 01:17:06.802 19103 19146 E THREAD_STATE:     okhttp3.internal.concurrent.TaskRunner.awaitTaskToRun(TaskRunner.kt:218)
03-09 01:17:06.802 19103 19146 E THREAD_STATE:     okhttp3.internal.concurrent.TaskRunner$runnable$1.run(TaskRunner.kt:59)
03-09 01:17:06.802 19103 19146 E THREAD_STATE:     java.util.concurrent.ThreadPoolExecutor.runWorker(ThreadPoolExecutor.java:1156)
03-09 01:17:06.802 19103 19146 E THREAD_STATE:     java.util.concurrent.ThreadPoolExecutor$Worker.run(ThreadPoolExecutor.java:651)
03-09 01:17:06.802 19103 19146 E THREAD_STATE:     java.lang.Thread.run(Thread.java:1119)
03-09 01:17:06.802 19103 19146 E THREAD_STATE: 
03-09 01:17:06.802 19103 19146 E THREAD_STATE:   Thread[queued-work-looper,5,main]
03-09 01:17:06.802 19103 19146 E THREAD_STATE:     android.os.MessageQueue.nativePollOnce(Native Method)
03-09 01:17:06.802 19103 19146 E THREAD_STATE:     android.os.MessageQueue.nextLegacy(MessageQueue.java:913)
03-09 01:17:06.802 19103 19146 E THREAD_STATE:     android.os.MessageQueue.next(MessageQueue.java:1025)
03-09 01:17:06.802 19103 19146 E THREAD_STATE:     android.os.Looper.loopOnce(Looper.java:196)
03-09 01:17:06.802 19103 19146 E THREAD_STATE:     android.os.Looper.loop(Looper.java:338)
03-09 01:17:06.802 19103 19146 E THREAD_STATE:     android.os.HandlerThread.run(HandlerThread.java:85)
03-09 01:17:06.802 19103 19146 E THREAD_STATE: 
03-09 01:17:06.802 19103 19146 E THREAD_STATE:   Thread[OkHttp ConnectionPool,5,main]
03-09 01:17:06.802 19103 19146 E THREAD_STATE:     java.lang.Object.wait(Native Method)
03-09 01:17:06.802 19103 19146 E THREAD_STATE:     com.android.okhttp.ConnectionPool$1.run(ConnectionPool.java:106)
03-09 01:17:06.802 19103 19146 E THREAD_STATE:     java.util.concurrent.ThreadPoolExecutor.runWorker(ThreadPoolExecutor.java:1156)
03-09 01:17:06.802 19103 19146 E THREAD_STATE:     java.util.concurrent.ThreadPoolExecutor$Worker.run(ThreadPoolExecutor.java:651)
03-09 01:17:06.802 19103 19146 E THREAD_STATE:     java.lang.Thread.run(Thread.java:1119)
03-09 01:17:06.802 19103 19146 E THREAD_STATE: 
03-09 01:17:06.802 19103 19146 E THREAD_STATE:   Thread[FinalizerDaemon,5,system]
03-09 01:17:06.802 19103 19146 E THREAD_STATE:     java.lang.Object.wait(Native Method)
03-09 01:17:06.802 19103 19146 E THREAD_STATE:     java.lang.Object.wait(Object.java:405)
03-09 01:17:06.802 19103 19146 E THREAD_STATE:     java.lang.ref.ReferenceQueue.remove(ReferenceQueue.java:207)
03-09 01:17:06.802 19103 19146 E THREAD_STATE:     java.lang.ref.ReferenceQueue.remove(ReferenceQueue.java:228)
03-09 01:17:06.802 19103 19146 E THREAD_STATE:     java.lang.Daemons$FinalizerDaemon.runInternal(Daemons.java:348)
03-09 01:17:06.802 19103 19146 E THREAD_STATE:     java.lang.Daemons$Daemon.run(Daemons.java:132)
03-09 01:17:06.802 19103 19146 E THREAD_STATE:     java.lang.Thread.run(Thread.java:1119)
03-09 01:17:06.802 19103 19146 E THREAD_STATE: 
03-09 01:17:06.802 19103 19146 E THREAD_STATE:   Thread[AsyncTask #1,5,main]
03-09 01:17:06.802 19103 19146 E THREAD_STATE:     jdk.internal.misc.Unsafe.park(Native Method)
03-09 01:17:06.802 19103 19146 E THREAD_STATE:     java.util.concurrent.locks.LockSupport.park(LockSupport.java:371)
03-09 01:17:06.802 19103 19146 E THREAD_STATE:     java.util.concurrent.LinkedTransferQueue$DualNode.await(LinkedTransferQueue.java:458)
03-09 01:17:06.802 19103 19146 E THREAD_STATE:     java.util.concurrent.SynchronousQueue$Transferer.xferLifo(SynchronousQueue.java:194)
03-09 01:17:06.802 19103 19146 E THREAD_STATE:     java.util.concurrent.SynchronousQueue.xfer(SynchronousQueue.java:233)
03-09 01:17:06.802 19103 19146 E THREAD_STATE:     java.util.concurrent.SynchronousQueue.take(SynchronousQueue.java:316)
03-09 01:17:06.802 19103 19146 E THREAD_STATE:     java.util.concurrent.ThreadPoolExecutor.getTask(ThreadPoolExecutor.java:1082)
03-09 01:17:06.802 19103 19146 E THREAD_STATE:     java.util.concurrent.ThreadPoolExecutor.runWorker(ThreadPoolExecutor.java:1142)
03-09 01:17:06.802 19103 19146 E THREAD_STATE:     java.util.concurrent.ThreadPoolExecutor$Worker.run(ThreadPoolExecutor.java:651)
03-09 01:17:06.802 19103 19146 E THREAD_STATE:     java.lang.Thread.run(Thread.java:1119)
03-09 01:17:06.802 19103 19146 E THREAD_STATE: 
03-09 01:17:06.802 19103 19146 E THREAD_STATE:   Thread[Okio Watchdog,5,main]
03-09 01:17:06.802 19103 19146 E THREAD_STATE:     jdk.internal.misc.Unsafe.park(Native Method)
03-09 01:17:06.802 19103 19146 E THREAD_STATE:     java.util.concurrent.locks.LockSupport.parkNanos(LockSupport.java:269)
03-09 01:17:06.802 19103 19146 E THREAD_STATE:     java.util.concurrent.locks.AbstractQueuedSynchronizer$ConditionObject.await(AbstractQueuedSynchronizer.java:1847)
03-09 01:17:06.802 19103 19146 E THREAD_STATE:     okio.AsyncTimeout$Companion.awaitTimeout(AsyncTimeout.kt:370)
03-09 01:17:06.802 19103 19146 E THREAD_STATE:     okio.AsyncTimeout$Watchdog.run(AsyncTimeout.kt:211)
03-09 01:17:06.802 19103 19146 E THREAD_STATE: 
03-09 01:17:06.802 19103 19146 E THREAD_STATE:   Thread[Profile Saver,5,system]
03-09 01:17:06.802 19103 19146 E THREAD_STATE: 
03-09 01:17:06.802 19103 19146 E THREAD_STATE:   Thread[Firebase-Messaging-Init,5,main]
03-09 01:17:06.802 19103 19146 E THREAD_STATE:     jdk.internal.misc.Unsafe.park(Native Method)
03-09 01:17:06.802 19103 19146 E THREAD_STATE:     java.util.concurrent.locks.LockSupport.park(LockSupport.java:371)
03-09 01:17:06.802 19103 19146 E THREAD_STATE:     java.util.concurrent.locks.AbstractQueuedSynchronizer$ConditionNode.block(AbstractQueuedSynchronizer.java:519)
03-09 01:17:06.802 19103 19146 E THREAD_STATE:     java.util.concurrent.ForkJoinPool.unmanagedBlock(ForkJoinPool.java:3805)
03-09 01:17:06.802 19103 19146 E THREAD_STATE:     java.util.concurrent.ForkJoinPool.managedBlock(ForkJoinPool.java:3746)
03-09 01:17:06.802 19103 19146 E THREAD_STATE:     java.util.concurrent.locks.AbstractQueuedSynchronizer$ConditionObject.await(AbstractQueuedSynchronizer.java:1707)
03-09 01:17:06.802 19103 19146 E THREAD_STATE:     java.util.concurrent.ScheduledThreadPoolExecutor$DelayedWorkQueue.take(ScheduledThreadPoolExecutor.java:1224)
03-09 01:17:06.802 19103 19146 E THREAD_STATE:     java.util.concurrent.ScheduledThreadPoolExecutor$DelayedWorkQueue.take(ScheduledThreadPoolExecutor.java:953)
03-09 01:17:06.802 19103 19146 E THREAD_STATE:     java.util.concurrent.ThreadPoolExecutor.getTask(ThreadPoolExecutor.java:1082)
03-09 01:17:06.802 19103 19146 E THREAD_STATE:     java.util.concurrent.ThreadPoolExecutor.runWorker(ThreadPoolExecutor.java:1142)
03-09 01:17:06.802 19103 19146 E THREAD_STATE:     java.util.concurrent.ThreadPoolExecutor$Worker.run(ThreadPoolExecutor.java:651)
03-09 01:17:06.802 19103 19146 E THREAD_STATE:     com.google.android.gms.common.util.concurrent.zza.run(com.google.android.gms:play-services-basement@@18.3.0:2)
03-09 01:17:06.802 19103 19146 E THREAD_STATE:     java.lang.Thread.run(Thread.java:1119)
03-09 01:17:06.802 19103 19146 E THREAD_STATE: 
03-09 01:17:06.802 19103 19146 E THREAD_STATE:   Thread[|ANR-WatchDog|,5,main]
03-09 01:17:06.802 19103 19146 E THREAD_STATE:     java.lang.Thread.sleep(Native Method)
03-09 01:17:06.802 19103 19146 E THREAD_STATE:     java.lang.Thread.sleep(Thread.java:451)
03-09 01:17:06.802 19103 19146 E THREAD_STATE:     java.lang.Thread.sleep(Thread.java:356)
03-09 01:17:06.802 19103 19146 E THREAD_STATE:     com.github.anrwatchdog.ANRWatchDog.run(ANRWatchDog.java:251)
03-09 01:17:06.802 19103 19146 E THREAD_STATE: 
03-09 01:17:06.802 19103 19146 E THREAD_STATE:   Thread[binder:19103_4,5,main]
03-09 01:17:06.802 19103 19146 E THREAD_STATE: 
03-09 01:17:06.802 19103 19146 E THREAD_STATE:   Thread[OkHttp http://10.0.2.2:8081/...,5,main]
03-09 01:17:06.802 19103 19146 E THREAD_STATE:     java.net.SocketInputStream.socketRead0(Native Method)
03-09 01:17:06.802 19103 19146 E THREAD_STATE:     java.net.SocketInputStream.socketRead(SocketInputStream.java:118)
03-09 01:17:06.802 19103 19146 E THREAD_STATE:     java.net.SocketInputStream.read(SocketInputStream.java:173)
03-09 01:17:06.802 19103 19146 E THREAD_STATE:     java.net.SocketInputStream.read(SocketInputStream.java:143)
03-09 01:17:06.802 19103 19146 E THREAD_STATE:     okio.InputStreamSource.read(JvmOkio.kt:93)
03-09 01:17:06.802 19103 19146 E THREAD_STATE:     okio.AsyncTimeout$source$1.read(AsyncTimeout.kt:153)
03-09 01:17:06.802 19103 19146 E THREAD_STATE:     okio.RealBufferedSource.request(RealBufferedSource.kt:211)
03-09 01:17:06.802 19103 19146 E THREAD_STATE:     okio.RealBufferedSource.require(RealBufferedSource.kt:204)
03-09 01:17:06.802 19103 19146 E THREAD_STATE:     okio.RealBufferedSource.readByte(RealBufferedSource.kt:214)
03-09 01:17:06.802 19103 19146 E THREAD_STATE:     okhttp3.internal.ws.WebSocketReader.readHeader(WebSocketReader.kt:119)
03-09 01:17:06.802 19103 19146 E THREAD_STATE:     okhttp3.internal.ws.WebSocketReader.processNextFrame(WebSocketReader.kt:102)
03-09 01:17:06.802 19103 19146 E THREAD_STATE:     okhttp3.internal.ws.RealWebSocket.loopReader(RealWebSocket.kt:293)
03-09 01:17:06.802 19103 19146 E THREAD_STATE:     okhttp3.internal.ws.RealWebSocket$connect$1.onResponse(RealWebSocket.kt:195)
03-09 01:17:06.802 19103 19146 E THREAD_STATE:     okhttp3.internal.connection.RealCall$AsyncCall.run(RealCall.kt:519)
03-09 01:17:06.802 19103 19146 E THREAD_STATE:     java.util.concurrent.ThreadPoolExecutor.runWorker(ThreadPoolExecutor.java:1156)
03-09 01:17:06.802 19103 19146 E THREAD_STATE:     java.util.concurrent.ThreadPoolExecutor$Worker.run(ThreadPoolExecutor.java:651)
03-09 01:17:06.802 19103 19146 E THREAD_STATE:     java.lang.Thread.run(Thread.java:1119)
03-09 01:17:06.802 19103 19146 E THREAD_STATE: 
03-09 01:17:06.802 19103 19146 E THREAD_STATE:   Thread[DefaultDispatcher-worker-2,5,main]
03-09 01:17:06.802 19103 19146 E THREAD_STATE:     jdk.internal.misc.Unsafe.park(Native Method)
03-09 01:17:06.802 19103 19146 E THREAD_STATE:     java.util.concurrent.locks.LockSupport.parkNanos(LockSupport.java:410)
03-09 01:17:06.802 19103 19146 E THREAD_STATE:     kotlinx.coroutines.scheduling.CoroutineScheduler$Worker.park(CoroutineScheduler.kt:858)
03-09 01:17:06.802 19103 19146 E THREAD_STATE:     kotlinx.coroutines.scheduling.CoroutineScheduler$Worker.tryPark(CoroutineScheduler.kt:806)
03-09 01:17:06.802 19103 19146 E THREAD_STATE:     kotlinx.coroutines.scheduling.CoroutineScheduler$Worker.runWorker(CoroutineScheduler.kt:754)
03-09 01:17:06.802 19103 19146 E THREAD_STATE:     kotlinx.coroutines.scheduling.CoroutineScheduler$Worker.run(CoroutineScheduler.kt:707)
03-09 01:17:06.802 19103 19146 E THREAD_STATE: 
03-09 01:17:06.802 19103 19146 E THREAD_STATE:   Thread[Firebase Background Thread #2,5,main]
03-09 01:17:06.802 19103 19146 E THREAD_STATE:     jdk.internal.misc.Unsafe.park(Native Method)
03-09 01:17:06.802 19103 19146 E THREAD_STATE:     java.util.concurrent.locks.LockSupport.park(LockSupport.java:371)
03-09 01:17:06.802 19103 19146 E THREAD_STATE:     java.util.concurrent.locks.AbstractQueuedSynchronizer$ConditionNode.block(AbstractQueuedSynchronizer.java:519)
03-09 01:17:06.802 19103 19146 E THREAD_STATE:     java.util.concurrent.ForkJoinPool.unmanagedBlock(ForkJoinPool.java:3805)
03-09 01:17:06.802 19103 19146 E THREAD_STATE:     java.util.concurrent.ForkJoinPool.managedBlock(ForkJoinPool.java:3746)
03-09 01:17:06.802 19103 19146 E THREAD_STATE:     java.util.concurrent.locks.AbstractQueuedSynchronizer$ConditionObject.await(AbstractQueuedSynchronizer.java:1707)
03-09 01:17:06.802 19103 19146 E THREAD_STATE:     java.util.concurrent.LinkedBlockingQueue.take(LinkedBlockingQueue.java:435)
03-09 01:17:06.802 19103 19146 E THREAD_STATE:     java.util.concurrent.ThreadPoolExecutor.getTask(ThreadPoolExecutor.java:1082)
03-09 01:17:06.802 19103 19146 E THREAD_STATE:     java.util.concurrent.ThreadPoolExecutor.runWorker(ThreadPoolExecutor.java:1142)
03-09 01:17:06.802 19103 19146 E THREAD_STATE:     java.util.concurrent.ThreadPoolExecutor$Worker.run(ThreadPoolExecutor.java:651)
03-09 01:17:06.802 19103 19146 E THREAD_STATE:     com.google.firebase.concurrent.CustomThreadFactory.lambda$newThread$0$com-google-firebase-concurrent-CustomThreadFactory(CustomThreadFactory.java:47)
03-09 01:17:06.802 19103 19146 E THREAD_STATE:     com.google.firebase.concurrent.CustomThreadFactory$$ExternalSyntheticLambda0.run(D8$$SyntheticClass:0)
03-09 01:17:06.802 19103 19146 E THREAD_STATE:     java.lang.Thread.run(Thread.java:1119)
03-09 01:17:06.802 19103 19146 E THREAD_STATE: 
03-09 01:17:06.802 19103 19146 E THREAD_STATE:   Thread[InstrumentationConnectionThread,5,main]
03-09 01:17:06.802 19103 19146 E THREAD_STATE:     android.os.MessageQueue.nativePollOnce(Native Method)
03-09 01:17:06.802 19103 19146 E THREAD_STATE:     android.os.MessageQueue.nextLegacy(MessageQueue.java:913)
03-09 01:17:06.802 19103 19146 E THREAD_STATE:     android.os.MessageQueue.next(MessageQueue.java:1025)
03-09 01:17:06.802 19103 19146 E THREAD_STATE:     android.os.Looper.loopOnce(Looper.java:196)
03-09 01:17:06.802 19103 19146 E THREAD_STATE:     android.os.Looper.loop(Looper.java:338)
03-09 01:17:06.802 19103 19146 E THREAD_STATE:     android.os.HandlerThread.run(HandlerThread.java:85)
03-09 01:17:06.802 19103 19146 E THREAD_STATE: 
03-09 01:17:06.802 19103 19146 E THREAD_STATE:   Thread[OkHttp TaskRunner,5,main]
03-09 01:17:06.802 19103 19146 E THREAD_STATE:     jdk.internal.misc.Unsafe.park(Native Method)
03-09 01:17:06.802 19103 19146 E THREAD_STATE:     java.util.concurrent.locks.LockSupport.parkNanos(LockSupport.java:410)
03-09 01:17:06.802 19103 19146 E THREAD_STATE:     java.util.concurrent.LinkedTransferQueue$DualNode.await(LinkedTransferQueue.java:452)
03-09 01:17:06.802 19103 19146 E THREAD_STATE:     java.util.concurrent.SynchronousQueue$Transferer.xferLifo(SynchronousQueue.java:194)
03-09 01:17:06.802 19103 19146 E THREAD_STATE:     java.util.concurrent.SynchronousQueue.xfer(SynchronousQueue.java:233)
03-09 01:17:06.802 19103 19146 E THREAD_STATE:     java.util.concurrent.SynchronousQueue.poll(SynchronousQueue.java:336)
03-09 01:17:06.802 19103 19146 E THREAD_STATE:     java.util.concurrent.ThreadPoolExecutor.getTask(ThreadPoolExecutor.java:1081)
03-09 01:17:06.802 19103 19146 E THREAD_STATE:     java.util.concurrent.ThreadPoolExecutor.runWorker(ThreadPoolExecutor.java:1142)
03-09 01:17:06.802 19103 19146 E THREAD_STATE:     java.util.concurrent.ThreadPoolExecutor$Worker.run(ThreadPoolExecutor.java:651)
03-09 01:17:06.802 19103 19146 E THREAD_STATE:     java.lang.Thread.run(Thread.java:1119)
03-09 01:17:06.802 19103 19146 E THREAD_STATE: 
03-09 01:17:06.802 19103 19146 E THREAD_STATE:   Thread[ConscryptStatsLog,5,main]
03-09 01:17:06.802 19103 19146 E THREAD_STATE:     jdk.internal.misc.Unsafe.park(Native Method)
03-09 01:17:06.802 19103 19146 E THREAD_STATE:     java.util.concurrent.locks.LockSupport.park(LockSupport.java:371)
03-09 01:17:06.802 19103 19146 E THREAD_STATE:     java.util.concurrent.locks.AbstractQueuedSynchronizer$ConditionNode.block(AbstractQueuedSynchronizer.java:519)
03-09 01:17:06.802 19103 19146 E THREAD_STATE:     java.util.concurrent.ForkJoinPool.unmanagedBlock(ForkJoinPool.java:3805)
03-09 01:17:06.802 19103 19146 E THREAD_STATE:     java.util.concurrent.ForkJoinPool.managedBlock(ForkJoinPool.java:3746)
03-09 01:17:06.802 19103 19146 E THREAD_STATE:     java.util.concurrent.locks.AbstractQueuedSynchronizer$ConditionObject.await(AbstractQueuedSynchronizer.java:1707)
03-09 01:17:06.802 19103 19146 E THREAD_STATE:     java.util.concurrent.LinkedBlockingQueue.take(LinkedBlockingQueue.java:435)
03-09 01:17:06.802 19103 19146 E THREAD_STATE:     java.util.concurrent.ThreadPoolExecutor.getTask(ThreadPoolExecutor.java:1082)
03-09 01:17:06.802 19103 19146 E THREAD_STATE:     java.util.concurrent.ThreadPoolExecutor.runWorker(ThreadPoolExecutor.java:1142)
03-09 01:17:06.802 19103 19146 E THREAD_STATE:     java.util.concurrent.ThreadPoolExecutor$Worker.run(ThreadPoolExecutor.java:651)
03-09 01:17:06.802 19103 19146 E THREAD_STATE:     java.lang.Thread.run(Thread.java:1119)
03-09 01:17:06.802 19103 19146 E THREAD_STATE: 
03-09 01:17:06.802 19103 19146 E THREAD_STATE:   Thread[Firebase Background Thread #3,5,main]
03-09 01:17:06.802 19103 19146 E THREAD_STATE:     jdk.internal.misc.Unsafe.park(Native Method)
03-09 01:17:06.802 19103 19146 E THREAD_STATE:     java.util.concurrent.locks.LockSupport.park(LockSupport.java:371)
03-09 01:17:06.802 19103 19146 E THREAD_STATE:     java.util.concurrent.locks.AbstractQueuedSynchronizer$ConditionNode.block(AbstractQueuedSynchronizer.java:519)
03-09 01:17:06.802 19103 19146 E THREAD_STATE:     java.util.concurrent.ForkJoinPool.unmanagedBlock(ForkJoinPool.java:3805)
03-09 01:17:06.802 19103 19146 E THREAD_STATE:     java.util.concurrent.ForkJoinPool.managedBlock(ForkJoinPool.java:3746)
03-09 01:17:06.802 19103 19146 E THREAD_STATE:     java.util.concurrent.locks.AbstractQueuedSynchronizer$ConditionObject.await(AbstractQueuedSynchronizer.java:1707)
03-09 01:17:06.802 19103 19146 E THREAD_STATE:     java.util.concurrent.LinkedBlockingQueue.take(LinkedBlockingQueue.java:435)
03-09 01:17:06.802 19103 19146 E THREAD_STATE:     java.util.concurrent.ThreadPoolExecutor.getTask(ThreadPoolExecutor.java:1082)
03-09 01:17:06.802 19103 19146 E THREAD_STATE:     java.util.concurrent.ThreadPoolExecutor.runWorker(ThreadPoolExecutor.java:1142)
03-09 01:17:06.802 19103 19146 E THREAD_STATE:     java.util.concurrent.ThreadPoolExecutor$Worker.run(ThreadPoolExecutor.java:651)
03-09 01:17:06.802 19103 19146 E THREAD_STATE:     com.google.firebase.concurrent.CustomThreadFactory.lambda$newThread$0$com-google-firebase-concurrent-CustomThreadFactory(CustomThreadFactory.java:47)
03-09 01:17:06.802 19103 19146 E THREAD_STATE:     com.google.firebase.concurrent.CustomThreadFactory$$ExternalSyntheticLambda0.run(D8$$SyntheticClass:0)
03-09 01:17:06.802 19103 19146 E THREAD_STATE:     java.lang.Thread.run(Thread.java:1119)
03-09 01:17:06.802 19103 19146 E THREAD_STATE: 
03-09 01:17:06.802 19103 19146 E THREAD_STATE:   Thread[Instr: androidx.test.runner.AndroidJUnitRunner,5,main]
03-09 01:17:06.802 19103 19146 E THREAD_STATE:     dalvik.system.VMStack.getThreadStackTrace(Native Method)
03-09 01:17:06.802 19103 19146 E THREAD_STATE:     java.lang.Thread.getStackTrace(Thread.java:1960)
03-09 01:17:06.802 19103 19146 E THREAD_STATE:     java.lang.Thread.getAllStackTraces(Thread.java:2028)
03-09 01:17:06.802 19103 19146 E THREAD_STATE:     androidx.test.runner.MonitoringInstrumentation.getThreadState(MonitoringInstrumentation.java:735)
03-09 01:17:06.802 19103 19146 E THREAD_STATE:     androidx.test.runner.MonitoringInstrumentation.dumpThreadStateToOutputs(MonitoringInstrumentation.java:730)
03-09 01:17:06.802 19103 19146 E THREAD_STATE:     androidx.test.runner.MonitoringInstrumentation.waitForActivitiesToComplete(MonitoringInstrumentation.java:448)
03-09 01:17:06.802 19103 19146 E THREAD_STATE:     androidx.test.runner.AndroidJUnitRunner$1.run(AndroidJUnitRunner.java:514)
03-09 01:17:06.802 19103 19146 E THREAD_STATE:     androidx.test.internal.runner.listener.ActivityFinisherRunListener.testFinished(ActivityFinisherRunListener.java:75)
03-09 01:17:06.802 19103 19146 E THREAD_STATE:     org.junit.runner.notification.SynchronizedRunListener.testFinished(SynchronizedRunListener.java:87)
03-09 01:17:06.802 19103 19146 E THREAD_STATE:     org.junit.runner.notification.RunNotifier$9.notifyListener(RunNotifier.java:225)
03-09 01:17:06.802 19103 19146 E THREAD_STATE:     org.junit.runner.notification.RunNotifier$SafeNotifier.run(RunNotifier.java:72)
03-09 01:17:06.802 19103 19146 E THREAD_STATE:     org.junit.runner.notification.RunNotifier.fireTestFinished(RunNotifier.java:222)
03-09 01:17:06.802 19103 19146 E THREAD_STATE:     org.junit.internal.runners.model.EachTestNotifier.fireTestFinished(EachTestNotifier.java:38)
03-09 01:17:06.802 19103 19146 E THREAD_STATE:     org.junit.runners.ParentRunner.runLeaf(ParentRunner.java:372)
03-09 01:17:06.802 19103 19146 E THREAD_STATE:     org.junit.runners.BlockJUnit4ClassRunner.runChild(BlockJUnit4ClassRunner.java:103)
03-09 01:17:06.802 19103 19146 E THREAD_STATE:     org.junit.runners.BlockJUnit4ClassRunner.runChild(BlockJUnit4ClassRunner.java:63)
03-09 01:17:06.802 19103 19146 E THREAD_STATE:     org.junit.runners.ParentRunner$4.run(ParentRunner.java:331)
03-09 01:17:06.802 19103 19146 E THREAD_STATE:     org.junit.runners.ParentRunner$1.schedule(ParentRunner.java:79)
03-09 01:17:06.802 19103 19146 E THREAD_STATE:     org.junit.runners.ParentRunner.runChildren(ParentRunner.java:329)
03-09 01:17:06.802 19103 19146 E THREAD_STATE:     org.junit.runners.ParentRunner.access$100(ParentRunner.java:66)
03-09 01:17:06.802 19103 19146 E THREAD_STATE:     org.junit.runners.ParentRunner$2.evaluate(ParentRunner.java:293)
03-09 01:17:06.802 19103 19146 E THREAD_STATE:     org.junit.runners.ParentRunner$3.evaluate(ParentRunner.java:306)
03-09 01:17:06.802 19103 19146 E THREAD_STATE:     org.junit.runners.ParentRunner.run(ParentRunner.java:413)
03-09 01:17:06.802 19103 19146 E THREAD_STATE:     androidx.test.ext.junit.runners.AndroidJUnit4.run(AndroidJUnit4.java:162)
03-09 01:17:06.802 19103 19146 E THREAD_STATE:     org.junit.runners.Suite.runChild(Suite.java:128)
03-09 01:17:06.802 19103 19146 E THREAD_STATE:     org.junit.runners.Suite.runChild(Suite.java:27)
03-09 01:17:06.802 19103 19146 E THREAD_STATE:     org.junit.runners.ParentRunner$4.run(ParentRunner.java:331)
03-09 01:17:06.802 19103 19146 E THREAD_STATE:     org.junit.runners.ParentRunner$1.schedule(ParentRunner.java:79)
03-09 01:17:06.802 19103 19146 E THREAD_STATE:     org.junit.runners.ParentRunner.runChildren(ParentRunner.java:329)
03-09 01:17:06.802 19103 19146 E THREAD_STATE:     org.junit.runners.ParentRunner.access$100(ParentRunner.java:66)
03-09 01:17:06.802 19103 19146 E THREAD_STATE:     org.junit.runners.ParentRunner$2.evaluate(ParentRunner.java:293)
03-09 01:17:06.802 19103 19146 E THREAD_STATE:     org.junit.runners.ParentRunner$3.evaluate(ParentRunner.java:306)
03-09 01:17:06.802 19103 19146 E THREAD_STATE:     org.junit.runners.ParentRunner.run(ParentRunner.java:413)
03-09 01:17:06.802 19103 19146 E THREAD_STATE:     org.junit.runner.JUnitCore.run(JUnitCore.java:137)
03-09 01:17:06.802 19103 19146 E THREAD_STATE:     org.junit.runner.JUnitCore.run(JUnitCore.java:115)
03-09 01:17:06.802 19103 19146 E THREAD_STATE:     androidx.test.internal.runner.TestExecutor.execute(TestExecutor.java:68)
03-09 01:17:06.802 19103 19146 E THREAD_STATE:     androidx.test.internal.runner.TestExecutor.execute(TestExecutor.java:59)
03-09 01:17:06.802 19103 19146 E THREAD_STATE:     androidx.test.runner.AndroidJUnitRunner.onStart(AndroidJUnitRunner.java:467)
03-09 01:17:06.802 19103 19146 E THREAD_STATE:     android.app.Instrumentation$InstrumentationThread.run(Instrumentation.java:2597)
03-09 01:17:06.802 19103 19146 E THREAD_STATE: 
03-09 01:17:06.802 19103 19146 E THREAD_STATE:   Thread[main,5,main]
03-09 01:17:06.802 19103 19146 E THREAD_STATE:     android.os.MessageQueue.nativePollOnce(Native Method)
03-09 01:17:06.802 19103 19146 E THREAD_STATE:     android.os.MessageQueue.nextLegacy(MessageQueue.java:913)
03-09 01:17:06.802 19103 19146 E THREAD_STATE:     android.os.MessageQueue.next(MessageQueue.java:1025)
03-09 01:17:06.802 19103 19146 E THREAD_STATE:     android.os.TestLooperManager.next(TestLooperManager.java:95)
03-09 01:17:06.802 19103 19146 E THREAD_STATE:     androidx.test.espresso.base.TestLooperManagerCompat.next(TestLooperManagerCompat.java:147)
03-09 01:17:06.802 19103 19146 E THREAD_STATE:     androidx.test.espresso.base.Interrogator.loopAndInterrogate(Interrogator.java:118)
03-09 01:17:06.802 19103 19146 E THREAD_STATE:     androidx.test.espresso.base.UiControllerImpl.loopUntil(UiControllerImpl.java:513)
03-09 01:17:06.802 19103 19146 E THREAD_STATE:     androidx.test.espresso.base.UiControllerImpl.loopUntil(UiControllerImpl.java:469)
03-09 01:17:06.802 19103 19146 E THREAD_STATE:     androidx.test.espresso.base.UiControllerImpl.loopMainThreadForAtLeast(UiControllerImpl.java:453)
03-09 01:17:06.802 19103 19146 E THREAD_STATE:     androidx.test.espresso.base.RootViewPicker.waitForAtLeastOneActivityToBeResumed(RootViewPicker.java:194)
03-09 01:17:06.802 19103 19146 E THREAD_STATE:     androidx.test.espresso.base.RootViewPicker.get(RootViewPicker.java:98)
03-09 01:17:06.802 19103 19146 E THREAD_STATE:     androidx.test.espresso.ViewInteractionModule.provideRootView(ViewInteractionModule.java:83)
03-09 01:17:06.802 19103 19146 E THREAD_STATE:     androidx.test.espresso.ViewInteractionModule_ProvideRootViewFactory.provideRootView(ViewInteractionModule_ProvideRootViewFactory.java:49)
03