15:48:42.236 detox[5647] B node_modules/.bin/detox test --config-path ./tests/e2e/mobile/detox.config.cjs --configuration android.emu.release tests/e2e/mobile/specs/password-reset.e2e.js --record-logs all
  data: {
    "id": "88e46c80-dfa2-520a-e877-849e82615a71",
    "detoxConfig": {
      "configurationName": "android.emu.release",
      "apps": {
        "default": {
          "type": "android.apk",
          "binaryPath": "apps/mobile/android/app/build/outputs/apk/release/app-release.apk",
          "testBinaryPath": "apps/mobile/android/app/build/outputs/apk/androidTest/debug/app-debug-androidTest.apk",
          "build": "cd apps/mobile/android && ./gradlew assembleRelease assembleAndroidTest -DtestBuildType=release"
        }
      },
      "artifacts": {
        "rootDir": "artifacts/android.emu.release.2026-03-08 22-48-42Z",
        "plugins": {
          "log": {
            "enabled": true,
            "keepOnlyFailedTestsArtifacts": false
          },
          "screenshot": {
            "enabled": true,
            "shouldTakeAutomaticSnapshots": false,
            "keepOnlyFailedTestsArtifacts": false
          },
          "video": {
            "enabled": false,
            "keepOnlyFailedTestsArtifacts": false
          },
          "instruments": {
            "enabled": false,
            "keepOnlyFailedTestsArtifacts": false
          },
          "uiHierarchy": {
            "enabled": false,
            "keepOnlyFailedTestsArtifacts": false
          }
        }
      },
      "behavior": {
        "init": {
          "keepLockFile": false,
          "reinstallApp": true,
          "exposeGlobals": true
        },
        "cleanup": {
          "shutdownDevice": false
        },
        "launchApp": "auto"
      },
      "cli": {
        "recordLogs": "all",
        "configPath": "./tests/e2e/mobile/detox.config.cjs",
        "configuration": "android.emu.release",
        "start": true
      },
      "commands": [
        {
          "appName": "default",
          "build": "cd apps/mobile/android && ./gradlew assembleRelease assembleAndroidTest -DtestBuildType=release"
        }
      ],
      "device": {
        "type": "android.emulator",
        "device": {
          "avdName": "Medium_Phone_API_36.1"
        }
      },
      "logger": {
        "level": "info",
        "overrideConsole": true,
        "options": {
          "showLoggerName": true,
          "showPid": true,
          "showLevel": false,
          "showMetadata": false,
          "basepath": "/Users/coding/Projects/notes_brain/node_modules/detox/src",
          "prefixers": {},
          "stringifiers": {}
        }
      },
      "testRunner": {
        "retries": 0,
        "forwardEnv": false,
        "detached": false,
        "bail": false,
        "noRetryArgs": [
          "shard"
        ],
        "jest": {
          "setupTimeout": 180000,
          "teardownTimeout": 30000,
          "retryAfterCircusRetries": false,
          "reportWorkerAssign": true
        },
        "args": {
          "$0": "jest",
          "_": [
            "tests/e2e/mobile/specs/password-reset.e2e.js"
          ],
          "config": "tests/e2e/mobile/jest.config.cjs",
          "--": []
        }
      },
      "session": {
        "autoStart": true,
        "debugSynchronization": 10000
      }
    },
    "detoxIPCServer": "primary-5647",
    "testResults": [],
    "testSessionIndex": 0,
    "workersCount": 0
  }
15:48:42.238 detox[5647] i Server path not specified, so defaulting to ipc.config.socketRoot + ipc.config.appspace + ipc.config.id /tmp/detox.primary-5647
15:48:42.239 detox[5647] i starting server on  /tmp/detox.primary-5647 
15:48:42.239 detox[5647] i starting TLS server false
15:48:42.239 detox[5647] i starting server as Unix || Windows Socket
15:48:42.240 detox[5647] i Detox server listening on localhost:64818...
15:48:42.242 detox[5647] i Serialized the session state at: /private/var/folders/4z/mqqhpdps32j1l_chr_9wt8rw0000gp/T/88e46c80-dfa2-520a-e877-849e82615a71.detox.json
15:48:42.243 detox[5647] B DETOX_AVD_NAME="Medium_Phone_API_36.1" jest --config tests/e2e/mobile/jest.config.cjs tests/e2e/mobile/specs/password-reset.e2e.js
15:48:42.245 detox[5647] i (node:5647) [DEP0190] DeprecationWarning: Passing args to a child process with shell option true can lead to security vulnerabilities, as the arguments are not escaped, only concatenated.
(Use `node --trace-deprecation ...` to show where the warning was created)
15:48:42.827 detox[5654] i Service path not specified, so defaulting to ipc.config.socketRoot + ipc.config.appspace + id 
15:48:42.828 detox[5647] i ## socket connection to server detected ##
15:48:42.828 detox[5654] i requested connection to  primary-5647 /tmp/detox.primary-5647
15:48:42.828 detox[5654] i Connecting client on Unix Socket : /tmp/detox.primary-5647
15:48:42.828 detox[5654] i retrying reset
15:48:42.829 detox[5647] i received event of :  registerContext { id: 'secondary-5654' }
15:48:42.829 detox[5647] i dispatching event to socket  :  registerContextDone {
  testResults: [],
  testSessionIndex: 0,
  unsafe_earlyTeardown: undefined
}
15:48:42.829 detox[5654] i dispatching event to  primary-5647 /tmp/detox.primary-5647  :  registerContext , { id: 'secondary-5654' }
15:48:42.829 detox[5654] i ## received events ##
15:48:42.830 detox[5654] i detected event registerContextDone { testResults: [], testSessionIndex: 0 }
15:48:42.898 detox[5654] B tests/e2e/mobile/specs/password-reset.e2e.js
15:48:42.909 detox[5654] B set up environment
15:48:42.910 detox[5647] i received event of :  registerWorker { workerId: 'w1' }
15:48:42.910 detox[5647] i dispatching event to socket  :  registerWorkerDone { workersCount: 1 }
15:48:42.910 detox[5647] i broadcasting event to all known sockets listening to  /tmp/detox.primary-5647  :   sessionStateUpdate { workersCount: 1 }
15:48:42.910 detox[5654] i dispatching event to  primary-5647 /tmp/detox.primary-5647  :  registerWorker , { workerId: 'w1' }
15:48:42.910 detox[5654] i ## received events ##
15:48:42.910 detox[5654] i detected event registerWorkerDone { workersCount: 1 }
15:48:43.045 detox[5654] i ## received events ##
15:48:43.045 detox[5654] i detected event sessionStateUpdate { workersCount: 1 }
15:48:43.048 detox[5647] B connection :64818<->:64823
15:48:43.049 detox[5654] i opened web socket to: ws://localhost:64818
15:48:43.050 detox[5654] i send message
  data: {"type":"login","params":{"sessionId":"3905b3e4-a979-358c-bf9c-1ff077bdfab0","role":"tester"},"messageId":0}
15:48:43.051 detox[5647] i get
  data: {"type":"login","params":{"sessionId":"3905b3e4-a979-358c-bf9c-1ff077bdfab0","role":"tester"},"messageId":0}
15:48:43.051 detox[5647] i created session 3905b3e4-a979-358c-bf9c-1ff077bdfab0
15:48:43.051 detox[5647] i send
  data: {
    "type": "loginSuccess",
    "params": {
      "testerConnected": true,
      "appConnected": false
    },
    "messageId": 0
  }
15:48:43.052 detox[5647] i tester joined session 3905b3e4-a979-358c-bf9c-1ff077bdfab0
15:48:43.052 detox[5654] i get message
  data: {"type":"loginSuccess","params":{"testerConnected":true,"appConnected":false},"messageId":0}
   
15:48:43.069 detox[5647] i received event of :  allocateDevice {
  deviceConfig: {
    type: 'android.emulator',
    device: { avdName: 'Medium_Phone_API_36.1' }
  }
}
15:48:43.069 detox[5654] i dispatching event to  primary-5647 /tmp/detox.primary-5647  :  allocateDevice , {
  deviceConfig: {
    type: 'android.emulator',
    device: { avdName: 'Medium_Phone_API_36.1' }
  }
}
15:48:43.084 detox[5647] B init
  args: ()
15:48:43.086 detox[5647] E init
15:48:43.086 detox[5647] B allocate
  data: {
    "type": "android.emulator",
    "device": {
      "avdName": "Medium_Phone_API_36.1"
    }
  }
15:48:43.231 detox[5647] i Detected emulator binary version { major: 36, minor: 3, patch: 10, toString: [Function: toString] }
15:48:43.231 detox[5647] i "/Users/coding/Library/Android/sdk/platform-tools/adb"  devices
15:48:43.248 detox[5647] i List of devices attached
emulator-5554	device


15:48:43.249 detox[5647] i port: 5554, host: localhost
15:48:43.257 detox[5647] i Found a matching & free device emulator-5554
15:48:43.258 detox[5647] i settled on emulator-5554 (Medium_Phone_API_36.1)
  data: {
    "id": "emulator-5554",
    "adbName": "emulator-5554",
    "name": "emulator-5554 (Medium_Phone_API_36.1)"
  }
15:48:43.258 detox[5647] E allocate
15:48:43.258 detox[5647] B post-allocate: emulator-5554
  data: {
    "id": "emulator-5554",
    "adbName": "emulator-5554",
    "name": "emulator-5554 (Medium_Phone_API_36.1)"
  }
15:48:43.258 detox[5647] i "/Users/coding/Library/Android/sdk/platform-tools/adb" -s emulator-5554 shell "getprop dev.bootcomplete"
15:48:43.283 detox[5647] i 1

15:48:43.283 detox[5647] i "/Users/coding/Library/Android/sdk/platform-tools/adb" -s emulator-5554 shell "getprop ro.build.version.sdk"
15:48:43.306 detox[5647] i 36

15:48:43.306 detox[5647] i "/Users/coding/Library/Android/sdk/platform-tools/adb" -s emulator-5554 shell "settings put global animator_duration_scale 0"
15:48:43.333 detox[5647] i 
15:48:43.334 detox[5647] i "/Users/coding/Library/Android/sdk/platform-tools/adb" -s emulator-5554 shell "settings put global window_animation_scale 0"
15:48:43.359 detox[5647] i 
15:48:43.359 detox[5647] i "/Users/coding/Library/Android/sdk/platform-tools/adb" -s emulator-5554 shell "settings put global transition_animation_scale 0"
15:48:43.384 detox[5647] i 
15:48:43.384 detox[5647] i "/Users/coding/Library/Android/sdk/platform-tools/adb" -s emulator-5554 shell "dumpsys power | grep \"^[ ]*m[UW].*=\""
15:48:43.427 detox[5647] i   mWakefulness=Awake
  mWakefulnessChanging=false
  mUseAutoSuspend=true
  mWakeLockSummary=0x0
  mWakeUpWhenPluggedOrUnpluggedConfig=false
  mWakeUpWhenPluggedOrUnpluggedInTheaterModeConfig=false
  mUserActivityTimeoutOverrideFromWindowManager=-1
  mUserInactiveOverrideFromWindowManager=false
  mUseNormalBrightnessForDoze=false
  mUserId=0
mWakeLockSummary=0x0
mWakefulness=1
  mUserInteractionBackoffMillis=60000

15:48:43.427 detox[5647] E post-allocate: emulator-5554
15:48:43.427 detox[5647] i dispatching event to socket  :  allocateDeviceDone {
  deviceCookie: {
    id: 'emulator-5554',
    adbName: 'emulator-5554',
    name: 'emulator-5554 (Medium_Phone_API_36.1)'
  }
}
15:48:43.427 detox[5654] i ## received events ##
15:48:43.427 detox[5654] i detected event allocateDeviceDone {
  deviceCookie: {
    id: 'emulator-5554',
    adbName: 'emulator-5554',
    name: 'emulator-5554 (Medium_Phone_API_36.1)'
  }
}
15:48:43.444 detox[5654] B onBootDevice
  args: ({"deviceId":"emulator-5554"})
15:48:43.444 detox[5654] E onBootDevice
15:48:43.444 detox[5654] B installUtilBinaries
  args: ()
15:48:43.445 detox[5654] E installUtilBinaries
15:48:43.445 detox[5654] B selectApp
  args: ("default")
15:48:43.445 detox[5654] i "/Users/coding/Library/Android/sdk/build-tools/36.1.0/aapt" dump badging "/Users/coding/Projects/notes_brain/apps/mobile/android/app/build/outputs/apk/release/app-release.apk"
15:48:43.458 detox[5654] i package: name='com.notesbrain.echo' versionCode='1' versionName='1.0.0' platformBuildVersionName='16' platformBuildVersionCode='36' compileSdkVersion='36' compileSdkVersionCodename='16'
sdkVersion:'24'
targetSdkVersion:'36'
uses-permission: name='android.permission.INTERNET'
uses-permission: name='android.permission.MODIFY_AUDIO_SETTINGS'
uses-permission: name='android.permission.READ_EXTERNAL_STORAGE'
uses-permission: name='android.permission.RECORD_AUDIO'
uses-permission: name='android.permission.SYSTEM_ALERT_WINDOW'
uses-permission: name='android.permission.VIBRATE'
uses-permission: name='android.permission.WRITE_EXTERNAL_STORAGE'
uses-permission: name='android.permission.ACCESS_NETWORK_STATE'
uses-permission: name='android.permission.ACCESS_WIFI_STATE'
uses-permission: name='android.permission.FOREGROUND_SERVICE'
uses-permission: name='android.permission.FOREGROUND_SERVICE_MEDIA_PLAYBACK'
uses-permission: name='android.permission.RECEIVE_BOOT_COMPLETED'
uses-permission: name='android.permission.POST_NOTIFICATIONS'
uses-permission: name='android.permission.WAKE_LOCK'
uses-permission: name='com.google.android.c2dm.permission.RECEIVE'
uses-permission: name='android.permission.USE_BIOMETRIC'
uses-permission: name='android.permission.USE_FINGERPRINT'
uses-permission: name='com.notesbrain.echo.DYNAMIC_RECEIVER_NOT_EXPORTED_PERMISSION'
uses-permission: name='com.google.android.finsky.permission.BIND_GET_INSTALL_REFERRER_SERVICE'
uses-permission: name='com.sec.android.provider.badge.permission.READ'
uses-permission: name='com.sec.android.provider.badge.permission.WRITE'
uses-permission: name='com.htc.launcher.permission.READ_SETTINGS'
uses-permission: name='com.htc.launcher.permission.UPDATE_SHORTCUT'
uses-permission: name='com.sonyericsson.home.permission.BROADCAST_BADGE'
uses-permission: name='com.sonymobile.home.permission.PROVIDER_INSERT_BADGE'
uses-permission: name='com.anddoes.launcher.permission.UPDATE_COUNT'
uses-permission: name='com.majeur.launcher.permission.UPDATE_BADGE'
uses-permission: name='com.huawei.android.launcher.permission.CHANGE_BADGE'
uses-permission: name='com.huawei.android.launcher.permission.READ_SETTINGS'
uses-permission: name='com.huawei.android.launcher.permission.WRITE_SETTINGS'
uses-permission: name='android.permission.READ_APP_BADGE'
uses-permission: name='com.oppo.launcher.permission.READ_SETTINGS'
uses-permission: name='com.oppo.launcher.permission.WRITE_SETTINGS'
uses-permission: name='me.everything.badger.permission.BADGE_COUNT_READ'
uses-permission: name='me.everything.badger.permission.BADGE_COUNT_WRITE'
application-label:'Echo'
application-label-af:'Echo'
application-label-am:'Echo'
application-label-ar:'Echo'
application-label-as:'Echo'
application-label-az:'Echo'
application-label-be:'Echo'
application-label-bg:'Echo'
application-label-bn:'Echo'
application-label-bs:'Echo'
application-label-ca:'Echo'
application-label-cs:'Echo'
application-label-da:'Echo'
application-label-de:'Echo'
application-label-el:'Echo'
application-label-en-AU:'Echo'
application-label-en-CA:'Echo'
application-label-en-GB:'Echo'
application-label-en-IN:'Echo'
application-label-en-XC:'Echo'
application-label-es:'Echo'
application-label-es-419:'Echo'
application-label-es-ES:'Echo'
application-label-es-US:'Echo'
application-label-et:'Echo'
application-label-eu:'Echo'
application-label-fa:'Echo'
application-label-fi:'Echo'
application-label-fr:'Echo'
application-label-fr-CA:'Echo'
application-label-gl:'Echo'
application-label-gu:'Echo'
application-label-hi:'Echo'
application-label-hr:'Echo'
application-label-hu:'Echo'
application-label-hy:'Echo'
application-label-in:'Echo'
application-label-is:'Echo'
application-label-it:'Echo'
application-label-iw:'Echo'
application-label-ja:'Echo'
application-label-ka:'Echo'
application-label-kk:'Echo'
application-label-km:'Echo'
application-label-kn:'Echo'
application-label-ko:'Echo'
application-label-ky:'Echo'
application-label-lo:'Echo'
application-label-lt:'Echo'
application-label-lv:'Echo'
application-label-mk:'Echo'
application-label-ml:'Echo'
application-label-mn:'Echo'
application-label-mr:'Echo'
application-label-ms:'Echo'
application-label-my:'Echo'
application-label-nb:'Echo'
application-label-ne:'Echo'
application-label-nl:'Echo'
application-label-or:'Echo'
application-label-pa:'Echo'
application-label-pl:'Echo'
application-label-pt:'Echo'
application-label-pt-BR:'Echo'
application-label-pt-PT:'Echo'
application-label-ro:'Echo'
application-label-ru:'Echo'
application-label-si:'Echo'
application-label-sk:'Echo'
application-label-sl:'Echo'
application-label-sq:'Echo'
application-label-sr:'Echo'
application-label-sr-Latn:'Echo'
application-label-sv:'Echo'
application-label-sw:'Echo'
application-label-ta:'Echo'
application-label-te:'Echo'
application-label-th:'Echo'
application-label-tl:'Echo'
application-label-tr:'Echo'
application-label-uk:'Echo'
application-label-ur:'Echo'
application-label-uz:'Echo'
application-label-vi:'Echo'
application-label-zh-CN:'Echo'
application-label-zh-HK:'Echo'
application-label-zh-TW:'Echo'
application-label-zu:'Echo'
application-icon-120:'res/BW.xml'
application-icon-160:'res/BW.xml'
application-icon-240:'res/BW.xml'
application-icon-320:'res/BW.xml'
application-icon-480:'res/BW.xml'
application-icon-640:'res/BW.xml'
application-icon-65534:'res/BW.xml'
application: label='Echo' icon='res/BW.xml'
launchable-activity: name='com.notesbrain.echo.MainActivity'  label='' icon=''
feature-group: label=''
  uses-feature: name='android.hardware.faketouch'
  uses-implied-feature: name='android.hardware.faketouch' reason='default feature for all apps'
  uses-feature: name='android.hardware.microphone'
  uses-implied-feature: name='android.hardware.microphone' reason='requested android.permission.RECORD_AUDIO permission'
  uses-feature: name='android.hardware.screen.portrait'
  uses-implied-feature: name='android.hardware.screen.portrait' reason='one or more activities have specified a portrait orientation'
  uses-feature: name='android.hardware.wifi'
  uses-implied-feature: name='android.hardware.wifi' reason='requested android.permission.ACCESS_WIFI_STATE permission'
main
other-activities
other-receivers
other-services
supports-screens: 'small' 'normal' 'large' 'xlarge'
supports-any-density: 'true'
locales: '--_--' 'af' 'am' 'ar' 'as' 'az' 'be' 'bg' 'bn' 'bs' 'ca' 'cs' 'da' 'de' 'el' 'en-AU' 'en-CA' 'en-GB' 'en-IN' 'en-XC' 'es' 'es-419' 'es-ES' 'es-US' 'et' 'eu' 'fa' 'fi' 'fr' 'fr-CA' 'gl' 'gu' 'hi' 'hr' 'hu' 'hy' 'in' 'is' 'it' 'iw' 'ja' 'ka' 'kk' 'km' 'kn' 'ko' 'ky' 'lo' 'lt' 'lv' 'mk' 'ml' 'mn' 'mr' 'ms' 'my' 'nb' 'ne' 'nl' 'or' 'pa' 'pl' 'pt' 'pt-BR' 'pt-PT' 'ro' 'ru' 'si' 'sk' 'sl' 'sq' 'sr' 'sr-Latn' 'sv' 'sw' 'ta' 'te' 'th' 'tl' 'tr' 'uk' 'ur' 'uz' 'vi' 'zh-CN' 'zh-HK' 'zh-TW' 'zu'
densities: '120' '160' '240' '320' '480' '640' '65534'
native-code: 'arm64-v8a' 'armeabi-v7a' 'x86' 'x86_64'

15:48:43.459 detox[5654] E selectApp
15:48:43.459 detox[5654] B uninstallApp
  args: ()
15:48:43.459 detox[5654] B onBeforeUninstallApp
  args: ({"deviceId":"emulator-5554","bundleId":"com.notesbrain.echo"})
15:48:43.459 detox[5654] E onBeforeUninstallApp
15:48:43.459 detox[5654] i "/Users/coding/Library/Android/sdk/platform-tools/adb" -s emulator-5554 shell "pm list packages com.notesbrain.echo"
15:48:43.486 detox[5654] i 
15:48:43.486 detox[5654] i "/Users/coding/Library/Android/sdk/platform-tools/adb" -s emulator-5554 shell "pm list packages com.notesbrain.echo.test"
15:48:43.512 detox[5654] i 
15:48:43.512 detox[5654] E uninstallApp
15:48:43.512 detox[5654] B selectApp
  args: ("default")
15:48:43.513 detox[5654] B terminateApp
  args: ()
15:48:43.513 detox[5654] B onBeforeTerminateApp
  args: ({"deviceId":"emulator-5554","bundleId":"com.notesbrain.echo"})
15:48:43.513 detox[5654] E onBeforeTerminateApp
15:48:43.513 detox[5654] i "/Users/coding/Library/Android/sdk/platform-tools/adb" -s emulator-5554 shell "am force-stop com.notesbrain.echo"
15:48:43.540 detox[5654] i 
15:48:43.540 detox[5654] B onTerminateApp
  args: ({"deviceId":"emulator-5554","bundleId":"com.notesbrain.echo"})
15:48:43.540 detox[5654] E onTerminateApp
15:48:43.540 detox[5654] E terminateApp
15:48:43.540 detox[5654] E selectApp
15:48:43.540 detox[5654] B installApp
  args: ()
15:48:43.540 detox[5654] i "/Users/coding/Library/Android/sdk/build-tools/36.1.0/aapt" dump xmlstrings "/Users/coding/Projects/notes_brain/apps/mobile/android/app/build/outputs/apk/release/app-release.apk" AndroidManifest.xml
15:48:43.553 detox[5654] i String pool of 189 unique UTF-16 non-sorted strings, 189 entries and 0 styles using 14352 bytes:
String #0: theme
String #1: label
String #2: icon
String #3: name
String #4: permission
String #5: protectionLevel
String #6: enabled
String #7: exported
String #8: taskAffinity
String #9: excludeFromRecents
String #10: authorities
String #11: initOrder
String #12: grantUriPermissions
String #13: priority
String #14: launchMode
String #15: screenOrientation
String #16: configChanges
String #17: value
String #18: resource
String #19: mimeType
String #20: scheme
String #21: minSdkVersion
String #22: versionCode
String #23: versionName
String #24: windowSoftInputMode
String #25: noHistory
String #26: targetSdkVersion
String #27: allowBackup
String #28: supportsRtl
String #29: extractNativeLibs
String #30: fullBackupContent
String #31: directBootAware
String #32: roundIcon
String #33: compileSdkVersion
String #34: compileSdkVersionCodename
String #35: appComponentFactory
String #36: foregroundServiceType
String #37: dataExtractionRules
String #38: enableOnBackInvokedCallback
String #39: 
String #40: 1.0.0
String #41: 16
String #42: ALWAYS
String #43: action
String #44: activity
String #45: android
String #46: android.intent.action.BOOT_COMPLETED
String #47: android.intent.action.MAIN
String #48: android.intent.action.MY_PACKAGE_REPLACED
String #49: android.intent.action.OPEN_DOCUMENT_TREE
String #50: android.intent.action.QUICKBOOT_POWERON
String #51: android.intent.action.REBOOT
String #52: android.intent.action.SEND
String #53: android.intent.action.SEND_MULTIPLE
String #54: android.intent.action.VIEW
String #55: android.intent.category.BROWSABLE
String #56: android.intent.category.DEFAULT
String #57: android.intent.category.LAUNCHER
String #58: android.permission.ACCESS_NETWORK_STATE
String #59: android.permission.ACCESS_WIFI_STATE
String #60: android.permission.BIND_JOB_SERVICE
String #61: android.permission.DUMP
String #62: android.permission.FOREGROUND_SERVICE
String #63: android.permission.FOREGROUND_SERVICE_MEDIA_PLAYBACK
String #64: android.permission.INTERNET
String #65: android.permission.MODIFY_AUDIO_SETTINGS
String #66: android.permission.POST_NOTIFICATIONS
String #67: android.permission.READ_APP_BADGE
String #68: android.permission.READ_EXTERNAL_STORAGE
String #69: android.permission.RECEIVE_BOOT_COMPLETED
String #70: android.permission.RECORD_AUDIO
String #71: android.permission.SYSTEM_ALERT_WINDOW
String #72: android.permission.USE_BIOMETRIC
String #73: android.permission.USE_FINGERPRINT
String #74: android.permission.VIBRATE
String #75: android.permission.WAKE_LOCK
String #76: android.permission.WRITE_EXTERNAL_STORAGE
String #77: android.support.FILE_PROVIDER_PATHS
String #78: androidx.compose.ui.tooling.PreviewActivity
String #79: androidx.core.app.CoreComponentFactory
String #80: androidx.emoji2.text.EmojiCompatInitializer
String #81: androidx.lifecycle.ProcessLifecycleInitializer
String #82: androidx.media3.session.MediaSessionService
String #83: androidx.profileinstaller.ProfileInstallReceiver
String #84: androidx.profileinstaller.ProfileInstallerInitializer
String #85: androidx.profileinstaller.action.BENCHMARK_OPERATION
String #86: androidx.profileinstaller.action.INSTALL_PROFILE
String #87: androidx.profileinstaller.action.SAVE_PROFILE
String #88: androidx.profileinstaller.action.SKIP_FILE
String #89: androidx.startup
String #90: androidx.startup.InitializationProvider
String #91: application
String #92: application/pdf
String #93: backend:com.google.android.datatransport.cct.CctBackendFactory
String #94: barcode_ui
String #95: category
String #96: cct
String #97: com.anddoes.launcher.permission.UPDATE_COUNT
String #98: com.facebook.soloader.enabled
String #99: com.google.android.c2dm.intent.RECEIVE
String #100: com.google.android.c2dm.permission.RECEIVE
String #101: com.google.android.c2dm.permission.SEND
String #102: com.google.android.datatransport.runtime.backends.TransportBackendDiscovery
String #103: com.google.android.datatransport.runtime.scheduling.jobscheduling.AlarmManagerSchedulerBroadcastReceiver
String #104: com.google.android.datatransport.runtime.scheduling.jobscheduling.JobInfoSchedulerService
String #105: com.google.android.finsky.permission.BIND_GET_INSTALL_REFERRER_SERVICE
String #106: com.google.android.gms.cloudmessaging.FINISHED_AFTER_HANDLED
String #107: com.google.android.gms.common.api.GoogleApiActivity
String #108: com.google.android.gms.version
String #109: com.google.firebase.MESSAGING_EVENT
String #110: com.google.firebase.components.ComponentDiscoveryService
String #111: com.google.firebase.components.ComponentRegistrar
String #112: com.google.firebase.components:com.google.firebase.FirebaseCommonKtxRegistrar
String #113: com.google.firebase.components:com.google.firebase.datatransport.TransportRegistrar
String #114: com.google.firebase.components:com.google.firebase.installations.FirebaseInstallationsKtxRegistrar
String #115: com.google.firebase.components:com.google.firebase.installations.FirebaseInstallationsRegistrar
String #116: com.google.firebase.components:com.google.firebase.ktx.FirebaseCommonLegacyRegistrar
String #117: com.google.firebase.components:com.google.firebase.messaging.FirebaseMessagingKtxRegistrar
String #118: com.google.firebase.components:com.google.firebase.messaging.FirebaseMessagingRegistrar
String #119: com.google.firebase.components:com.google.mlkit.common.internal.CommonComponentRegistrar
String #120: com.google.firebase.components:com.google.mlkit.vision.barcode.internal.BarcodeRegistrar
String #121: com.google.firebase.components:com.google.mlkit.vision.common.internal.VisionCommonRegistrar
String #122: com.google.firebase.iid.FirebaseInstanceIdReceiver
String #123: com.google.firebase.messaging.FirebaseMessagingService
String #124: com.google.firebase.messaging.default_notification_color
String #125: com.google.firebase.messaging.default_notification_icon
String #126: com.google.firebase.provider.FirebaseInitProvider
String #127: com.google.mlkit.common.internal.MlKitComponentDiscoveryService
String #128: com.google.mlkit.common.internal.MlKitInitProvider
String #129: com.google.mlkit.vision.DEPENDENCIES
String #130: com.google.mlkit.vision.codescanner.internal.GmsBarcodeScanningDelegateActivity
String #131: com.htc.intent.action.QUICKBOOT_POWERON
String #132: com.htc.launcher.permission.READ_SETTINGS
String #133: com.htc.launcher.permission.UPDATE_SHORTCUT
String #134: com.huawei.android.launcher.permission.CHANGE_BADGE
String #135: com.huawei.android.launcher.permission.READ_SETTINGS
String #136: com.huawei.android.launcher.permission.WRITE_SETTINGS
String #137: com.majeur.launcher.permission.UPDATE_BADGE
String #138: com.notesbrain.echo
String #139: com.notesbrain.echo.DYNAMIC_RECEIVER_NOT_EXPORTED_PERMISSION
String #140: com.notesbrain.echo.FileSystemFileProvider
String #141: com.notesbrain.echo.MainActivity
String #142: com.notesbrain.echo.MainApplication
String #143: com.notesbrain.echo.androidx-startup
String #144: com.notesbrain.echo.firebaseinitprovider
String #145: com.notesbrain.echo.mlkitinitprovider
String #146: com.oppo.launcher.permission.READ_SETTINGS
String #147: com.oppo.launcher.permission.WRITE_SETTINGS
String #148: com.sec.android.provider.badge.permission.READ
String #149: com.sec.android.provider.badge.permission.WRITE
String #150: com.sonyericsson.home.permission.BROADCAST_BADGE
String #151: com.sonymobile.home.permission.PROVIDER_INSERT_BADGE
String #152: data
String #153: echo
String #154: exp+echo
String #155: expo.modules.adapters.react.apploader.RNHeadlessAppLoader
String #156: expo.modules.audio.service.AudioControlsService
String #157: expo.modules.audio.service.AudioRecordingService
String #158: expo.modules.filesystem.FileSystemFileProvider
String #159: expo.modules.notifications.NOTIFICATION_EVENT
String #160: expo.modules.notifications.default_notification_color
String #161: expo.modules.notifications.default_notification_icon
String #162: expo.modules.notifications.service.ExpoFirebaseMessagingService
String #163: expo.modules.notifications.service.NotificationForwarderActivity
String #164: expo.modules.notifications.service.NotificationsService
String #165: expo.modules.updates.ENABLED
String #166: expo.modules.updates.EXPO_UPDATES_CHECK_ON_LAUNCH
String #167: expo.modules.updates.EXPO_UPDATES_LAUNCH_WAIT_MS
String #168: http://schemas.android.com/apk/res/android
String #169: https
String #170: image/*
String #171: intent
String #172: intent-filter
String #173: manifest
String #174: me.everything.badger.permission.BADGE_COUNT_READ
String #175: me.everything.badger.permission.BADGE_COUNT_WRITE
String #176: meta-data
String #177: org.unimodules.core.AppLoader#react-native-headless
String #178: package
String #179: permission
String #180: platformBuildVersionCode
String #181: platformBuildVersionName
String #182: provider
String #183: queries
String #184: receiver
String #185: service
String #186: text/*
String #187: uses-permission
String #188: uses-sdk

15:48:43.553 detox[5654] i "/Users/coding/Library/Android/sdk/build-tools/36.1.0/aapt" dump xmlstrings "/Users/coding/Projects/notes_brain/apps/mobile/android/app/build/outputs/apk/androidTest/debug/app-debug-androidTest.apk" AndroidManifest.xml
15:48:43.566 detox[5654] i String pool of 27 unique UTF-16 non-sorted strings, 27 entries and 0 styles using 1120 bytes:
String #0: label
String #1: name
String #2: debuggable
String #3: targetPackage
String #4: handleProfiling
String #5: functionalTest
String #6: minSdkVersion
String #7: targetSdkVersion
String #8: extractNativeLibs
String #9: compileSdkVersion
String #10: compileSdkVersionCodename
String #11: 16
String #12: Tests for com.notesbrain.echo
String #13: android
String #14: android.test.InstrumentationTestRunner
String #15: android.test.runner
String #16: application
String #17: com.notesbrain.echo
String #18: com.notesbrain.echo.test
String #19: http://schemas.android.com/apk/res/android
String #20: instrumentation
String #21: manifest
String #22: package
String #23: platformBuildVersionCode
String #24: platformBuildVersionName
String #25: uses-library
String #26: uses-sdk

15:48:43.566 detox[5654] i "/Users/coding/Library/Android/sdk/platform-tools/adb" -s emulator-5554 shell "rm -fr /data/local/tmp/detox"
15:48:43.588 detox[5654] i 
15:48:43.588 detox[5654] i "/Users/coding/Library/Android/sdk/platform-tools/adb" -s emulator-5554 shell "mkdir -p /data/local/tmp/detox"
15:48:43.612 detox[5654] i 
15:48:43.612 detox[5654] i "/Users/coding/Library/Android/sdk/platform-tools/adb" -s emulator-5554 push "/Users/coding/Projects/notes_brain/apps/mobile/android/app/build/outputs/apk/release/app-release.apk" "/data/local/tmp/detox/Application.apk"
15:48:43.947 detox[5654] i /Users/coding/Projects/notes_brain/apps/mobile/android/app/build/outputs/apk/release/app-release.apk: 1 file pushed, 0 skipped. 388.7 MB/s (102273233 bytes in 0.251s)

15:48:43.947 detox[5654] i "/Users/coding/Library/Android/sdk/platform-tools/adb" -s emulator-5554 shell "getprop ro.build.version.sdk"
15:48:43.974 detox[5654] i 36

15:48:43.975 detox[5654] i /Users/coding/Library/Android/sdk/platform-tools/adb -s emulator-5554 shell pm install -r -g -t /data/local/tmp/detox/Application.apk
15:48:45.591 detox[5654] i Success

15:48:45.594 detox[5654] i /Users/coding/Library/Android/sdk/platform-tools/adb -s emulator-5554 shell pm install -r -g -t /data/local/tmp/detox/Application.apk exited with code #0
15:48:45.594 detox[5654] i "/Users/coding/Library/Android/sdk/platform-tools/adb" -s emulator-5554 push "/Users/coding/Projects/notes_brain/apps/mobile/android/app/build/outputs/apk/androidTest/debug/app-debug-androidTest.apk" "/data/local/tmp/detox/Test.apk"
15:48:45.614 detox[5654] i /Users/coding/Projects/notes_brain/apps/mobile/android/app/build/outputs/apk/androidTest/debug/app-debug-androidTest.apk: 1 file pushed, 0 skipped. 78.9 MB/s (7446 bytes in 0.000s)

15:48:45.614 detox[5654] i /Users/coding/Library/Android/sdk/platform-tools/adb -s emulator-5554 shell pm install -r -g -t /data/local/tmp/detox/Test.apk
15:48:46.163 detox[5654] i Success

15:48:46.165 detox[5654] i /Users/coding/Library/Android/sdk/platform-tools/adb -s emulator-5554 shell pm install -r -g -t /data/local/tmp/detox/Test.apk exited with code #0
15:48:46.165 detox[5654] E installApp
15:48:46.165 detox[5654] B selectApp
  args: ("default")
15:48:46.165 detox[5654] B terminateApp
  args: ()
15:48:46.165 detox[5654] B onBeforeTerminateApp
  args: ({"deviceId":"emulator-5554","bundleId":"com.notesbrain.echo"})
15:48:46.165 detox[5654] E onBeforeTerminateApp
15:48:46.165 detox[5654] i "/Users/coding/Library/Android/sdk/platform-tools/adb" -s emulator-5554 shell "am force-stop com.notesbrain.echo"
15:48:46.368 detox[5654] i 
15:48:46.368 detox[5654] B onTerminateApp
  args: ({"deviceId":"emulator-5554","bundleId":"com.notesbrain.echo"})
15:48:46.368 detox[5654] E onTerminateApp
15:48:46.368 detox[5654] E terminateApp
15:48:46.368 detox[5654] E selectApp
15:48:46.368 detox[5654] E set up environment
15:48:46.528 detox[5654] i password-reset.e2e.js is assigned to emulator-5554 (Medium_Phone_API_36.1)
15:48:46.529 detox[5654] B run the tests
15:48:46.529 detox[5654] B onRunDescribeStart
  args: ({"name":"ROOT_DESCRIBE_BLOCK"})
15:48:46.529 detox[5654] E onRunDescribeStart
15:48:46.530 detox[5654] B mobile e2e: password reset
15:48:46.530 detox[5654] B onRunDescribeStart
  args: ({"name":"mobile e2e: password reset"})
15:48:46.530 detox[5654] E onRunDescribeStart
15:48:46.530 detox[5654] B requests a password reset email from the login screen
15:48:46.530 detox[5654] i mobile e2e: password reset: requests a password reset email from the login screen
15:48:46.531 detox[5654] B onTestStart
  args: ({"title":"requests a password reset email from the login screen","fullName":"mobile e2e: password reset requests a password reset email from the login screen","status":"running","invocations":1})
15:48:46.531 detox[5654] i starting ADBLogcatRecording
15:48:46.532 detox[5654] i /Users/coding/Library/Android/sdk/platform-tools/adb -s emulator-5554 shell "logcat -f /sdcard/15484365_0.log"
15:48:46.532 detox[5654] E onTestStart
15:48:46.532 detox[5654] B beforeEach
15:48:46.532 detox[5654] E beforeEach
15:48:46.532 detox[5654] B beforeEach
15:48:46.533 detox[5654] B launchApp
  args: ({"newInstance":true,"delete":true})
15:48:46.533 detox[5654] B terminateApp
  args: ("com.notesbrain.echo")
15:48:46.533 detox[5654] B onBeforeTerminateApp
  args: ({"deviceId":"emulator-5554","bundleId":"com.notesbrain.echo"})
15:48:46.533 detox[5654] E onBeforeTerminateApp
15:48:46.533 detox[5654] i "/Users/coding/Library/Android/sdk/platform-tools/adb" -s emulator-5554 shell "am force-stop com.notesbrain.echo"
15:48:46.641 detox[5654] i 
15:48:46.641 detox[5654] B onTerminateApp
  args: ({"deviceId":"emulator-5554","bundleId":"com.notesbrain.echo"})
15:48:46.641 detox[5654] E onTerminateApp
15:48:46.641 detox[5654] E terminateApp
15:48:46.642 detox[5654] B uninstallApp
  args: ()
15:48:46.642 detox[5654] B onBeforeUninstallApp
  args: ({"deviceId":"emulator-5554","bundleId":"com.notesbrain.echo"})
15:48:46.642 detox[5654] E onBeforeUninstallApp
15:48:46.642 detox[5654] i "/Users/coding/Library/Android/sdk/platform-tools/adb" -s emulator-5554 shell "pm list packages com.notesbrain.echo"
15:48:46.720 detox[5654] i package:com.notesbrain.echo.test
package:com.notesbrain.echo

15:48:46.721 detox[5654] i "/Users/coding/Library/Android/sdk/platform-tools/adb" -s emulator-5554 uninstall com.notesbrain.echo
15:48:46.833 detox[5654] i "/Users/coding/Library/Android/sdk/platform-tools/adb" -s emulator-5554 shell du /sdcard/15484365_0.log
15:48:46.882 detox[5654] i 4	/sdcard/15484365_0.log

15:48:46.890 detox[5654] i Success

15:48:46.890 detox[5654] i "/Users/coding/Library/Android/sdk/platform-tools/adb" -s emulator-5554 shell "pm list packages com.notesbrain.echo.test"
15:48:46.941 detox[5654] i package:com.notesbrain.echo.test

15:48:46.941 detox[5654] i "/Users/coding/Library/Android/sdk/platform-tools/adb" -s emulator-5554 uninstall com.notesbrain.echo.test
15:48:47.410 detox[5654] i Success

15:48:47.410 detox[5654] E uninstallApp
15:48:47.410 detox[5654] B installApp
  args: ()
15:48:47.410 detox[5654] i "/Users/coding/Library/Android/sdk/build-tools/36.1.0/aapt" dump xmlstrings "/Users/coding/Projects/notes_brain/apps/mobile/android/app/build/outputs/apk/release/app-release.apk" AndroidManifest.xml
15:48:47.423 detox[5654] i String pool of 189 unique UTF-16 non-sorted strings, 189 entries and 0 styles using 14352 bytes:
String #0: theme
String #1: label
String #2: icon
String #3: name
String #4: permission
String #5: protectionLevel
String #6: enabled
String #7: exported
String #8: taskAffinity
String #9: excludeFromRecents
String #10: authorities
String #11: initOrder
String #12: grantUriPermissions
String #13: priority
String #14: launchMode
String #15: screenOrientation
String #16: configChanges
String #17: value
String #18: resource
String #19: mimeType
String #20: scheme
String #21: minSdkVersion
String #22: versionCode
String #23: versionName
String #24: windowSoftInputMode
String #25: noHistory
String #26: targetSdkVersion
String #27: allowBackup
String #28: supportsRtl
String #29: extractNativeLibs
String #30: fullBackupContent
String #31: directBootAware
String #32: roundIcon
String #33: compileSdkVersion
String #34: compileSdkVersionCodename
String #35: appComponentFactory
String #36: foregroundServiceType
String #37: dataExtractionRules
String #38: enableOnBackInvokedCallback
String #39: 
String #40: 1.0.0
String #41: 16
String #42: ALWAYS
String #43: action
String #44: activity
String #45: android
String #46: android.intent.action.BOOT_COMPLETED
String #47: android.intent.action.MAIN
String #48: android.intent.action.MY_PACKAGE_REPLACED
String #49: android.intent.action.OPEN_DOCUMENT_TREE
String #50: android.intent.action.QUICKBOOT_POWERON
String #51: android.intent.action.REBOOT
String #52: android.intent.action.SEND
String #53: android.intent.action.SEND_MULTIPLE
String #54: android.intent.action.VIEW
String #55: android.intent.category.BROWSABLE
String #56: android.intent.category.DEFAULT
String #57: android.intent.category.LAUNCHER
String #58: android.permission.ACCESS_NETWORK_STATE
String #59: android.permission.ACCESS_WIFI_STATE
String #60: android.permission.BIND_JOB_SERVICE
String #61: android.permission.DUMP
String #62: android.permission.FOREGROUND_SERVICE
String #63: android.permission.FOREGROUND_SERVICE_MEDIA_PLAYBACK
String #64: android.permission.INTERNET
String #65: android.permission.MODIFY_AUDIO_SETTINGS
String #66: android.permission.POST_NOTIFICATIONS
String #67: android.permission.READ_APP_BADGE
String #68: android.permission.READ_EXTERNAL_STORAGE
String #69: android.permission.RECEIVE_BOOT_COMPLETED
String #70: android.permission.RECORD_AUDIO
String #71: android.permission.SYSTEM_ALERT_WINDOW
String #72: android.permission.USE_BIOMETRIC
String #73: android.permission.USE_FINGERPRINT
String #74: android.permission.VIBRATE
String #75: android.permission.WAKE_LOCK
String #76: android.permission.WRITE_EXTERNAL_STORAGE
String #77: android.support.FILE_PROVIDER_PATHS
String #78: androidx.compose.ui.tooling.PreviewActivity
String #79: androidx.core.app.CoreComponentFactory
String #80: androidx.emoji2.text.EmojiCompatInitializer
String #81: androidx.lifecycle.ProcessLifecycleInitializer
String #82: androidx.media3.session.MediaSessionService
String #83: androidx.profileinstaller.ProfileInstallReceiver
String #84: androidx.profileinstaller.ProfileInstallerInitializer
String #85: androidx.profileinstaller.action.BENCHMARK_OPERATION
String #86: androidx.profileinstaller.action.INSTALL_PROFILE
String #87: androidx.profileinstaller.action.SAVE_PROFILE
String #88: androidx.profileinstaller.action.SKIP_FILE
String #89: androidx.startup
String #90: androidx.startup.InitializationProvider
String #91: application
String #92: application/pdf
String #93: backend:com.google.android.datatransport.cct.CctBackendFactory
String #94: barcode_ui
String #95: category
String #96: cct
String #97: com.anddoes.launcher.permission.UPDATE_COUNT
String #98: com.facebook.soloader.enabled
String #99: com.google.android.c2dm.intent.RECEIVE
String #100: com.google.android.c2dm.permission.RECEIVE
String #101: com.google.android.c2dm.permission.SEND
String #102: com.google.android.datatransport.runtime.backends.TransportBackendDiscovery
String #103: com.google.android.datatransport.runtime.scheduling.jobscheduling.AlarmManagerSchedulerBroadcastReceiver
String #104: com.google.android.datatransport.runtime.scheduling.jobscheduling.JobInfoSchedulerService
String #105: com.google.android.finsky.permission.BIND_GET_INSTALL_REFERRER_SERVICE
String #106: com.google.android.gms.cloudmessaging.FINISHED_AFTER_HANDLED
String #107: com.google.android.gms.common.api.GoogleApiActivity
String #108: com.google.android.gms.version
String #109: com.google.firebase.MESSAGING_EVENT
String #110: com.google.firebase.components.ComponentDiscoveryService
String #111: com.google.firebase.components.ComponentRegistrar
String #112: com.google.firebase.components:com.google.firebase.FirebaseCommonKtxRegistrar
String #113: com.google.firebase.components:com.google.firebase.datatransport.TransportRegistrar
String #114: com.google.firebase.components:com.google.firebase.installations.FirebaseInstallationsKtxRegistrar
String #115: com.google.firebase.components:com.google.firebase.installations.FirebaseInstallationsRegistrar
String #116: com.google.firebase.components:com.google.firebase.ktx.FirebaseCommonLegacyRegistrar
String #117: com.google.firebase.components:com.google.firebase.messaging.FirebaseMessagingKtxRegistrar
String #118: com.google.firebase.components:com.google.firebase.messaging.FirebaseMessagingRegistrar
String #119: com.google.firebase.components:com.google.mlkit.common.internal.CommonComponentRegistrar
String #120: com.google.firebase.components:com.google.mlkit.vision.barcode.internal.BarcodeRegistrar
String #121: com.google.firebase.components:com.google.mlkit.vision.common.internal.VisionCommonRegistrar
String #122: com.google.firebase.iid.FirebaseInstanceIdReceiver
String #123: com.google.firebase.messaging.FirebaseMessagingService
String #124: com.google.firebase.messaging.default_notification_color
String #125: com.google.firebase.messaging.default_notification_icon
String #126: com.google.firebase.provider.FirebaseInitProvider
String #127: com.google.mlkit.common.internal.MlKitComponentDiscoveryService
String #128: com.google.mlkit.common.internal.MlKitInitProvider
String #129: com.google.mlkit.vision.DEPENDENCIES
String #130: com.google.mlkit.vision.codescanner.internal.GmsBarcodeScanningDelegateActivity
String #131: com.htc.intent.action.QUICKBOOT_POWERON
String #132: com.htc.launcher.permission.READ_SETTINGS
String #133: com.htc.launcher.permission.UPDATE_SHORTCUT
String #134: com.huawei.android.launcher.permission.CHANGE_BADGE
String #135: com.huawei.android.launcher.permission.READ_SETTINGS
String #136: com.huawei.android.launcher.permission.WRITE_SETTINGS
String #137: com.majeur.launcher.permission.UPDATE_BADGE
String #138: com.notesbrain.echo
String #139: com.notesbrain.echo.DYNAMIC_RECEIVER_NOT_EXPORTED_PERMISSION
String #140: com.notesbrain.echo.FileSystemFileProvider
String #141: com.notesbrain.echo.MainActivity
String #142: com.notesbrain.echo.MainApplication
String #143: com.notesbrain.echo.androidx-startup
String #144: com.notesbrain.echo.firebaseinitprovider
String #145: com.notesbrain.echo.mlkitinitprovider
String #146: com.oppo.launcher.permission.READ_SETTINGS
String #147: com.oppo.launcher.permission.WRITE_SETTINGS
String #148: com.sec.android.provider.badge.permission.READ
String #149: com.sec.android.provider.badge.permission.WRITE
String #150: com.sonyericsson.home.permission.BROADCAST_BADGE
String #151: com.sonymobile.home.permission.PROVIDER_INSERT_BADGE
String #152: data
String #153: echo
String #154: exp+echo
String #155: expo.modules.adapters.react.apploader.RNHeadlessAppLoader
String #156: expo.modules.audio.service.AudioControlsService
String #157: expo.modules.audio.service.AudioRecordingService
String #158: expo.modules.filesystem.FileSystemFileProvider
String #159: expo.modules.notifications.NOTIFICATION_EVENT
String #160: expo.modules.notifications.default_notification_color
String #161: expo.modules.notifications.default_notification_icon
String #162: expo.modules.notifications.service.ExpoFirebaseMessagingService
String #163: expo.modules.notifications.service.NotificationForwarderActivity
String #164: expo.modules.notifications.service.NotificationsService
String #165: expo.modules.updates.ENABLED
String #166: expo.modules.updates.EXPO_UPDATES_CHECK_ON_LAUNCH
String #167: expo.modules.updates.EXPO_UPDATES_LAUNCH_WAIT_MS
String #168: http://schemas.android.com/apk/res/android
String #169: https
String #170: image/*
String #171: intent
String #172: intent-filter
String #173: manifest
String #174: me.everything.badger.permission.BADGE_COUNT_READ
String #175: me.everything.badger.permission.BADGE_COUNT_WRITE
String #176: meta-data
String #177: org.unimodules.core.AppLoader#react-native-headless
String #178: package
String #179: permission
String #180: platformBuildVersionCode
String #181: platformBuildVersionName
String #182: provider
String #183: queries
String #184: receiver
String #185: service
String #186: text/*
String #187: uses-permission
String #188: uses-sdk

15:48:47.423 detox[5654] i "/Users/coding/Library/Android/sdk/build-tools/36.1.0/aapt" dump xmlstrings "/Users/coding/Projects/notes_brain/apps/mobile/android/app/build/outputs/apk/androidTest/debug/app-debug-androidTest.apk" AndroidManifest.xml
15:48:47.436 detox[5654] i String pool of 27 unique UTF-16 non-sorted strings, 27 entries and 0 styles using 1120 bytes:
String #0: label
String #1: name
String #2: debuggable
String #3: targetPackage
String #4: handleProfiling
String #5: functionalTest
String #6: minSdkVersion
String #7: targetSdkVersion
String #8: extractNativeLibs
String #9: compileSdkVersion
String #10: compileSdkVersionCodename
String #11: 16
String #12: Tests for com.notesbrain.echo
String #13: android
String #14: android.test.InstrumentationTestRunner
String #15: android.test.runner
String #16: application
String #17: com.notesbrain.echo
String #18: com.notesbrain.echo.test
String #19: http://schemas.android.com/apk/res/android
String #20: instrumentation
String #21: manifest
String #22: package
String #23: platformBuildVersionCode
String #24: platformBuildVersionName
String #25: uses-library
String #26: uses-sdk

15:48:47.436 detox[5654] i "/Users/coding/Library/Android/sdk/platform-tools/adb" -s emulator-5554 shell "rm -fr /data/local/tmp/detox"
15:48:47.475 detox[5654] i 
15:48:47.475 detox[5654] i "/Users/coding/Library/Android/sdk/platform-tools/adb" -s emulator-5554 shell "mkdir -p /data/local/tmp/detox"
15:48:47.507 detox[5654] i 
15:48:47.508 detox[5654] i "/Users/coding/Library/Android/sdk/platform-tools/adb" -s emulator-5554 push "/Users/coding/Projects/notes_brain/apps/mobile/android/app/build/outputs/apk/release/app-release.apk" "/data/local/tmp/detox/Application.apk"
15:48:47.974 detox[5654] i /Users/coding/Projects/notes_brain/apps/mobile/android/app/build/outputs/apk/release/app-release.apk: 1 file pushed, 0 skipped. 302.3 MB/s (102273233 bytes in 0.323s)

15:48:47.975 detox[5654] i /Users/coding/Library/Android/sdk/platform-tools/adb -s emulator-5554 shell pm install -r -g -t /data/local/tmp/detox/Application.apk
15:48:51.317 detox[5654] i Success

15:48:51.320 detox[5654] i /Users/coding/Library/Android/sdk/platform-tools/adb -s emulator-5554 shell pm install -r -g -t /data/local/tmp/detox/Application.apk exited with code #0
15:48:51.320 detox[5654] i "/Users/coding/Library/Android/sdk/platform-tools/adb" -s emulator-5554 push "/Users/coding/Projects/notes_brain/apps/mobile/android/app/build/outputs/apk/androidTest/debug/app-debug-androidTest.apk" "/data/local/tmp/detox/Test.apk"
15:48:51.339 detox[5654] i /Users/coding/Projects/notes_brain/apps/mobile/android/app/build/outputs/apk/androidTest/debug/app-debug-androidTest.apk: 1 file pushed, 0 skipped. 110.0 MB/s (7446 bytes in 0.000s)

15:48:51.340 detox[5654] i /Users/coding/Library/Android/sdk/platform-tools/adb -s emulator-5554 shell pm install -r -g -t /data/local/tmp/detox/Test.apk
15:48:51.706 detox[5654] i Success

15:48:51.708 detox[5654] i /Users/coding/Library/Android/sdk/platform-tools/adb -s emulator-5554 shell pm install -r -g -t /data/local/tmp/detox/Test.apk exited with code #0
15:48:51.708 detox[5654] E installApp
15:48:51.709 detox[5654] B onBeforeLaunchApp
  args: ({"deviceId":"emulator-5554","bundleId":"com.notesbrain.echo","launchArgs":{"detoxServer":"ws://localhost:64818","detoxSessionId":"3905b3e4-a979-358c-bf9c-1ff077bdfab0"}})
15:48:51.709 detox[5654] i "/Users/coding/Library/Android/sdk/platform-tools/adb" -s emulator-5554 shell "date +\"%m-%d %T.000\""
15:48:51.739 detox[5654] i 03-08 15:48:51.000

15:48:51.739 detox[5654] E onBeforeLaunchApp
15:48:51.740 detox[5654] i "/Users/coding/Library/Android/sdk/platform-tools/adb" -s emulator-5554 reverse tcp:64818 tcp:64818
15:48:51.758 detox[5654] i 64818

15:48:51.758 detox[5654] i "/Users/coding/Library/Android/sdk/platform-tools/adb" -s emulator-5554 shell "pm list instrumentation"
15:48:51.805 detox[5654] i instrumentation:com.notesbrain.echo.test/android.test.InstrumentationTestRunner (target=com.notesbrain.echo)

15:48:51.806 detox[5654] i /Users/coding/Library/Android/sdk/platform-tools/adb -s emulator-5554 shell am instrument -w -r -e detoxServer ws://localhost:64818 -e detoxSessionId 3905b3e4-a979-358c-bf9c-1ff077bdfab0 -e debug false com.notesbrain.echo.test/android.test.InstrumentationTestRunner
15:48:52.306 detox[5654] i "/Users/coding/Library/Android/sdk/platform-tools/adb" -s emulator-5554 shell "ps | grep \"com\.notesbrain\.echo$\""
15:48:53.432 detox[5654] i u0_a229       6038   465   16730240 149252 0                   0 R com.notesbrain.echo

15:48:53.432 detox[5654] B onLaunchApp
  args: ({"deviceId":"emulator-5554","bundleId":"com.notesbrain.echo","launchArgs":{"detoxServer":"ws://localhost:64818","detoxSessionId":"3905b3e4-a979-358c-bf9c-1ff077bdfab0"},"pid":6038})
15:48:53.432 detox[5654] i starting ADBLogcatRecording
15:48:53.432 detox[5654] i stopping ADBLogcatRecording
15:48:53.432 detox[5654] i "/Users/coding/Library/Android/sdk/platform-tools/adb" -s emulator-5554 shell "date +\"%m-%d %T.000\""
15:48:53.467 detox[5654] i 03-08 15:48:52.000

15:48:53.469 detox[5654] i sending SIGINT to: /Users/coding/Library/Android/sdk/platform-tools/adb -s emulator-5554 shell logcat -f /sdcard/15484365_0.log
15:48:53.470 detox[5654] i /Users/coding/Library/Android/sdk/platform-tools/adb -s emulator-5554 shell "logcat -f /sdcard/15484365_0.log" terminated with SIGINT
15:48:53.471 detox[5654] i /Users/coding/Library/Android/sdk/platform-tools/adb -s emulator-5554 shell "logcat -T \"03-08 15:48:52.000\" --pid=6038 -f /sdcard/15484365_0.log"
15:48:53.471 detox[5654] E onLaunchApp
15:48:53.772 detox[5654] i "/Users/coding/Library/Android/sdk/platform-tools/adb" -s emulator-5554 shell du /sdcard/15484365_0.log
15:48:53.812 detox[5654] i 8364	/sdcard/15484365_0.log

15:49:11.137 detox[5654] i INSTRUMENTATION_RESULT: shortMsg=Process crashed.
INSTRUMENTATION_CODE: 0

15:49:11.151 detox[5654] i /Users/coding/Library/Android/sdk/platform-tools/adb -s emulator-5554 shell am instrument -w -r -e detoxServer ws://localhost:64818 -e detoxSessionId 3905b3e4-a979-358c-bf9c-1ff077bdfab0 -e debug false com.notesbrain.echo.test/android.test.InstrumentationTestRunner exited with code #0
15:49:11.151 detox[5654] i An error occurred while waiting for the app to become ready. Waiting for disconnection...
  error: Failed to run application on the device
  
  HINT: Most likely, your tests have timed out and called detox.cleanup() while it was waiting for "ready" message (over WebSocket) from the instrumentation process.
15:49:11.151 detox[5654] i The app disconnected.
15:49:11.151 detox[5654] i "/Users/coding/Library/Android/sdk/platform-tools/adb" -s emulator-5554 reverse --remove tcp:64818
15:49:11.152 detox[5654] E launchApp
  error: Failed to run application on the device
  
  HINT: Most likely, your tests have timed out and called detox.cleanup() while it was waiting for "ready" message (over WebSocket) from the instrumentation process.
15:49:11.152 detox[5654] B onHookFailure
  args: ({"error":{"name":"DetoxRuntimeError"},"hook":"beforeEach"})
15:49:11.153 detox[5654] E onHookFailure
15:49:11.153 detox[5654] E beforeEach
  error: Failed to run application on the device
  
  HINT: Most likely, your tests have timed out and called detox.cleanup() while it was waiting for "ready" message (over WebSocket) from the instrumentation process.
15:49:11.153 detox[5654] B test_fn
15:49:11.153 detox[5654] B onTestDone
  args: ({"title":"requests a password reset email from the login screen","fullName":"mobile e2e: password reset requests a password reset email from the login screen","status":"failed","invocations":1,"timedOut":false})
15:49:11.153 detox[5654] i stopping ADBLogcatRecording
15:49:11.153 detox[5654] i "/Users/coding/Library/Android/sdk/platform-tools/adb" -s emulator-5554 shell "date +\"%m-%d %T.000\""
15:49:11.168 detox[5654] i 
15:49:11.188 detox[5654] i 03-08 15:49:10.000

15:49:11.189 detox[5654] i sending SIGINT to: /Users/coding/Library/Android/sdk/platform-tools/adb -s emulator-5554 shell logcat -T "03-08 15:48:52.000" --pid=6038 -f /sdcard/15484365_0.log
15:49:11.190 detox[5654] i /Users/coding/Library/Android/sdk/platform-tools/adb -s emulator-5554 shell "logcat -T \"03-08 15:48:52.000\" --pid=6038 -f /sdcard/15484365_0.log" terminated with SIGINT
15:49:11.191 detox[5654] E onTestDone
15:49:11.191 detox[5654] E test_fn
15:49:11.191 detox[5654] i mobile e2e: password reset: requests a password reset email from the login screen [FAIL]
15:49:11.192 detox[5654] B onRunDescribeFinish
  args: ({"name":"mobile e2e: password reset"})
15:49:11.192 detox[5654] E onRunDescribeFinish
15:49:11.192 detox[5654] E requests a password reset email from the login screen
15:49:11.192 detox[5654] B onRunDescribeFinish
  args: ({"name":"ROOT_DESCRIBE_BLOCK"})
15:49:11.192 detox[5654] E onRunDescribeFinish
15:49:11.192 detox[5654] E mobile e2e: password reset
15:49:11.203 detox[5654] B tear down environment
15:49:11.204 detox[5654] B onBeforeCleanup
  args: ()
15:49:11.204 detox[5654] i saving ADBLogcatRecording to: artifacts/android.emu.release.2026-03-08 22-48-42Z/✗ mobile e2e_ password reset requests a password reset email from the login screen/device.log
15:49:11.204 detox[5654] i "/Users/coding/Library/Android/sdk/platform-tools/adb" -s emulator-5554 pull "/sdcard/15484365_0.log" "artifacts/android.emu.release.2026-03-08 22-48-42Z/✗ mobile e2e_ password reset requests a password reset email from the login screen/device.log"
15:49:11.269 detox[5654] i /sdcard/15484365_0.log: 1 file pulled, 0 skipped. 175.7 MB/s (8581120 bytes in 0.047s)

15:49:11.269 detox[5654] i "/Users/coding/Library/Android/sdk/platform-tools/adb" -s emulator-5554 shell "rm  \"/sdcard/15484365_0.log\""
15:49:11.308 detox[5654] i 
15:49:11.308 detox[5654] i saving FileArtifact to: artifacts/android.emu.release.2026-03-08 22-48-42Z/detox_pid_5654.json.log { append: true }
15:49:11.308 detox[5654] i saving FileArtifact to: artifacts/android.emu.release.2026-03-08 22-48-42Z/detox_pid_5654.log { append: true }
15:49:11.308 detox[5654] E onBeforeCleanup
15:49:11.309 detox[5654] i Detox can't seem to connect to the test app(s)!

HINT: 

The test app might have crashed prematurely, or has had trouble setting up the connection.
Refer to our troubleshooting guide, for full details: https://wix.github.io/Detox/docs/troubleshooting/running-tests#tests-execution-hangs 



15:49:11.310 detox[5647] i tester exited session 3905b3e4-a979-358c-bf9c-1ff077bdfab0
15:49:11.310 detox[5647] E connection :64818<->:64823
15:49:11.310 detox[5647] i received event of :  deallocateDevice {
  deviceCookie: {
    id: 'emulator-5554',
    adbName: 'emulator-5554',
    name: 'emulator-5554 (Medium_Phone_API_36.1)'
  }
}
15:49:11.310 detox[5647] B free: emulator-5554
  data: {}
15:49:11.310 detox[5654] i dispatching event to  primary-5647 /tmp/detox.primary-5647  :  deallocateDevice , {
  deviceCookie: {
    id: 'emulator-5554',
    adbName: 'emulator-5554',
    name: 'emulator-5554 (Medium_Phone_API_36.1)'
  }
}
15:49:11.311 detox[5647] E free: emulator-5554
15:49:11.311 detox[5647] i dispatching event to socket  :  deallocateDeviceDone {}
15:49:11.311 detox[5654] i ## received events ##
15:49:11.311 detox[5654] i detected event deallocateDeviceDone {}
15:49:11.312 detox[5654] E tear down environment
15:49:11.312 detox[5654] E run the tests
15:49:11.314 detox[5654] i dispatching event to  primary-5647 /tmp/detox.primary-5647  :  reportTestResults , {
  testResults: [
    {
      success: false,
      testFilePath: '/Users/coding/Projects/notes_brain/tests/e2e/mobile/specs/password-reset.e2e.js',
      testExecError: undefined,
      isPermanentFailure: false
    }
  ]
}
15:49:11.315 detox[5647] i received event of :  reportTestResults {
  testResults: [
    {
      success: false,
      testFilePath: '/Users/coding/Projects/notes_brain/tests/e2e/mobile/specs/password-reset.e2e.js',
      isPermanentFailure: false
    }
  ]
}
15:49:11.315 detox[5647] i dispatching event to socket  :  reportTestResultsDone {
  testResults: [
    {
      success: false,
      testFilePath: '/Users/coding/Projects/notes_brain/tests/e2e/mobile/specs/password-reset.e2e.js',
      isPermanentFailure: false
    }
  ]
}
15:49:11.315 detox[5647] i broadcasting event to all known sockets listening to  /tmp/detox.primary-5647  :   sessionStateUpdate {
  testResults: [
    {
      success: false,
      testFilePath: '/Users/coding/Projects/notes_brain/tests/e2e/mobile/specs/password-reset.e2e.js',
      isPermanentFailure: false
    }
  ]
}
15:49:11.315 detox[5654] i ## received events ##
15:49:11.315 detox[5654] i detected event reportTestResultsDone {
  testResults: [
    {
      success: false,
      testFilePath: '/Users/coding/Projects/notes_brain/tests/e2e/mobile/specs/password-reset.e2e.js',
      isPermanentFailure: false
    }
  ]
}
15:49:11.316 detox[5647] i socket disconnected secondary-5654
15:49:11.316 detox[5654] i connection closed primary-5647 /tmp/detox.primary-5647 0 tries remaining of 0
15:49:11.316 detox[5654] i secondary-5654 exceeded connection rety amount of  or stopRetrying flag set.
15:49:11.418 detox[5647] E Command failed with exit code = 1:
DETOX_AVD_NAME="Medium_Phone_API_36.1" jest --config tests/e2e/mobile/jest.config.cjs tests/e2e/mobile/specs/password-reset.e2e.js
15:49:11.418 detox[5647] B cleanup
  args: ()
15:49:11.419 detox[5647] E cleanup
15:49:11.419 detox[5647] i Detox server has been closed gracefully
15:49:11.420 detox[5647] E node_modules/.bin/detox test --config-path ./tests/e2e/mobile/detox.config.cjs --configuration android.emu.release tests/e2e/mobile/specs/password-reset.e2e.js --record-logs all
